# fbrl-word subscan training (step 2) — triangle MSE
# epochs=100  batch=32  lr=0.0010  glimpses=3
# triangle: min_base_hw=0.030  max_base_hw=0.200  height=0.300
# noise_x=0.020→0.180  noise_y=0.010→0.080  ramp=60%
epoch   1  mse=0.000179  err_x=0.0107  noise=(0.020,0.010)  lr=0.001000  [8.673772458s]  ETA 856.413408279s
epoch   2  mse=0.000173  err_x=0.0114  noise=(0.023,0.011)  lr=0.001000  [7.245912757s]  ETA 780.407195807s
epoch   3  mse=0.000215  err_x=0.0127  noise=(0.025,0.012)  lr=0.000999  [6.915661162s]  ETA 738.599605004s
epoch   4  mse=0.000259  err_x=0.0138  noise=(0.028,0.014)  lr=0.000998  [7.27085952s]  ETA 725.844137192s
epoch   5  mse=0.000289  err_x=0.0145  noise=(0.031,0.015)  lr=0.000996  [7.269764309s]  ETA 712.767167568s
epoch   6  mse=0.000375  err_x=0.0167  noise=(0.033,0.016)  lr=0.000994  [6.8117229s]  ETA 694.449978193s
epoch   7  mse=0.000337  err_x=0.0152  noise=(0.036,0.017)  lr=0.000991  [6.924407671s]  ETA 680.942347118s
epoch   8  mse=0.000131  err_x=0.0087  noise=(0.039,0.018)  lr=0.000988  [7.944690687s]  ETA 682.249304056s
epoch   9  mse=0.000011  err_x=0.0023  noise=(0.041,0.019)  lr=0.000984  [7.497699969s]  ETA 675.671579732s
epoch  10  mse=0.000005  err_x=0.0016  noise=(0.044,0.021)  lr=0.000980  [7.104080095s]  ETA 665.368071556s
epoch  11  mse=0.000016  err_x=0.0023  noise=(0.047,0.022)  lr=0.000976  [6.998466096s]  ETA 654.790222688s
epoch  12  mse=0.000011  err_x=0.0019  noise=(0.049,0.023)  lr=0.000971  [8.15968134s]  ETA 654.218543847s
epoch  13  mse=0.000004  err_x=0.0012  noise=(0.052,0.024)  lr=0.000965  [8.098706247s]  ETA 651.23724158s
epoch  14  mse=0.000053  err_x=0.0036  noise=(0.055,0.025)  lr=0.000959  [6.800997808s]  ETA 639.552459785s
epoch  15  mse=0.000003  err_x=0.0011  noise=(0.057,0.026)  lr=0.000953  [6.766248829s]  ETA 628.321492195s
epoch  16  mse=0.000004  err_x=0.0013  noise=(0.060,0.028)  lr=0.000946  [6.684036145s]  ETA 617.867862761s
epoch  17  mse=0.000009  err_x=0.0020  noise=(0.063,0.029)  lr=0.000939  [8.150177378s]  ETA 614.39655203s
epoch  18  mse=0.000011  err_x=0.0019  noise=(0.065,0.030)  lr=0.000931  [7.533210037s]  ETA 609.728130367s
epoch  19  mse=0.000019  err_x=0.0023  noise=(0.068,0.031)  lr=0.000923  [8.84200836s]  ETA 608.291637672s
epoch  20  mse=0.000001  err_x=0.0007  noise=(0.071,0.032)  lr=0.000914  [9.160550177s]  ETA 607.134799957s
epoch  21  mse=0.000012  err_x=0.0022  noise=(0.073,0.033)  lr=0.000905  [8.870797627s]  ETA 604.370067778s
epoch  22  mse=0.000007  err_x=0.0017  noise=(0.076,0.035)  lr=0.000896  [7.14652912s]  ETA 594.936919147s
epoch  23  mse=0.000014  err_x=0.0023  noise=(0.079,0.036)  lr=0.000886  [6.79119882s]  ETA 584.513020484s
epoch  24  mse=0.000010  err_x=0.0018  noise=(0.081,0.037)  lr=0.000876  [7.073251307s]  ETA 575.703108152s
epoch  25  mse=0.000017  err_x=0.0027  noise=(0.084,0.038)  lr=0.000866  [6.827489215s]  ETA 565.888139963s
epoch  26  mse=0.000006  err_x=0.0016  noise=(0.087,0.039)  lr=0.000855  [7.103678987s]  ETA 558.451120597s
epoch  27  mse=0.000014  err_x=0.0026  noise=(0.089,0.040)  lr=0.000844  [6.466302223s]  ETA 547.986239469s
epoch  28  mse=0.000009  err_x=0.0021  noise=(0.092,0.042)  lr=0.000832  [6.52552023s]  ETA 537.757978576s
epoch  29  mse=0.000018  err_x=0.0026  noise=(0.095,0.043)  lr=0.000821  [7.152832484s]  ETA 529.518013s
epoch  30  mse=0.000011  err_x=0.0022  noise=(0.097,0.044)  lr=0.000808  [9.191064882s]  ETA 526.10607783s
epoch  31  mse=0.000006  err_x=0.0018  noise=(0.100,0.045)  lr=0.000796  [6.942348496s]  ETA 517.315575s
epoch  32  mse=0.000031  err_x=0.0032  noise=(0.103,0.046)  lr=0.000783  [6.906246575s]  ETA 508.828452438s
epoch  33  mse=0.000010  err_x=0.0022  noise=(0.105,0.047)  lr=0.000770  [8.200981394s]  ETA 502.805541848s
epoch  34  mse=0.000005  err_x=0.0015  noise=(0.108,0.049)  lr=0.000757  [7.251093087s]  ETA 494.810862864s
epoch  35  mse=0.000008  err_x=0.0020  noise=(0.111,0.050)  lr=0.000743  [7.283856157s]  ETA 486.91917307s
epoch  36  mse=0.000009  err_x=0.0021  noise=(0.113,0.051)  lr=0.000730  [6.694763191s]  ETA 478.238863203s
epoch  37  mse=0.000011  err_x=0.0024  noise=(0.116,0.052)  lr=0.000716  [6.797789494s]  ETA 469.619104714s
epoch  38  mse=0.000010  err_x=0.0022  noise=(0.119,0.053)  lr=0.000702  [7.469775745s]  ETA 462.191415912s
epoch  39  mse=0.000028  err_x=0.0033  noise=(0.121,0.054)  lr=0.000687  [8.048082489s]  ETA 455.666138759s
epoch  40  mse=0.000005  err_x=0.0016  noise=(0.124,0.056)  lr=0.000673  [6.718810994s]  ETA 447.28701067s
epoch  41  mse=0.000009  err_x=0.0021  noise=(0.127,0.057)  lr=0.000658  [7.34931501s]  ETA 439.681745657s
epoch  42  mse=0.000012  err_x=0.0024  noise=(0.129,0.058)  lr=0.000643  [6.713854849s]  ETA 431.210910036s
epoch  43  mse=0.000024  err_x=0.0032  noise=(0.132,0.059)  lr=0.000628  [6.707358501s]  ETA 422.813262163s
epoch  44  mse=0.000006  err_x=0.0018  noise=(0.135,0.060)  lr=0.000613  [6.659385584s]  ETA 414.43156147s
epoch  45  mse=0.000007  err_x=0.0020  noise=(0.137,0.061)  lr=0.000598  [6.825821012s]  ETA 406.482706149s
epoch  46  mse=0.000010  err_x=0.0021  noise=(0.140,0.062)  lr=0.000582  [6.74821038s]  ETA 398.338970226s
epoch  47  mse=0.000010  err_x=0.0022  noise=(0.143,0.064)  lr=0.000567  [8.081570503s]  ETA 391.7582435s
epoch  48  mse=0.000019  err_x=0.0028  noise=(0.145,0.065)  lr=0.000552  [7.883133685s]  ETA 384.899855793s
epoch  49  mse=0.000010  err_x=0.0023  noise=(0.148,0.066)  lr=0.000536  [7.768675746s]  ETA 378.013221853s
epoch  50  mse=0.000012  err_x=0.0025  noise=(0.151,0.067)  lr=0.000521  [7.024846135s]  ETA 370.214835167s
epoch  51  mse=0.000006  err_x=0.0018  noise=(0.153,0.068)  lr=0.000505  [7.376036981s]  ETA 362.787080606s
epoch  52  mse=0.000035  err_x=0.0034  noise=(0.156,0.070)  lr=0.000489  [8.297471705s]  ETA 356.209052599s
epoch  53  mse=0.000005  err_x=0.0016  noise=(0.159,0.071)  lr=0.000474  [8.179262712s]  ETA 349.57453151s
epoch  54  mse=0.000005  err_x=0.0015  noise=(0.161,0.072)  lr=0.000458  [6.674368688s]  ETA 341.48741459s
epoch  55  mse=0.000008  err_x=0.0020  noise=(0.164,0.073)  lr=0.000443  [6.625406907s]  ETA 333.411366398s
epoch  56  mse=0.000006  err_x=0.0018  noise=(0.167,0.074)  lr=0.000428  [8.817269955s]  ETA 327.109309452s
epoch  57  mse=0.000016  err_x=0.0025  noise=(0.169,0.075)  lr=0.000412  [9.212402946s]  ETA 321.113284232s
epoch  58  mse=0.000019  err_x=0.0026  noise=(0.172,0.076)  lr=0.000397  [9.404597269s]  ETA 315.048681884s
epoch  59  mse=0.000007  err_x=0.0017  noise=(0.175,0.078)  lr=0.000382  [8.220715161s]  ETA 308.048093153s
epoch  60  mse=0.000011  err_x=0.0023  noise=(0.177,0.079)  lr=0.000367  [6.978030154s]  ETA 300.263534546s
epoch  61  mse=0.000014  err_x=0.0025  noise=(0.180,0.080)  lr=0.000352  [7.033391805s]  ETA 292.454924771s
epoch  62  mse=0.000023  err_x=0.0030  noise=(0.180,0.080)  lr=0.000337  [7.081537716s]  ETA 284.700870691s
epoch  63  mse=0.000004  err_x=0.0013  noise=(0.180,0.080)  lr=0.000323  [7.615600049s]  ETA 277.281732177s
epoch  64  mse=0.000005  err_x=0.0015  noise=(0.180,0.080)  lr=0.000308  [8.424421445s]  ETA 270.383559912s
epoch  65  mse=0.000004  err_x=0.0014  noise=(0.180,0.080)  lr=0.000294  [8.360201651s]  ETA 263.330837543s
epoch  66  mse=0.000004  err_x=0.0015  noise=(0.180,0.080)  lr=0.000280  [8.966748615s]  ETA 256.550922199s
epoch  67  mse=0.000005  err_x=0.0015  noise=(0.180,0.080)  lr=0.000267  [8.444627381s]  ETA 249.448623034s
epoch  68  mse=0.000004  err_x=0.0013  noise=(0.180,0.080)  lr=0.000253  [10.004820217s]  ETA 243.10156452s
epoch  69  mse=0.000011  err_x=0.0020  noise=(0.180,0.080)  lr=0.000240  [8.297976049s]  ETA 235.819951845s
epoch  70  mse=0.000001  err_x=0.0008  noise=(0.180,0.080)  lr=0.000227  [8.935605464s]  ETA 228.782595226s
epoch  71  mse=0.000001  err_x=0.0009  noise=(0.180,0.080)  lr=0.000214  [7.986730904s]  ETA 221.355319799s
epoch  72  mse=0.000001  err_x=0.0008  noise=(0.180,0.080)  lr=0.000202  [6.863936021s]  ETA 213.423626516s
epoch  73  mse=0.000002  err_x=0.0009  noise=(0.180,0.080)  lr=0.000189  [6.703440238s]  ETA 205.461806363s
epoch  74  mse=0.000002  err_x=0.0010  noise=(0.180,0.080)  lr=0.000178  [6.654762929s]  ETA 197.516888258s
epoch  75  mse=0.000001  err_x=0.0008  noise=(0.180,0.080)  lr=0.000166  [6.657336507s]  ETA 189.649769783s
epoch  76  mse=0.000001  err_x=0.0007  noise=(0.180,0.080)  lr=0.000155  [6.778256526s]  ETA 181.809952912s
epoch  77  mse=0.000001  err_x=0.0007  noise=(0.180,0.080)  lr=0.000144  [6.839000366s]  ETA 174.014809958s
epoch  78  mse=0.000001  err_x=0.0008  noise=(0.180,0.080)  lr=0.000134  [7.178431596s]  ETA 166.339916211s
epoch  79  mse=0.000001  err_x=0.0007  noise=(0.180,0.080)  lr=0.000124  [6.937496678s]  ETA 158.613569643s
epoch  80  mse=0.000000  err_x=0.0005  noise=(0.180,0.080)  lr=0.000114  [7.146188165s]  ETA 150.991152823s
epoch  81  mse=0.000001  err_x=0.0007  noise=(0.180,0.080)  lr=0.000105  [6.929410941s]  ETA 143.296322004s
epoch  82  mse=0.000001  err_x=0.0006  noise=(0.180,0.080)  lr=0.000096  [6.830901055s]  ETA 135.59851372s
epoch  83  mse=0.000000  err_x=0.0005  noise=(0.180,0.080)  lr=0.000087  [6.677575775s]  ETA 127.890176322s
epoch  84  mse=0.000000  err_x=0.0005  noise=(0.180,0.080)  lr=0.000079  [6.695484708s]  ETA 120.234696752s
epoch  85  mse=0.000000  err_x=0.0005  noise=(0.180,0.080)  lr=0.000071  [7.415718875s]  ETA 112.702789138s
epoch  86  mse=0.000000  err_x=0.0004  noise=(0.180,0.080)  lr=0.000064  [6.409181235s]  ETA 105.009608263s
epoch  87  mse=0.000000  err_x=0.0004  noise=(0.180,0.080)  lr=0.000057  [6.569723034s]  ETA 97.369930262s
epoch  88  mse=0.000000  err_x=0.0004  noise=(0.180,0.080)  lr=0.000051  [8.501660517s]  ETA 90.034714547s
epoch  89  mse=0.000000  err_x=0.0004  noise=(0.180,0.080)  lr=0.000045  [8.380007652s]  ETA 82.640345608s
epoch  90  mse=0.000000  err_x=0.0003  noise=(0.180,0.080)  lr=0.000039  [6.94860956s]  ETA 75.064992057s
epoch  91  mse=0.000000  err_x=0.0004  noise=(0.180,0.080)  lr=0.000034  [7.117686928s]  ETA 67.520119303s
epoch  92  mse=0.000000  err_x=0.0003  noise=(0.180,0.080)  lr=0.000030  [7.35245176s]  ETA 60.016555641s
epoch  93  mse=0.000000  err_x=0.0003  noise=(0.180,0.080)  lr=0.000026  [6.489454494s]  ETA 52.438338687s
epoch  94  mse=0.000000  err_x=0.0003  noise=(0.180,0.080)  lr=0.000022  [7.150545967s]  ETA 44.925456854s
epoch  95  mse=0.000000  err_x=0.0003  noise=(0.180,0.080)  lr=0.000019  [6.421400915s]  ETA 37.381811305s
epoch  96  mse=0.000000  err_x=0.0003  noise=(0.180,0.080)  lr=0.000016  [6.337451204s]  ETA 29.858030617s
epoch  97  mse=0.000000  err_x=0.0003  noise=(0.180,0.080)  lr=0.000014  [6.799562135s]  ETA 22.3769302s
epoch  98  mse=0.000000  err_x=0.0003  noise=(0.180,0.080)  lr=0.000012  [6.706834673s]  ETA 14.902622286s
epoch  99  mse=0.000000  err_x=0.0003  noise=(0.180,0.080)  lr=0.000011  [6.48925603s]  ETA 7.441602493s
epoch 100  mse=0.000000  err_x=0.0003  noise=(0.180,0.080)  lr=0.000010  [7.130414755s]  ETA 0ns
