# fbrl letter training
# epochs=100  batch=52  lr=0.0010→0.0000  scan=1  read=6
epoch   1  ltr=3.2617(4%)  case=0.6943(51%)  recon=0.0255  recode=0.0271  content=0.6942  guide=-1.2789  void=-1.8744  div=0.0750  hit=35%  lr=0.001000  [18.448285847s]  ETA 1824.077284813s
epoch   2  ltr=2.5754(19%)  case=0.6105(68%)  recon=0.0188  recode=0.0194  content=0.6884  guide=-1.2796  void=-1.9317  div=0.0417  hit=38%  lr=0.001000  [16.685976247s]  ETA 1855.914311647s
epoch   3  ltr=1.4472(50%)  case=0.4739(77%)  recon=0.0170  recode=0.0177  content=0.5256  guide=-1.2766  void=-1.9363  div=0.0347  hit=37%  lr=0.000999  [17.26341465s]  ETA 1870.96535031s
epoch   4  ltr=0.7690(72%)  case=0.3259(85%)  recon=0.0162  recode=0.0163  content=0.3459  guide=-1.2780  void=-1.9390  div=0.0361  hit=37%  lr=0.000998  [16.541395204s]  ETA 1785.778181076s
epoch   5  ltr=0.4717(83%)  case=0.1988(92%)  recon=0.0158  recode=0.0155  content=0.2150  guide=-1.2812  void=-1.9556  div=0.0393  hit=39%  lr=0.000996  [16.025564962s]  ETA 1770.121586084s
epoch   6  ltr=0.3330(88%)  case=0.1223(95%)  recon=0.0157  recode=0.0151  content=0.1760  guide=-1.2816  void=-1.9577  div=0.0359  hit=40%  lr=0.000994  [16.196566319s]  ETA 1713.333984454s
epoch   7  ltr=0.2526(92%)  case=0.0923(96%)  recon=0.0154  recode=0.0146  content=0.1492  guide=-1.2823  void=-1.9607  div=0.0326  hit=39%  lr=0.000991  [16.405336305s]  ETA 1707.168302229s
epoch   8  ltr=0.1949(94%)  case=0.0725(97%)  recon=0.0151  recode=0.0141  content=0.1854  guide=-1.2804  void=-1.9605  div=0.0319  hit=40%  lr=0.000988  [16.761883656s]  ETA 1670.484414816s
epoch   9  ltr=0.1395(95%)  case=0.0618(97%)  recon=0.0135  recode=0.0125  content=0.0843  guide=-1.2846  void=-1.9625  div=0.0286  hit=40%  lr=0.000984  [15.783066733s]  ETA 1655.909580469s
epoch  10  ltr=0.1410(95%)  case=0.0650(98%)  recon=0.0124  recode=0.0113  content=0.1041  guide=-1.2849  void=-1.9662  div=0.0282  hit=40%  lr=0.000980  [16.152249858s]  ETA 1619.323770046s
epoch  11  ltr=0.1357(95%)  case=0.0482(98%)  recon=0.0120  recode=0.0107  content=0.1673  guide=-1.2830  void=-1.9671  div=0.0297  hit=40%  lr=0.000976  [15.673633205s]  ETA 1604.647599567s
epoch  12  ltr=0.1180(96%)  case=0.0477(98%)  recon=0.0115  recode=0.0103  content=0.1546  guide=-1.2817  void=-1.9707  div=0.0285  hit=40%  lr=0.000970  [15.77224779s]  ETA 1570.074154377s
epoch  13  ltr=0.0858(97%)  case=0.0260(99%)  recon=0.0109  recode=0.0095  content=0.1258  guide=-1.2829  void=-1.9695  div=0.0280  hit=41%  lr=0.000965  [16.391183267s]  ETA 1560.788434377s
epoch  14  ltr=0.1157(96%)  case=0.0511(98%)  recon=0.0107  recode=0.0094  content=0.0881  guide=-1.2853  void=-1.9707  div=0.0246  hit=40%  lr=0.000959  [16.089985821s]  ETA 1531.489164557s
epoch  15  ltr=0.0900(97%)  case=0.0357(99%)  recon=0.0106  recode=0.0091  content=0.0975  guide=-1.2845  void=-1.9722  div=0.0270  hit=40%  lr=0.000952  [16.015605577s]  ETA 1518.985075394s
epoch  16  ltr=0.0634(98%)  case=0.0218(99%)  recon=0.0099  recode=0.0084  content=0.0801  guide=-1.2849  void=-1.9707  div=0.0224  hit=39%  lr=0.000946  [16.286230032s]  ETA 1507.133918166s
epoch  17  ltr=0.0675(98%)  case=0.0216(99%)  recon=0.0097  recode=0.0083  content=0.0802  guide=-1.2851  void=-1.9742  div=0.0217  hit=39%  lr=0.000938  [16.060418047s]  ETA 1480.008736596s
epoch  18  ltr=0.0510(98%)  case=0.0204(99%)  recon=0.0093  recode=0.0078  content=0.0773  guide=-1.2854  void=-1.9765  div=0.0214  hit=40%  lr=0.000930  [15.932322129s]  ETA 1465.95074598s
epoch  19  ltr=0.0411(99%)  case=0.0192(99%)  recon=0.0093  recode=0.0078  content=0.0708  guide=-1.2866  void=-1.9744  div=0.0212  hit=40%  lr=0.000922  [16.088371848s]  ETA 1440.44973519s
epoch  20  ltr=0.0499(99%)  case=0.0134(99%)  recon=0.0091  recode=0.0076  content=0.0856  guide=-1.2851  void=-1.9744  div=0.0204  hit=39%  lr=0.000914  [15.881992342s]  ETA 1425.974793434s
epoch  21  ltr=0.0583(98%)  case=0.0178(99%)  recon=0.0091  recode=0.0075  content=0.1040  guide=-1.2857  void=-1.9777  div=0.0204  hit=41%  lr=0.000905  [15.683276342s]  ETA 1400.097737437s
epoch  22  ltr=0.0411(99%)  case=0.0158(99%)  recon=0.0088  recode=0.0072  content=0.0533  guide=-1.2878  void=-1.9775  div=0.0193  hit=39%  lr=0.000895  [15.491879914s]  ETA 1384.139727116s
epoch  23  ltr=0.0442(99%)  case=0.0107(100%)  recon=0.0086  recode=0.0070  content=0.0643  guide=-1.2867  void=-1.9773  div=0.0189  hit=39%  lr=0.000885  [15.893698434s]  ETA 1360.198319456s
epoch  24  ltr=0.0374(99%)  case=0.0149(100%)  recon=0.0084  recode=0.0067  content=0.0413  guide=-1.2876  void=-1.9781  div=0.0175  hit=39%  lr=0.000875  [15.754711157s]  ETA 1345.125128786s
epoch  25  ltr=0.0287(99%)  case=0.0083(100%)  recon=0.0082  recode=0.0064  content=0.0575  guide=-1.2874  void=-1.9773  div=0.0163  hit=39%  lr=0.000864  [15.572870966s]  ETA 1321.050190687s
epoch  26  ltr=0.0313(99%)  case=0.0165(100%)  recon=0.0084  recode=0.0067  content=0.0569  guide=-1.2866  void=-1.9808  div=0.0172  hit=39%  lr=0.000854  [15.611648111s]  ETA 1305.503942545s
epoch  27  ltr=0.0312(99%)  case=0.0048(100%)  recon=0.0080  recode=0.0063  content=0.0645  guide=-1.2871  void=-1.9814  div=0.0156  hit=39%  lr=0.000842  [15.715884971s]  ETA 1282.657095079s
epoch  28  ltr=0.0364(99%)  case=0.0178(100%)  recon=0.0083  recode=0.0065  content=0.0912  guide=-1.2870  void=-1.9765  div=0.0172  hit=40%  lr=0.000831  [15.532287623s]  ETA 1266.862054416s
epoch  29  ltr=0.0315(99%)  case=0.0106(100%)  recon=0.0081  recode=0.0064  content=0.0574  guide=-1.2879  void=-1.9816  div=0.0170  hit=40%  lr=0.000819  [15.675394303s]  ETA 1244.568314528s
epoch  30  ltr=0.0151(99%)  case=0.0072(100%)  recon=0.0075  recode=0.0057  content=0.0573  guide=-1.2863  void=-1.9867  div=0.0144  hit=39%  lr=0.000806  [15.765338058s]  ETA 1229.29087313s
epoch  31  ltr=0.0235(99%)  case=0.0111(100%)  recon=0.0077  recode=0.0058  content=0.0650  guide=-1.2873  void=-1.9855  div=0.0157  hit=39%  lr=0.000794  [15.853037176s]  ETA 1207.929212532s
epoch  32  ltr=0.0285(99%)  case=0.0045(100%)  recon=0.0074  recode=0.0055  content=0.0376  guide=-1.2887  void=-1.9844  div=0.0144  hit=39%  lr=0.000781  [15.744592088s]  ETA 1192.478272617s
epoch  33  ltr=0.0211(99%)  case=0.0032(100%)  recon=0.0072  recode=0.0053  content=0.0466  guide=-1.2876  void=-1.9872  div=0.0135  hit=38%  lr=0.000768  [15.7773769s]  ETA 1171.376956882s
epoch  34  ltr=0.0184(99%)  case=0.0054(100%)  recon=0.0074  recode=0.0055  content=0.0600  guide=-1.2880  void=-1.9859  div=0.0144  hit=39%  lr=0.000755  [16.159372897s]  ETA 1156.620264572s
epoch  35  ltr=0.0389(99%)  case=0.0232(99%)  recon=0.0078  recode=0.0060  content=0.0417  guide=-1.2886  void=-1.9848  div=0.0152  hit=39%  lr=0.000741  [15.771847574s]  ETA 1140.908669267s
epoch  36  ltr=0.0210(99%)  case=0.0071(100%)  recon=0.0075  recode=0.0057  content=0.0432  guide=-1.2883  void=-1.9850  div=0.0143  hit=39%  lr=0.000727  [16.060740529s]  ETA 1120.705806732s
epoch  37  ltr=0.0194(99%)  case=0.0072(100%)  recon=0.0069  recode=0.0049  content=0.0390  guide=-1.2891  void=-1.9850  div=0.0123  hit=37%  lr=0.000713  [15.652004303s]  ETA 1104.675198091s
epoch  38  ltr=0.0124(100%)  case=0.0034(100%)  recon=0.0069  recode=0.0049  content=0.0325  guide=-1.2890  void=-1.9869  div=0.0110  hit=35%  lr=0.000699  [15.400480953s]  ETA 1083.660440457s
epoch  39  ltr=0.0173(99%)  case=0.0014(100%)  recon=0.0068  recode=0.0048  content=0.0313  guide=-1.2892  void=-1.9863  div=0.0114  hit=35%  lr=0.000684  [15.865107915s]  ETA 1067.92634629s
epoch  40  ltr=0.0105(100%)  case=0.0019(100%)  recon=0.0069  recode=0.0049  content=0.0404  guide=-1.2890  void=-1.9892  div=0.0113  hit=36%  lr=0.000669  [15.962696294s]  ETA 1048.10453403s
epoch  41  ltr=0.0111(100%)  case=0.0025(100%)  recon=0.0065  recode=0.0046  content=0.0346  guide=-1.2887  void=-1.9890  div=0.0102  hit=34%  lr=0.000655  [15.918096766s]  ETA 1032.331720114s
epoch  42  ltr=0.0172(100%)  case=0.0055(100%)  recon=0.0068  recode=0.0049  content=0.0431  guide=-1.2887  void=-1.9862  div=0.0108  hit=36%  lr=0.000639  [15.4729758s]  ETA 1012.040843419s
epoch  43  ltr=0.0118(100%)  case=0.0025(100%)  recon=0.0066  recode=0.0046  content=0.0341  guide=-1.2889  void=-1.9890  div=0.0103  hit=34%  lr=0.000624  [15.542837158s]  ETA 995.682173052s
epoch  44  ltr=0.0161(100%)  case=0.0020(100%)  recon=0.0065  recode=0.0043  content=0.0250  guide=-1.2894  void=-1.9876  div=0.0105  hit=35%  lr=0.000609  [15.785771079s]  ETA 976.074051727s
epoch  45  ltr=0.0069(100%)  case=0.0006(100%)  recon=0.0062  recode=0.0040  content=0.0192  guide=-1.2897  void=-1.9874  div=0.0093  hit=34%  lr=0.000594  [15.634504794s]  ETA 959.78545324s
epoch  46  ltr=0.0195(99%)  case=0.0061(100%)  recon=0.0067  recode=0.0048  content=0.0415  guide=-1.2897  void=-1.9862  div=0.0103  hit=35%  lr=0.000578  [15.846624643s]  ETA 940.453083919s
epoch  47  ltr=0.0084(100%)  case=0.0042(100%)  recon=0.0061  recode=0.0039  content=0.0449  guide=-1.2891  void=-1.9886  div=0.0101  hit=35%  lr=0.000563  [15.461826766s]  ETA 923.910683135s
epoch  48  ltr=0.0072(100%)  case=0.0002(100%)  recon=0.0059  recode=0.0035  content=0.0391  guide=-1.2891  void=-1.9888  div=0.0081  hit=32%  lr=0.000547  [15.508321958s]  ETA 904.395237525s
epoch  49  ltr=0.0114(100%)  case=0.0037(100%)  recon=0.0061  recode=0.0039  content=0.0320  guide=-1.2891  void=-1.9902  div=0.0086  hit=33%  lr=0.000531  [15.595544133s]  ETA 887.973375919s
epoch  50  ltr=0.0083(100%)  case=0.0042(100%)  recon=0.0059  recode=0.0037  content=0.0552  guide=-1.2885  void=-1.9915  div=0.0087  hit=33%  lr=0.000516  [15.509096174s]  ETA 868.660893679s
epoch  51  ltr=0.0085(100%)  case=0.0090(100%)  recon=0.0059  recode=0.0035  content=0.0249  guide=-1.2900  void=-1.9871  div=0.0080  hit=32%  lr=0.000500  [16.507059668s]  ETA 853.494626807s
epoch  52  ltr=0.0023(100%)  case=0.0002(100%)  recon=0.0055  recode=0.0030  content=0.0199  guide=-1.2907  void=-1.9873  div=0.0068  hit=30%  lr=0.000484  [15.529525069s]  ETA 834.333791366s
epoch  53  ltr=0.0028(100%)  case=0.0001(100%)  recon=0.0054  recode=0.0028  content=0.0229  guide=-1.2902  void=-1.9881  div=0.0062  hit=29%  lr=0.000469  [15.75235441s]  ETA 817.926615904s
epoch  54  ltr=0.0027(100%)  case=0.0000(100%)  recon=0.0053  recode=0.0027  content=0.0345  guide=-1.2900  void=-1.9880  div=0.0062  hit=29%  lr=0.000453  [15.570788668s]  ETA 801.287891388s
epoch  55  ltr=0.0072(100%)  case=0.0001(100%)  recon=0.0053  recode=0.0027  content=0.0190  guide=-1.2896  void=-1.9897  div=0.0060  hit=30%  lr=0.000437  [15.575223771s]  ETA 782.36054635s
epoch  56  ltr=0.0033(100%)  case=0.0045(100%)  recon=0.0055  recode=0.0029  content=0.0218  guide=-1.2899  void=-1.9894  div=0.0065  hit=32%  lr=0.000422  [15.484555941s]  ETA 765.624788182s
epoch  57  ltr=0.0143(100%)  case=0.0039(100%)  recon=0.0063  recode=0.0041  content=0.0177  guide=-1.2905  void=-1.9864  div=0.0090  hit=34%  lr=0.000406  [15.691901796s]  ETA 746.936079582s
epoch  58  ltr=0.0021(100%)  case=0.0005(100%)  recon=0.0054  recode=0.0028  content=0.0244  guide=-1.2899  void=-1.9905  div=0.0069  hit=31%  lr=0.000391  [15.667742256s]  ETA 730.308366907s
epoch  59  ltr=0.0016(100%)  case=0.0001(100%)  recon=0.0051  recode=0.0025  content=0.0169  guide=-1.2900  void=-1.9917  div=0.0062  hit=30%  lr=0.000376  [15.631429474s]  ETA 711.699776561s
epoch  60  ltr=0.0004(100%)  case=0.0009(100%)  recon=0.0049  recode=0.0022  content=0.0148  guide=-1.2898  void=-1.9925  div=0.0055  hit=28%  lr=0.000361  [16.095777037s]  ETA 695.319622358s
epoch  61  ltr=0.0003(100%)  case=0.0001(100%)  recon=0.0049  recode=0.0021  content=0.0239  guide=-1.2901  void=-1.9906  div=0.0055  hit=28%  lr=0.000345  [15.449379s]  ETA 676.700965276s
epoch  62  ltr=0.0002(100%)  case=0.0000(100%)  recon=0.0047  recode=0.0019  content=0.0214  guide=-1.2897  void=-1.9927  div=0.0048  hit=27%  lr=0.000331  [16.243387752s]  ETA 660.342069249s
epoch  63  ltr=0.0009(100%)  case=0.0000(100%)  recon=0.0048  recode=0.0019  content=0.0245  guide=-1.2901  void=-1.9921  div=0.0047  hit=27%  lr=0.000316  [15.916946443s]  ETA 642.107531294s
epoch  64  ltr=0.0003(100%)  case=0.0008(100%)  recon=0.0049  recode=0.0021  content=0.0264  guide=-1.2899  void=-1.9928  div=0.0054  hit=28%  lr=0.000301  [16.051624475s]  ETA 625.555422217s
epoch  65  ltr=0.0015(100%)  case=0.0002(100%)  recon=0.0047  recode=0.0018  content=0.0127  guide=-1.2904  void=-1.9929  div=0.0048  hit=28%  lr=0.000287  [16.19302075s]  ETA 607.542172139s
epoch  66  ltr=0.0016(100%)  case=0.0005(100%)  recon=0.0049  recode=0.0020  content=0.0122  guide=-1.2907  void=-1.9918  div=0.0054  hit=28%  lr=0.000273  [15.56592805s]  ETA 590.666335951s
epoch  67  ltr=0.0001(100%)  case=0.0000(100%)  recon=0.0045  recode=0.0014  content=0.0095  guide=-1.2902  void=-1.9934  div=0.0043  hit=26%  lr=0.000259  [15.539975971s]  ETA 572.391713246s
epoch  68  ltr=0.0013(100%)  case=0.0001(100%)  recon=0.0047  recode=0.0017  content=0.0083  guide=-1.2904  void=-1.9935  div=0.0048  hit=28%  lr=0.000245  [16.535763577s]  ETA 555.951584199s
epoch  69  ltr=0.0001(100%)  case=0.0000(100%)  recon=0.0045  recode=0.0014  content=0.0089  guide=-1.2910  void=-1.9915  div=0.0042  hit=26%  lr=0.000232  [16.418377245s]  ETA 538.149379022s
epoch  70  ltr=0.0001(100%)  case=0.0000(100%)  recon=0.0043  recode=0.0011  content=0.0100  guide=-1.2912  void=-1.9908  div=0.0038  hit=25%  lr=0.000219  [16.285413376s]  ETA 521.498754604s
epoch  71  ltr=0.0000(100%)  case=0.0000(100%)  recon=0.0043  recode=0.0011  content=0.0112  guide=-1.2905  void=-1.9935  div=0.0037  hit=26%  lr=0.000206  [16.273690785s]  ETA 504.77671861s
epoch  72  ltr=0.0001(100%)  case=0.0000(100%)  recon=0.0043  recode=0.0011  content=0.0079  guide=-1.2903  void=-1.9937  div=0.0037  hit=25%  lr=0.000194  [15.993849716s]  ETA 486.821914633s
epoch  73  ltr=0.0005(100%)  case=0.0004(100%)  recon=0.0044  recode=0.0012  content=0.0054  guide=-1.2903  void=-1.9938  div=0.0040  hit=25%  lr=0.000181  [16.025461929s]  ETA 469.941268013s
epoch  74  ltr=0.0000(100%)  case=0.0000(100%)  recon=0.0042  recode=0.0009  content=0.0058  guide=-1.2903  void=-1.9940  div=0.0035  hit=24%  lr=0.000169  [16.271705379s]  ETA 452.138080236s
epoch  75  ltr=0.0000(100%)  case=0.0000(100%)  recon=0.0042  recode=0.0008  content=0.0054  guide=-1.2904  void=-1.9940  div=0.0033  hit=24%  lr=0.000158  [16.830761707s]  ETA 435.471375148s
epoch  76  ltr=0.0000(100%)  case=0.0000(100%)  recon=0.0042  recode=0.0008  content=0.0070  guide=-1.2905  void=-1.9938  div=0.0031  hit=24%  lr=0.000146  [16.535713253s]  ETA 417.773926133s
epoch  77  ltr=0.0000(100%)  case=0.0000(100%)  recon=0.0042  recode=0.0009  content=0.0049  guide=-1.2906  void=-1.9937  div=0.0032  hit=24%  lr=0.000136  [16.036523238s]  ETA 400.772276389s
epoch  78  ltr=0.0000(100%)  case=0.0000(100%)  recon=0.0042  recode=0.0008  content=0.0054  guide=-1.2911  void=-1.9931  div=0.0031  hit=24%  lr=0.000125  [15.444570173s]  ETA 382.789154468s
epoch  79  ltr=0.0000(100%)  case=0.0000(100%)  recon=0.0041  recode=0.0007  content=0.0057  guide=-1.2906  void=-1.9936  div=0.0031  hit=23%  lr=0.000115  [16.19209015s]  ETA 365.793157475s
epoch  80  ltr=0.0000(100%)  case=0.0000(100%)  recon=0.0041  recode=0.0007  content=0.0063  guide=-1.2905  void=-1.9941  div=0.0028  hit=22%  lr=0.000105  [15.938954112s]  ETA 348.004794955s
epoch  81  ltr=0.0000(100%)  case=0.0000(100%)  recon=0.0041  recode=0.0007  content=0.0037  guide=-1.2906  void=-1.9942  div=0.0030  hit=23%  lr=0.000095  [15.516728054s]  ETA 330.803462694s
epoch  82  ltr=0.0000(100%)  case=0.0000(100%)  recon=0.0041  recode=0.0006  content=0.0036  guide=-1.2907  void=-1.9940  div=0.0028  hit=23%  lr=0.000086  [16.245337133s]  ETA 313.137141937s
epoch  83  ltr=0.0000(100%)  case=0.0000(100%)  recon=0.0040  recode=0.0006  content=0.0037  guide=-1.2907  void=-1.9942  div=0.0027  hit=22%  lr=0.000078  [15.819912281s]  ETA 295.976637435s
epoch  84  ltr=0.0000(100%)  case=0.0000(100%)  recon=0.0040  recode=0.0006  content=0.0027  guide=-1.2907  void=-1.9942  div=0.0025  hit=22%  lr=0.000070  [15.967643995s]  ETA 278.810807364s
epoch  85  ltr=0.0000(100%)  case=0.0000(100%)  recon=0.0040  recode=0.0006  content=0.0040  guide=-1.2907  void=-1.9944  div=0.0025  hit=22%  lr=0.000062  [15.766899323s]  ETA 261.092580262s
epoch  86  ltr=0.0000(100%)  case=0.0000(100%)  recon=0.0040  recode=0.0005  content=0.0029  guide=-1.2909  void=-1.9940  div=0.0024  hit=22%  lr=0.000054  [15.508688348s]  ETA 243.822082675s
epoch  87  ltr=0.0000(100%)  case=0.0000(100%)  recon=0.0040  recode=0.0005  content=0.0028  guide=-1.2908  void=-1.9942  div=0.0024  hit=21%  lr=0.000048  [15.801566231s]  ETA 226.165175416s
epoch  88  ltr=0.0000(100%)  case=0.0000(100%)  recon=0.0040  recode=0.0005  content=0.0031  guide=-1.2907  void=-1.9944  div=0.0023  hit=21%  lr=0.000041  [16.584741924s]  ETA 209.029337753s
epoch  89  ltr=0.0000(100%)  case=0.0000(100%)  recon=0.0040  recode=0.0005  content=0.0035  guide=-1.2908  void=-1.9943  div=0.0024  hit=21%  lr=0.000035  [16.508524775s]  ETA 191.497819713s
epoch  90  ltr=0.0000(100%)  case=0.0000(100%)  recon=0.0040  recode=0.0005  content=0.0022  guide=-1.2908  void=-1.9943  div=0.0023  hit=21%  lr=0.000030  [16.03311801s]  ETA 174.239276356s
epoch  91  ltr=0.0000(100%)  case=0.0000(100%)  recon=0.0040  recode=0.0005  content=0.0023  guide=-1.2909  void=-1.9943  div=0.0023  hit=21%  lr=0.000024  [16.423347221s]  ETA 156.716493169s
epoch  92  ltr=0.0000(100%)  case=0.0000(100%)  recon=0.0039  recode=0.0005  content=0.0023  guide=-1.2909  void=-1.9943  div=0.0022  hit=21%  lr=0.000020  [16.207242904s]  ETA 139.435952041s
epoch  93  ltr=0.0000(100%)  case=0.0000(100%)  recon=0.0039  recode=0.0005  content=0.0017  guide=-1.2910  void=-1.9943  div=0.0022  hit=21%  lr=0.000016  [16.285684526s]  ETA 121.920449395s
epoch  94  ltr=0.0000(100%)  case=0.0000(100%)  recon=0.0039  recode=0.0004  content=0.0023  guide=-1.2910  void=-1.9943  div=0.0022  hit=21%  lr=0.000012  [16.069850808s]  ETA 104.59141506s
epoch  95  ltr=0.0000(100%)  case=0.0000(100%)  recon=0.0039  recode=0.0004  content=0.0017  guide=-1.2910  void=-1.9944  div=0.0022  hit=21%  lr=0.000009  [16.676370511s]  ETA 87.119799815s
epoch  96  ltr=0.0000(100%)  case=0.0000(100%)  recon=0.0039  recode=0.0004  content=0.0021  guide=-1.2910  void=-1.9944  div=0.0021  hit=21%  lr=0.000006  [16.819453082s]  ETA 69.784335474s
epoch  97  ltr=0.0000(100%)  case=0.0000(100%)  recon=0.0039  recode=0.0004  content=0.0025  guide=-1.2910  void=-1.9943  div=0.0021  hit=21%  lr=0.000004  [16.349165527s]  ETA 52.38872403s
epoch  98  ltr=0.0000(100%)  case=0.0000(100%)  recon=0.0039  recode=0.0004  content=0.0020  guide=-1.2910  void=-1.9944  div=0.0021  hit=21%  lr=0.000002  [16.463561331s]  ETA 34.90543873s
epoch  99  ltr=0.0000(100%)  case=0.0000(100%)  recon=0.0039  recode=0.0004  content=0.0020  guide=-1.2910  void=-1.9944  div=0.0021  hit=21%  lr=0.000001  [16.418819994s]  ETA 17.469843657s
epoch 100  ltr=0.0000(100%)  case=0.0000(100%)  recon=0.0039  recode=0.0004  content=0.0021  guide=-1.2910  void=-1.9944  div=0.0021  hit=21%  lr=0.000000  [15.683001526s]  ETA 0ns
