# fbrl letter training
# epochs=100  batch=52  lr=0.0010→0.0000  scan=1  read=6
epoch   1  ltr=3.2545(5%)  case=0.6918(51%)  recon=0.0253  recode=0.0271  content=0.6699  guide=-1.2816  void=-1.8827  div=0.0702  hit=36%  lr=0.001000  [48.8961796s]  ETA 4856.976154804s
epoch   2  ltr=2.0949(29%)  case=0.5616(71%)  recon=0.0173  recode=0.0185  content=0.3267  guide=-1.2777  void=-1.9389  div=0.0233  hit=38%  lr=0.001000  [43.684347869s]  ETA 4550.585565805s
epoch   3  ltr=1.1166(59%)  case=0.3462(85%)  recon=0.0153  recode=0.0163  content=0.2210  guide=-1.2801  void=-1.9501  div=0.0221  hit=38%  lr=0.000999  [43.595839172s]  ETA 4418.657409588s
epoch   4  ltr=0.6655(76%)  case=0.1806(93%)  recon=0.0144  recode=0.0149  content=0.2554  guide=-1.2794  void=-1.9508  div=0.0234  hit=37%  lr=0.000998  [43.885989838s]  ETA 4335.340713501s
epoch   5  ltr=0.4471(84%)  case=0.1284(95%)  recon=0.0138  recode=0.0139  content=0.2096  guide=-1.2805  void=-1.9486  div=0.0233  hit=37%  lr=0.000996  [43.609072053s]  ETA 4262.531503677s
epoch   6  ltr=0.2588(91%)  case=0.0821(97%)  recon=0.0134  recode=0.0130  content=0.2017  guide=-1.2794  void=-1.9540  div=0.0248  hit=39%  lr=0.000994  [43.8023908s]  ETA 4203.982294401s
epoch   7  ltr=0.2250(92%)  case=0.0819(97%)  recon=0.0131  recode=0.0124  content=0.1753  guide=-1.2808  void=-1.9568  div=0.0228  hit=39%  lr=0.000991  [43.916958653s]  ETA 4149.834753207s
epoch   8  ltr=0.1916(93%)  case=0.0703(97%)  recon=0.0127  recode=0.0118  content=0.1595  guide=-1.2806  void=-1.9568  div=0.0221  hit=39%  lr=0.000988  [43.825716949s]  ETA 4098.300743103s
epoch   9  ltr=0.1408(95%)  case=0.0504(98%)  recon=0.0125  recode=0.0115  content=0.1436  guide=-1.2827  void=-1.9576  div=0.0215  hit=40%  lr=0.000984  [43.634280018s]  ETA 4045.512207905s
epoch  10  ltr=0.1508(95%)  case=0.0615(98%)  recon=0.0118  recode=0.0107  content=0.1352  guide=-1.2829  void=-1.9614  div=0.0203  hit=42%  lr=0.000980  [43.764302369s]  ETA 3996.568385839s
epoch  11  ltr=0.1133(96%)  case=0.0458(98%)  recon=0.0114  recode=0.0101  content=0.1215  guide=-1.2822  void=-1.9646  div=0.0197  hit=41%  lr=0.000976  [43.987400933s]  ETA 3949.577285073s
epoch  12  ltr=0.1126(96%)  case=0.0553(98%)  recon=0.0110  recode=0.0097  content=0.1513  guide=-1.2812  void=-1.9631  div=0.0191  hit=39%  lr=0.000970  [43.698483566s]  ETA 3901.650741895s
epoch  13  ltr=0.0893(97%)  case=0.0353(99%)  recon=0.0106  recode=0.0092  content=0.1213  guide=-1.2820  void=-1.9655  div=0.0199  hit=40%  lr=0.000965  [43.464604657s]  ETA 3852.12817867s
epoch  14  ltr=0.0814(97%)  case=0.0354(99%)  recon=0.0103  recode=0.0088  content=0.0805  guide=-1.2835  void=-1.9691  div=0.0198  hit=40%  lr=0.000959  [43.714340067s]  ETA 3805.606751135s
epoch  15  ltr=0.0803(97%)  case=0.0380(99%)  recon=0.0103  recode=0.0087  content=0.1012  guide=-1.2825  void=-1.9699  div=0.0193  hit=40%  lr=0.000952  [43.428282736s]  ETA 3757.241227945s
epoch  16  ltr=0.0840(97%)  case=0.0365(99%)  recon=0.0099  recode=0.0084  content=0.0909  guide=-1.2832  void=-1.9715  div=0.0199  hit=41%  lr=0.000946  [42.679343401s]  ETA 3705.571475744s
epoch  17  ltr=0.0711(98%)  case=0.0325(99%)  recon=0.0096  recode=0.0081  content=0.1244  guide=-1.2816  void=-1.9724  div=0.0178  hit=40%  lr=0.000938  [42.779563958s]  ETA 3655.898613832s
epoch  18  ltr=0.0584(98%)  case=0.0330(99%)  recon=0.0094  recode=0.0078  content=0.0757  guide=-1.2833  void=-1.9732  div=0.0177  hit=39%  lr=0.000930  [42.668989863s]  ETA 3606.021583292s
epoch  19  ltr=0.0526(98%)  case=0.0246(99%)  recon=0.0091  recode=0.0076  content=0.0986  guide=-1.2837  void=-1.9778  div=0.0181  hit=40%  lr=0.000922  [42.937319902s]  ETA 3558.480035531s
epoch  20  ltr=0.0465(98%)  case=0.0210(99%)  recon=0.0088  recode=0.0072  content=0.0923  guide=-1.2838  void=-1.9772  div=0.0165  hit=40%  lr=0.000914  [42.968694466s]  ETA 3511.086668015s
epoch  21  ltr=0.0593(98%)  case=0.0312(99%)  recon=0.0089  recode=0.0073  content=0.0858  guide=-1.2832  void=-1.9757  div=0.0159  hit=39%  lr=0.000905  [42.829947638s]  ETA 3463.955354463s
epoch  22  ltr=0.0540(98%)  case=0.0167(99%)  recon=0.0086  recode=0.0070  content=0.0759  guide=-1.2833  void=-1.9773  div=0.0165  hit=39%  lr=0.000895  [42.736451359s]  ETA 3416.54011527s
epoch  23  ltr=0.0318(99%)  case=0.0169(99%)  recon=0.0083  recode=0.0066  content=0.0765  guide=-1.2843  void=-1.9781  div=0.0154  hit=39%  lr=0.000885  [42.715115589s]  ETA 3369.428406861s
epoch  24  ltr=0.0460(99%)  case=0.0222(99%)  recon=0.0083  recode=0.0066  content=0.0462  guide=-1.2858  void=-1.9794  div=0.0158  hit=38%  lr=0.000875  [42.790124839s]  ETA 3323.225614389s
epoch  25  ltr=0.0443(99%)  case=0.0128(100%)  recon=0.0082  recode=0.0066  content=0.0725  guide=-1.2851  void=-1.9819  div=0.0153  hit=37%  lr=0.000864  [42.881366695s]  ETA 3277.280724764s
epoch  26  ltr=0.0413(99%)  case=0.0260(99%)  recon=0.0080  recode=0.0064  content=0.0593  guide=-1.2851  void=-1.9825  div=0.0161  hit=39%  lr=0.000854  [42.590097356s]  ETA 3230.991597506s
epoch  27  ltr=0.0351(99%)  case=0.0146(99%)  recon=0.0080  recode=0.0064  content=0.0762  guide=-1.2848  void=-1.9828  div=0.0151  hit=39%  lr=0.000842  [42.624704024s]  ETA 3184.797918134s
epoch  28  ltr=0.0197(99%)  case=0.0089(100%)  recon=0.0074  recode=0.0056  content=0.0469  guide=-1.2862  void=-1.9848  div=0.0157  hit=38%  lr=0.000831  [42.599717717s]  ETA 3139.05583007s
epoch  29  ltr=0.0309(99%)  case=0.0157(100%)  recon=0.0078  recode=0.0061  content=0.0522  guide=-1.2848  void=-1.9858  div=0.0151  hit=38%  lr=0.000819  [42.760502031s]  ETA 3093.651676384s
epoch  30  ltr=0.0420(99%)  case=0.0186(99%)  recon=0.0077  recode=0.0060  content=0.0549  guide=-1.2854  void=-1.9838  div=0.0147  hit=38%  lr=0.000806  [42.681732734s]  ETA 3048.237717628s
epoch  31  ltr=0.0297(99%)  case=0.0100(100%)  recon=0.0073  recode=0.0055  content=0.0631  guide=-1.2858  void=-1.9851  div=0.0138  hit=37%  lr=0.000794  [42.757022674s]  ETA 3003.380670132s
epoch  32  ltr=0.0162(99%)  case=0.0076(100%)  recon=0.0070  recode=0.0051  content=0.0651  guide=-1.2855  void=-1.9864  div=0.0132  hit=36%  lr=0.000781  [42.507135838s]  ETA 2957.898721248s
epoch  33  ltr=0.0269(99%)  case=0.0126(100%)  recon=0.0074  recode=0.0056  content=0.0580  guide=-1.2861  void=-1.9849  div=0.0140  hit=37%  lr=0.000768  [42.550304506s]  ETA 2912.890294053s
epoch  34  ltr=0.0128(100%)  case=0.0053(100%)  recon=0.0070  recode=0.0051  content=0.0582  guide=-1.2861  void=-1.9871  div=0.0126  hit=36%  lr=0.000755  [42.586459729s]  ETA 2867.88127895s
epoch  35  ltr=0.0217(99%)  case=0.0103(100%)  recon=0.0070  recode=0.0051  content=0.0343  guide=-1.2863  void=-1.9864  div=0.0122  hit=35%  lr=0.000741  [42.685264521s]  ETA 2823.187472922s
epoch  36  ltr=0.0166(99%)  case=0.0146(100%)  recon=0.0070  recode=0.0052  content=0.0586  guide=-1.2860  void=-1.9869  div=0.0128  hit=36%  lr=0.000727  [42.654602292s]  ETA 2778.724873861s
epoch  37  ltr=0.0131(100%)  case=0.0090(100%)  recon=0.0066  recode=0.0046  content=0.0430  guide=-1.2863  void=-1.9892  div=0.0124  hit=35%  lr=0.000713  [43.687470188s]  ETA 2735.939596711s
epoch  38  ltr=0.0224(99%)  case=0.0121(100%)  recon=0.0071  recode=0.0053  content=0.0674  guide=-1.2853  void=-1.9878  div=0.0134  hit=37%  lr=0.000699  [43.159338022s]  ETA 2692.399377321s
epoch  39  ltr=0.0148(100%)  case=0.0041(100%)  recon=0.0066  recode=0.0046  content=0.0727  guide=-1.2864  void=-1.9890  div=0.0141  hit=37%  lr=0.000684  [43.459248191s]  ETA 2649.181616245s
epoch  40  ltr=0.0094(100%)  case=0.0068(100%)  recon=0.0064  recode=0.0045  content=0.0595  guide=-1.2871  void=-1.9870  div=0.0119  hit=36%  lr=0.000669  [43.354329906s]  ETA 2605.94270575s
epoch  41  ltr=0.0209(99%)  case=0.0147(100%)  recon=0.0069  recode=0.0050  content=0.0558  guide=-1.2866  void=-1.9875  div=0.0118  hit=35%  lr=0.000655  [43.360940977s]  ETA 2562.556670369s
epoch  42  ltr=0.0129(100%)  case=0.0107(100%)  recon=0.0066  recode=0.0046  content=0.0739  guide=-1.2868  void=-1.9890  div=0.0120  hit=36%  lr=0.000639  [43.391930917s]  ETA 2519.347325007s
epoch  43  ltr=0.0096(100%)  case=0.0042(100%)  recon=0.0062  recode=0.0042  content=0.0466  guide=-1.2872  void=-1.9897  div=0.0129  hit=37%  lr=0.000624  [43.440210884s]  ETA 2476.050520853s
epoch  44  ltr=0.0140(100%)  case=0.0061(100%)  recon=0.0062  recode=0.0041  content=0.0339  guide=-1.2868  void=-1.9914  div=0.0115  hit=36%  lr=0.000609  [43.386371703s]  ETA 2432.675743493s
epoch  45  ltr=0.0094(100%)  case=0.0033(100%)  recon=0.0060  recode=0.0038  content=0.0641  guide=-1.2872  void=-1.9921  div=0.0115  hit=36%  lr=0.000594  [43.503663297s]  ETA 2389.557137754s
epoch  46  ltr=0.0033(100%)  case=0.0017(100%)  recon=0.0058  recode=0.0036  content=0.0426  guide=-1.2880  void=-1.9923  div=0.0108  hit=34%  lr=0.000578  [42.711786254s]  ETA 2345.371840518s
epoch  47  ltr=0.0036(100%)  case=0.0008(100%)  recon=0.0058  recode=0.0035  content=0.0537  guide=-1.2876  void=-1.9932  div=0.0103  hit=33%  lr=0.000563  [42.902435011s]  ETA 2301.573930695s
epoch  48  ltr=0.0070(100%)  case=0.0014(100%)  recon=0.0058  recode=0.0036  content=0.0364  guide=-1.2871  void=-1.9954  div=0.0109  hit=35%  lr=0.000547  [42.479319615s]  ETA 2257.234110673s
epoch  49  ltr=0.0099(100%)  case=0.0071(100%)  recon=0.0059  recode=0.0038  content=0.0432  guide=-1.2878  void=-1.9940  div=0.0108  hit=35%  lr=0.000531  [42.478798443s]  ETA 2213.078534297s
epoch  50  ltr=0.0024(100%)  case=0.0024(100%)  recon=0.0055  recode=0.0031  content=0.0436  guide=-1.2880  void=-1.9959  div=0.0104  hit=34%  lr=0.000516  [42.496108471s]  ETA 2168.888445377s
epoch  51  ltr=0.0010(100%)  case=0.0003(100%)  recon=0.0053  recode=0.0028  content=0.0283  guide=-1.2888  void=-1.9936  div=0.0082  hit=30%  lr=0.000500  [42.648594907s]  ETA 2129.675926045s
epoch  52  ltr=0.0041(100%)  case=0.0026(100%)  recon=0.0054  recode=0.0030  content=0.0281  guide=-1.2883  void=-1.9950  div=0.0086  hit=31%  lr=0.000484  [42.359032831s]  ETA 2085.292014929s
epoch  53  ltr=0.0022(100%)  case=0.0013(100%)  recon=0.0052  recode=0.0027  content=0.0357  guide=-1.2880  void=-1.9960  div=0.0087  hit=31%  lr=0.000469  [42.304241817s]  ETA 2040.930250123s
epoch  54  ltr=0.0051(100%)  case=0.0030(100%)  recon=0.0053  recode=0.0029  content=0.0303  guide=-1.2881  void=-1.9956  div=0.0087  hit=31%  lr=0.000453  [42.565775614s]  ETA 1996.952820637s
epoch  55  ltr=0.0052(100%)  case=0.0034(100%)  recon=0.0054  recode=0.0030  content=0.0306  guide=-1.2882  void=-1.9951  div=0.0085  hit=32%  lr=0.000437  [42.478150097s]  ETA 1952.868865143s
epoch  56  ltr=0.0017(100%)  case=0.0035(100%)  recon=0.0051  recode=0.0025  content=0.0218  guide=-1.2883  void=-1.9959  div=0.0081  hit=30%  lr=0.000422  [42.544953946s]  ETA 1908.960519586s
epoch  57  ltr=0.0031(100%)  case=0.0048(100%)  recon=0.0051  recode=0.0025  content=0.0211  guide=-1.2890  void=-1.9946  div=0.0080  hit=30%  lr=0.000406  [42.438271611s]  ETA 1864.93852891s
epoch  58  ltr=0.0013(100%)  case=0.0005(100%)  recon=0.0049  recode=0.0022  content=0.0136  guide=-1.2891  void=-1.9956  div=0.0074  hit=30%  lr=0.000391  [42.470357322s]  ETA 1821.066288274s
epoch  59  ltr=0.0010(100%)  case=0.0008(100%)  recon=0.0052  recode=0.0027  content=0.0313  guide=-1.2884  void=-1.9960  div=0.0077  hit=30%  lr=0.000376  [42.645942954s]  ETA 1777.283660517s
epoch  60  ltr=0.0013(100%)  case=0.0004(100%)  recon=0.0047  recode=0.0020  content=0.0161  guide=-1.2885  void=-1.9969  div=0.0065  hit=27%  lr=0.000361  [42.366770629s]  ETA 1733.351088842s
epoch  61  ltr=0.0012(100%)  case=0.0009(100%)  recon=0.0047  recode=0.0019  content=0.0174  guide=-1.2891  void=-1.9960  div=0.0066  hit=27%  lr=0.000345  [42.445678729s]  ETA 1689.582507005s
epoch  62  ltr=0.0013(100%)  case=0.0008(100%)  recon=0.0046  recode=0.0017  content=0.0137  guide=-1.2887  void=-1.9973  div=0.0063  hit=26%  lr=0.000331  [42.602873422s]  ETA 1645.882475445s
epoch  63  ltr=0.0028(100%)  case=0.0004(100%)  recon=0.0049  recode=0.0023  content=0.0275  guide=-1.2892  void=-1.9956  div=0.0070  hit=28%  lr=0.000316  [42.380832286s]  ETA 1602.13608288s
epoch  64  ltr=0.0011(100%)  case=0.0024(100%)  recon=0.0047  recode=0.0019  content=0.0164  guide=-1.2896  void=-1.9937  div=0.0069  hit=28%  lr=0.000301  [42.425660704s]  ETA 1558.401265383s
epoch  65  ltr=0.0002(100%)  case=0.0001(100%)  recon=0.0045  recode=0.0016  content=0.0155  guide=-1.2887  void=-1.9971  div=0.0060  hit=26%  lr=0.000287  [42.540321266s]  ETA 1514.76571006s
epoch  66  ltr=0.0006(100%)  case=0.0007(100%)  recon=0.0044  recode=0.0015  content=0.0116  guide=-1.2888  void=-1.9975  div=0.0057  hit=26%  lr=0.000273  [42.782521506s]  ETA 1471.34740016s
epoch  67  ltr=0.0004(100%)  case=0.0008(100%)  recon=0.0045  recode=0.0016  content=0.0251  guide=-1.2888  void=-1.9971  div=0.0059  hit=25%  lr=0.000259  [43.241591915s]  ETA 1428.108133686s
epoch  68  ltr=0.0004(100%)  case=0.0001(100%)  recon=0.0043  recode=0.0013  content=0.0146  guide=-1.2893  void=-1.9967  div=0.0050  hit=24%  lr=0.000245  [43.193396237s]  ETA 1384.894272973s
epoch  69  ltr=0.0004(100%)  case=0.0005(100%)  recon=0.0043  recode=0.0012  content=0.0185  guide=-1.2892  void=-1.9976  div=0.0051  hit=24%  lr=0.000232  [42.83531149s]  ETA 1341.464836663s
epoch  70  ltr=0.0008(100%)  case=0.0007(100%)  recon=0.0043  recode=0.0013  content=0.0134  guide=-1.2897  void=-1.9966  div=0.0048  hit=24%  lr=0.000219  [42.843861564s]  ETA 1298.098458971s
epoch  71  ltr=0.0002(100%)  case=0.0000(100%)  recon=0.0043  recode=0.0012  content=0.0207  guide=-1.2891  void=-1.9973  div=0.0045  hit=24%  lr=0.000206  [42.991697917s]  ETA 1254.758341799s
epoch  72  ltr=0.0003(100%)  case=0.0002(100%)  recon=0.0043  recode=0.0011  content=0.0134  guide=-1.2900  void=-1.9959  div=0.0046  hit=23%  lr=0.000194  [43.086631124s]  ETA 1211.461498936s
epoch  73  ltr=0.0001(100%)  case=0.0000(100%)  recon=0.0042  recode=0.0011  content=0.0193  guide=-1.2899  void=-1.9951  div=0.0047  hit=24%  lr=0.000181  [43.229546932s]  ETA 1168.260344247s
epoch  74  ltr=0.0001(100%)  case=0.0000(100%)  recon=0.0042  recode=0.0010  content=0.0123  guide=-1.2896  void=-1.9970  div=0.0049  hit=24%  lr=0.000169  [43.183166403s]  ETA 1125.001424048s
epoch  75  ltr=0.0001(100%)  case=0.0000(100%)  recon=0.0041  recode=0.0008  content=0.0145  guide=-1.2903  void=-1.9953  div=0.0040  hit=22%  lr=0.000158  [42.486703693s]  ETA 1081.540284236s
epoch  76  ltr=0.0004(100%)  case=0.0000(100%)  recon=0.0042  recode=0.0009  content=0.0168  guide=-1.2894  void=-1.9973  div=0.0040  hit=23%  lr=0.000146  [42.616531833s]  ETA 1038.108927124s
epoch  77  ltr=0.0000(100%)  case=0.0000(100%)  recon=0.0041  recode=0.0008  content=0.0122  guide=-1.2898  void=-1.9972  div=0.0037  hit=22%  lr=0.000136  [42.587995868s]  ETA 994.719577477s
epoch  78  ltr=0.0001(100%)  case=0.0001(100%)  recon=0.0040  recode=0.0007  content=0.0130  guide=-1.2896  void=-1.9974  div=0.0039  hit=23%  lr=0.000125  [42.638312574s]  ETA 951.328771506s
epoch  79  ltr=0.0000(100%)  case=0.0000(100%)  recon=0.0040  recode=0.0007  content=0.0105  guide=-1.2896  void=-1.9976  div=0.0036  hit=22%  lr=0.000115  [42.469462126s]  ETA 907.909644996s
epoch  80  ltr=0.0000(100%)  case=0.0000(100%)  recon=0.0041  recode=0.0008  content=0.0110  guide=-1.2895  void=-1.9976  div=0.0037  hit=22%  lr=0.000105  [42.528699035s]  ETA 864.553772211s
epoch  81  ltr=0.0000(100%)  case=0.0000(100%)  recon=0.0040  recode=0.0007  content=0.0129  guide=-1.2898  void=-1.9976  div=0.0035  hit=22%  lr=0.000095  [42.343149567s]  ETA 821.143202281s
epoch  82  ltr=0.0001(100%)  case=0.0000(100%)  recon=0.0040  recode=0.0007  content=0.0113  guide=-1.2897  void=-1.9977  div=0.0037  hit=22%  lr=0.000086  [42.780083675s]  ETA 777.877777437s
epoch  83  ltr=0.0000(100%)  case=0.0000(100%)  recon=0.0039  recode=0.0006  content=0.0112  guide=-1.2899  void=-1.9976  div=0.0033  hit=21%  lr=0.000078  [42.536587184s]  ETA 734.545060606s
epoch  84  ltr=0.0000(100%)  case=0.0000(100%)  recon=0.0039  recode=0.0006  content=0.0095  guide=-1.2898  void=-1.9978  div=0.0032  hit=21%  lr=0.000070  [42.462636268s]  ETA 691.234978903s
epoch  85  ltr=0.0000(100%)  case=0.0000(100%)  recon=0.0039  recode=0.0005  content=0.0107  guide=-1.2898  void=-1.9978  div=0.0031  hit=21%  lr=0.000062  [42.531696084s]  ETA 647.933326932s
epoch  86  ltr=0.0000(100%)  case=0.0000(100%)  recon=0.0039  recode=0.0005  content=0.0096  guide=-1.2898  void=-1.9978  div=0.0029  hit=21%  lr=0.000054  [42.50336337s]  ETA 604.642571466s
epoch  87  ltr=0.0000(100%)  case=0.0000(100%)  recon=0.0039  recode=0.0005  content=0.0075  guide=-1.2899  void=-1.9976  div=0.0029  hit=20%  lr=0.000048  [42.539623822s]  ETA 561.389182913s
epoch  88  ltr=0.0000(100%)  case=0.0000(100%)  recon=0.0039  recode=0.0005  content=0.0100  guide=-1.2899  void=-1.9977  div=0.0028  hit=20%  lr=0.000041  [42.315551294s]  ETA 518.101910526s
epoch  89  ltr=0.0000(100%)  case=0.0000(100%)  recon=0.0039  recode=0.0005  content=0.0085  guide=-1.2899  void=-1.9977  div=0.0029  hit=20%  lr=0.000035  [42.424344151s]  ETA 474.860237561s
epoch  90  ltr=0.0000(100%)  case=0.0000(100%)  recon=0.0039  recode=0.0005  content=0.0091  guide=-1.2899  void=-1.9978  div=0.0028  hit=20%  lr=0.000030  [42.521383476s]  ETA 431.631268634s
epoch  91  ltr=0.0000(100%)  case=0.0000(100%)  recon=0.0039  recode=0.0005  content=0.0089  guide=-1.2900  void=-1.9977  div=0.0027  hit=20%  lr=0.000024  [42.244520352s]  ETA 388.38806974s
epoch  92  ltr=0.0000(100%)  case=0.0000(100%)  recon=0.0039  recode=0.0005  content=0.0083  guide=-1.2900  void=-1.9978  div=0.0027  hit=20%  lr=0.000020  [42.502737886s]  ETA 345.195946403s
epoch  93  ltr=0.0000(100%)  case=0.0000(100%)  recon=0.0039  recode=0.0005  content=0.0067  guide=-1.2900  void=-1.9978  div=0.0027  hit=20%  lr=0.000016  [42.392356634s]  ETA 301.997822574s
epoch  94  ltr=0.0000(100%)  case=0.0000(100%)  recon=0.0039  recode=0.0004  content=0.0068  guide=-1.2900  void=-1.9979  div=0.0027  hit=20%  lr=0.000012  [42.659180305s]  ETA 258.838810885s
epoch  95  ltr=0.0000(100%)  case=0.0000(100%)  recon=0.0039  recode=0.0004  content=0.0060  guide=-1.2900  void=-1.9979  div=0.0027  hit=20%  lr=0.000009  [42.782520214s]  ETA 215.685878365s
epoch  96  ltr=0.0000(100%)  case=0.0000(100%)  recon=0.0039  recode=0.0004  content=0.0057  guide=-1.2900  void=-1.9979  div=0.0026  hit=20%  lr=0.000006  [42.404486245s]  ETA 172.527342429s
epoch  97  ltr=0.0000(100%)  case=0.0000(100%)  recon=0.0039  recode=0.0004  content=0.0059  guide=-1.2901  void=-1.9979  div=0.0026  hit=20%  lr=0.000004  [42.56389126s]  ETA 129.381502913s
epoch  98  ltr=0.0000(100%)  case=0.0000(100%)  recon=0.0039  recode=0.0004  content=0.0055  guide=-1.2901  void=-1.9979  div=0.0026  hit=20%  lr=0.000002  [42.29431755s]  ETA 86.239585385s
epoch  99  ltr=0.0000(100%)  case=0.0000(100%)  recon=0.0039  recode=0.0004  content=0.0053  guide=-1.2900  void=-1.9979  div=0.0026  hit=20%  lr=0.000001  [42.65312268s]  ETA 43.117320131s
epoch 100  ltr=0.0000(100%)  case=0.0000(100%)  recon=0.0039  recode=0.0004  content=0.0054  guide=-1.2901  void=-1.9979  div=0.0026  hit=20%  lr=0.000000  [42.677748371s]  ETA 0ns
