epoch  recon    ltr      case     attn     div      hit    recode   lr
--------------------------------------------------------------------------------
    1  0.0222  2.8253  0.6736  -0.1556  0.1785  0.4028  0.0236  0.001000
    2  0.0176  1.5505  0.6250  -0.1581  0.1735  0.3827  0.0178  0.001000
    3  0.0167  0.9688  0.5607  -0.1574  0.1702  0.3947  0.0168  0.000999
    4  0.0161  0.7089  0.4658  -0.1572  0.1630  0.4047  0.0161  0.000998
    5  0.0157  0.5413  0.3605  -0.1570  0.1561  0.4152  0.0155  0.000996
    6  0.0154  0.4618  0.2684  -0.1565  0.1499  0.4162  0.0151  0.000994
    7  0.0151  0.3864  0.2109  -0.1561  0.1447  0.4163  0.0146  0.000991
    8  0.0148  0.3626  0.2083  -0.1565  0.1455  0.4182  0.0143  0.000988
    9  0.0143  0.2719  0.1607  -0.1563  0.1425  0.4179  0.0137  0.000984
   10  0.0141  0.2887  0.1648  -0.1563  0.1418  0.4083  0.0134  0.000980
   11  0.0137  0.2403  0.1682  -0.1561  0.1393  0.4148  0.0129  0.000976
   12  0.0133  0.2298  0.1362  -0.1556  0.1358  0.4199  0.0125  0.000970
   13  0.0126  0.2066  0.1255  -0.1561  0.1370  0.4177  0.0116  0.000965
   14  0.0107  0.1603  0.1194  -0.1557  0.1322  0.4198  0.0097  0.000959
   15  0.0102  0.1381  0.0983  -0.1557  0.1294  0.4293  0.0090  0.000952
   16  0.0101  0.1560  0.0967  -0.1553  0.1279  0.4181  0.0089  0.000946
   17  0.0099  0.1539  0.0892  -0.1548  0.1230  0.4114  0.0087  0.000938
   18  0.0098  0.1165  0.0788  -0.1548  0.1227  0.4156  0.0084  0.000930
   19  0.0095  0.1209  0.0754  -0.1557  0.1284  0.4203  0.0081  0.000922
   20  0.0093  0.0851  0.0553  -0.1550  0.1235  0.4211  0.0077  0.000914
   21  0.0093  0.0859  0.0532  -0.1546  0.1208  0.4200  0.0076  0.000905
   22  0.0095  0.1042  0.0717  -0.1548  0.1229  0.4256  0.0078  0.000895
   23  0.0091  0.0934  0.0649  -0.1541  0.1161  0.4285  0.0074  0.000885
   24  0.0089  0.0691  0.0576  -0.1549  0.1200  0.4245  0.0072  0.000875
   25  0.0088  0.0889  0.0469  -0.1549  0.1171  0.4163  0.0071  0.000864
   26  0.0087  0.0707  0.0381  -0.1552  0.1193  0.4224  0.0070  0.000854
   27  0.0083  0.0568  0.0441  -0.1563  0.1233  0.4355  0.0066  0.000842
   28  0.0086  0.0602  0.0401  -0.1552  0.1174  0.4317  0.0069  0.000831
   29  0.0083  0.0468  0.0354  -0.1562  0.1211  0.4302  0.0066  0.000819
   30  0.0084  0.0567  0.0390  -0.1556  0.1178  0.4329  0.0067  0.000806
   31  0.0083  0.0592  0.0398  -0.1551  0.1159  0.4265  0.0067  0.000794
   32  0.0083  0.0547  0.0349  -0.1545  0.1114  0.4251  0.0066  0.000781
   33  0.0078  0.0420  0.0300  -0.1555  0.1155  0.4260  0.0061  0.000768
   34  0.0078  0.0370  0.0339  -0.1555  0.1136  0.4284  0.0061  0.000755
   35  0.0080  0.0505  0.0350  -0.1547  0.1130  0.4101  0.0063  0.000741
   36  0.0081  0.0449  0.0369  -0.1551  0.1141  0.4031  0.0063  0.000727
   37  0.0075  0.0293  0.0229  -0.1556  0.1146  0.4057  0.0057  0.000713
   38  0.0074  0.0275  0.0203  -0.1559  0.1147  0.4220  0.0056  0.000699
   39  0.0074  0.0392  0.0245  -0.1560  0.1139  0.4166  0.0057  0.000684
   40  0.0075  0.0350  0.0258  -0.1567  0.1196  0.4311  0.0058  0.000669
   41  0.0075  0.0320  0.0232  -0.1559  0.1126  0.4371  0.0058  0.000655
   42  0.0070  0.0214  0.0193  -0.1569  0.1165  0.4435  0.0053  0.000639
   43  0.0071  0.0264  0.0194  -0.1568  0.1156  0.4415  0.0053  0.000624
   44  0.0071  0.0225  0.0188  -0.1562  0.1114  0.4316  0.0054  0.000609
   45  0.0067  0.0156  0.0105  -0.1571  0.1169  0.4340  0.0048  0.000594
   46  0.0067  0.0204  0.0174  -0.1575  0.1191  0.4432  0.0050  0.000578
   47  0.0072  0.0398  0.0151  -0.1572  0.1196  0.4406  0.0054  0.000563
   48  0.0069  0.0169  0.0124  -0.1563  0.1103  0.4309  0.0051  0.000547
   49  0.0063  0.0134  0.0130  -0.1570  0.1132  0.4478  0.0045  0.000531
   50  0.0061  0.0119  0.0094  -0.1575  0.1149  0.4488  0.0042  0.000516
   51  0.0051  0.0004  0.0001  -0.1578  0.1123  0.4516  0.0028  0.000500
   52  0.0048  0.0001  0.0000  -0.1579  0.1115  0.4524  0.0021  0.000484
   53  0.0046  0.0001  0.0001  -0.1580  0.1110  0.4522  0.0018  0.000469
   54  0.0045  0.0001  0.0001  -0.1580  0.1103  0.4525  0.0015  0.000453
   55  0.0044  0.0001  0.0000  -0.1580  0.1096  0.4525  0.0014  0.000437
   56  0.0044  0.0001  0.0000  -0.1580  0.1091  0.4532  0.0013  0.000422
   57  0.0044  0.0001  0.0000  -0.1580  0.1085  0.4521  0.0013  0.000406
   58  0.0043  0.0001  0.0000  -0.1581  0.1085  0.4523  0.0011  0.000391
   59  0.0043  0.0001  0.0000  -0.1580  0.1080  0.4537  0.0011  0.000376
   60  0.0042  0.0001  0.0000  -0.1580  0.1076  0.4553  0.0009  0.000361
   61  0.0042  0.0001  0.0000  -0.1581  0.1074  0.4558  0.0009  0.000345
   62  0.0066  0.0431  0.0298  -0.1573  0.1086  0.4453  0.0042  0.000331
   63  0.0072  0.0194  0.0172  -0.1567  0.1123  0.4477  0.0054  0.000316
   64  0.0055  0.0038  0.0042  -0.1572  0.1075  0.4562  0.0032  0.000301
   65  0.0051  0.0053  0.0045  -0.1578  0.1087  0.4633  0.0025  0.000287
   66  0.0045  0.0012  0.0014  -0.1579  0.1077  0.4631  0.0015  0.000273
   67  0.0043  0.0001  0.0000  -0.1580  0.1078  0.4610  0.0010  0.000259
   68  0.0042  0.0000  0.0000  -0.1581  0.1074  0.4608  0.0009  0.000245
   69  0.0041  0.0000  0.0000  -0.1581  0.1072  0.4618  0.0008  0.000232
   70  0.0041  0.0000  0.0000  -0.1581  0.1070  0.4623  0.0007  0.000219
   71  0.0041  0.0000  0.0000  -0.1581  0.1068  0.4629  0.0007  0.000206
   72  0.0040  0.0000  0.0000  -0.1581  0.1066  0.4618  0.0006  0.000194
   73  0.0040  0.0000  0.0000  -0.1581  0.1065  0.4611  0.0006  0.000181
   74  0.0040  0.0000  0.0000  -0.1581  0.1064  0.4607  0.0006  0.000169
   75  0.0040  0.0000  0.0000  -0.1581  0.1062  0.4603  0.0006  0.000158
   76  0.0040  0.0000  0.0000  -0.1581  0.1062  0.4606  0.0005  0.000146
   77  0.0041  0.0000  0.0000  -0.1581  0.1059  0.4608  0.0007  0.000136
   78  0.0040  0.0000  0.0000  -0.1581  0.1061  0.4609  0.0005  0.000125
   79  0.0040  0.0000  0.0000  -0.1581  0.1059  0.4611  0.0005  0.000115
   80  0.0039  0.0000  0.0000  -0.1581  0.1058  0.4609  0.0005  0.000105
   81  0.0040  0.0000  0.0000  -0.1581  0.1055  0.4603  0.0005  0.000095
   82  0.0040  0.0000  0.0000  -0.1581  0.1057  0.4608  0.0005  0.000086
   83  0.0040  0.0002  0.0000  -0.1582  0.1057  0.4595  0.0006  0.000078
   84  0.0039  0.0000  0.0000  -0.1582  0.1056  0.4593  0.0005  0.000070
   85  0.0039  0.0000  0.0000  -0.1582  0.1055  0.4594  0.0004  0.000062
   86  0.0039  0.0000  0.0000  -0.1582  0.1055  0.4594  0.0004  0.000054
   87  0.0039  0.0000  0.0000  -0.1582  0.1055  0.4598  0.0004  0.000048
   88  0.0039  0.0000  0.0000  -0.1582  0.1055  0.4593  0.0004  0.000041
   89  0.0039  0.0000  0.0000  -0.1582  0.1055  0.4593  0.0004  0.000035
   90  0.0039  0.0000  0.0000  -0.1582  0.1054  0.4596  0.0004  0.000030
   91  0.0039  0.0000  0.0000  -0.1582  0.1054  0.4593  0.0004  0.000024
   92  0.0039  0.0000  0.0000  -0.1582  0.1054  0.4593  0.0004  0.000020
   93  0.0039  0.0000  0.0000  -0.1582  0.1054  0.4594  0.0004  0.000016
   94  0.0039  0.0000  0.0000  -0.1582  0.1054  0.4591  0.0004  0.000012
   95  0.0039  0.0000  0.0000  -0.1582  0.1054  0.4591  0.0004  0.000009
   96  0.0039  0.0000  0.0000  -0.1582  0.1053  0.4592  0.0004  0.000006
   97  0.0039  0.0000  0.0000  -0.1582  0.1053  0.4590  0.0004  0.000004
   98  0.0039  0.0000  0.0000  -0.1582  0.1053  0.4590  0.0004  0.000002
   99  0.0039  0.0000  0.0000  -0.1582  0.1053  0.4590  0.0004  0.000001
  100  0.0039  0.0000  0.0000  -0.1582  0.1053  0.4590  0.0004  0.000000
