epoch  recon    pos1     pos2     attn     div      hit      lr_enc   lr_read  scaff
------------------------------------------------------------------------------------------
    1  0.1627  3.1832  3.1864  -0.1087  0.1488  0.3983  0.000100  0.001000  1.0000
    2  0.0847  2.9412  2.8958  -0.1097  0.1462  0.3961  0.000100  0.001000  0.9950
    3  0.0467  2.7988  2.7140  -0.1110  0.1476  0.3924  0.000100  0.001000  0.9900
    4  0.0325  2.6827  2.6187  -0.1119  0.1494  0.3942  0.000100  0.001000  0.9850
    5  0.0262  2.5719  2.5564  -0.1125  0.1505  0.3966  0.000100  0.001000  0.9800
    6  0.0233  2.4752  2.4818  -0.1129  0.1519  0.3965  0.000100  0.000999  0.9750
    7  0.0217  2.4004  2.3909  -0.1132  0.1525  0.3978  0.000100  0.000999  0.9700
    8  0.0206  2.3475  2.3307  -0.1136  0.1534  0.3967  0.000100  0.000999  0.9650
    9  0.0198  2.2990  2.2275  -0.1142  0.1550  0.3880  0.000100  0.000998  0.9600
   10  0.0192  2.2425  2.1542  -0.1150  0.1566  0.3873  0.000100  0.000998  0.9550
   11  0.0187  2.1690  2.0790  -0.1155  0.1572  0.3875  0.000100  0.000997  0.9500
   12  0.0183  2.0675  2.0247  -0.1157  0.1571  0.3899  0.000100  0.000997  0.9450
   13  0.0181  1.9845  1.9511  -0.1159  0.1570  0.3904  0.000100  0.000996  0.9400
   14  0.0177  1.8737  1.8883  -0.1164  0.1571  0.3917  0.000100  0.000995  0.9350
   15  0.0175  1.7640  1.8313  -0.1169  0.1571  0.3876  0.000099  0.000995  0.9300
   16  0.0172  1.6495  1.7552  -0.1171  0.1568  0.3881  0.000099  0.000994  0.9250
   17  0.0170  1.5507  1.6873  -0.1175  0.1575  0.3883  0.000099  0.000993  0.9200
   18  0.0167  1.4563  1.6383  -0.1180  0.1588  0.3924  0.000099  0.000992  0.9150
   19  0.0165  1.3652  1.5845  -0.1184  0.1597  0.3913  0.000099  0.000991  0.9100
   20  0.0163  1.2833  1.5301  -0.1188  0.1598  0.3904  0.000099  0.000990  0.9050
   21  0.0161  1.2282  1.4831  -0.1192  0.1603  0.3924  0.000099  0.000989  0.9000
   22  0.0159  1.1548  1.4408  -0.1198  0.1603  0.3927  0.000099  0.000988  0.8950
   23  0.0157  1.1072  1.3966  -0.1199  0.1603  0.3925  0.000099  0.000987  0.8900
   24  0.0157  1.0701  1.3538  -0.1205  0.1608  0.4007  0.000099  0.000986  0.8850
   25  0.0155  1.0283  1.3017  -0.1208  0.1605  0.3949  0.000098  0.000984  0.8800
   26  0.0153  0.9861  1.2648  -0.1212  0.1600  0.4005  0.000098  0.000983  0.8750
   27  0.0151  0.9349  1.2076  -0.1216  0.1602  0.4002  0.000098  0.000982  0.8700
   28  0.0150  0.8896  1.1659  -0.1220  0.1608  0.3985  0.000098  0.000980  0.8650
   29  0.0148  0.8376  1.1225  -0.1225  0.1614  0.3984  0.000098  0.000979  0.8600
   30  0.0146  0.8167  1.0746  -0.1227  0.1613  0.4018  0.000098  0.000977  0.8550
   31  0.0145  0.7783  1.0375  -0.1232  0.1611  0.4003  0.000098  0.000976  0.8500
   32  0.0144  0.7500  0.9791  -0.1235  0.1607  0.3999  0.000097  0.000974  0.8450
   33  0.0142  0.7081  0.9470  -0.1239  0.1598  0.3960  0.000097  0.000972  0.8400
   34  0.0141  0.6827  0.9081  -0.1242  0.1602  0.3984  0.000097  0.000970  0.8350
   35  0.0139  0.6496  0.8629  -0.1246  0.1606  0.3981  0.000097  0.000969  0.8300
   36  0.0138  0.6214  0.8329  -0.1249  0.1608  0.4024  0.000097  0.000967  0.8250
   37  0.0137  0.6013  0.7947  -0.1253  0.1613  0.4022  0.000096  0.000965  0.8200
   38  0.0136  0.5644  0.7713  -0.1258  0.1613  0.4006  0.000096  0.000963  0.8150
   39  0.0135  0.5414  0.7234  -0.1261  0.1602  0.4015  0.000096  0.000961  0.8100
   40  0.0134  0.5166  0.6973  -0.1263  0.1600  0.4022  0.000096  0.000959  0.8050
   41  0.0134  0.5084  0.6849  -0.1270  0.1607  0.4041  0.000096  0.000957  0.8000
   42  0.0133  0.4783  0.6457  -0.1273  0.1609  0.4078  0.000095  0.000955  0.7950
   43  0.0132  0.4638  0.6199  -0.1274  0.1604  0.4059  0.000095  0.000952  0.7900
   44  0.0131  0.4407  0.6085  -0.1279  0.1605  0.4076  0.000095  0.000950  0.7850
   45  0.0130  0.4241  0.5791  -0.1284  0.1611  0.4015  0.000095  0.000948  0.7800
   46  0.0129  0.4092  0.5380  -0.1286  0.1609  0.4029  0.000095  0.000946  0.7750
   47  0.0129  0.3922  0.5237  -0.1289  0.1601  0.4008  0.000094  0.000943  0.7700
   48  0.0128  0.3867  0.5057  -0.1295  0.1602  0.4071  0.000094  0.000941  0.7650
   49  0.0127  0.3577  0.4669  -0.1298  0.1606  0.4037  0.000094  0.000938  0.7600
   50  0.0128  0.3600  0.4738  -0.1301  0.1610  0.3988  0.000094  0.000936  0.7550
   51  0.0127  0.3327  0.4652  -0.1307  0.1610  0.4021  0.000093  0.000933  0.7500
   52  0.0126  0.3241  0.4434  -0.1309  0.1614  0.4030  0.000093  0.000930  0.7450
   53  0.0125  0.3091  0.4087  -0.1311  0.1608  0.4058  0.000093  0.000928  0.7400
   54  0.0124  0.2888  0.3895  -0.1314  0.1602  0.4037  0.000092  0.000925  0.7350
   55  0.0124  0.2735  0.3682  -0.1319  0.1608  0.4028  0.000092  0.000922  0.7300
   56  0.0124  0.2637  0.3522  -0.1322  0.1603  0.4013  0.000092  0.000919  0.7250
   57  0.0123  0.2559  0.3332  -0.1325  0.1604  0.4045  0.000092  0.000916  0.7200
   58  0.0122  0.2454  0.3097  -0.1330  0.1608  0.4087  0.000091  0.000914  0.7150
   59  0.0121  0.2338  0.3020  -0.1331  0.1606  0.4055  0.000091  0.000911  0.7100
   60  0.0121  0.2181  0.2879  -0.1337  0.1609  0.4085  0.000091  0.000908  0.7050
   61  0.0120  0.2108  0.2785  -0.1341  0.1603  0.4059  0.000090  0.000905  0.7000
   62  0.0120  0.1968  0.2550  -0.1344  0.1598  0.4059  0.000090  0.000901  0.6950
   63  0.0121  0.1798  0.2460  -0.1347  0.1596  0.4012  0.000090  0.000898  0.6900
   64  0.0119  0.1777  0.2294  -0.1351  0.1602  0.4026  0.000090  0.000895  0.6850
   65  0.0118  0.1640  0.2137  -0.1356  0.1607  0.4047  0.000089  0.000892  0.6800
   66  0.0118  0.1643  0.2114  -0.1357  0.1604  0.4063  0.000089  0.000889  0.6750
   67  0.0118  0.1529  0.1948  -0.1362  0.1603  0.4031  0.000089  0.000885  0.6700
   68  0.0119  0.1611  0.2093  -0.1368  0.1612  0.4075  0.000088  0.000882  0.6650
   69  0.0119  0.1464  0.1904  -0.1369  0.1608  0.4074  0.000088  0.000878  0.6600
   70  0.0119  0.1496  0.1864  -0.1373  0.1603  0.4088  0.000088  0.000875  0.6550
   71  0.0117  0.1487  0.1845  -0.1378  0.1611  0.4063  0.000087  0.000872  0.6500
   72  0.0117  0.1362  0.1839  -0.1379  0.1614  0.4062  0.000087  0.000868  0.6450
   73  0.0117  0.1332  0.1767  -0.1384  0.1610  0.4022  0.000086  0.000864  0.6400
   74  0.0117  0.1310  0.1601  -0.1386  0.1601  0.4015  0.000086  0.000861  0.6350
   75  0.0117  0.1385  0.1904  -0.1391  0.1600  0.4018  0.000086  0.000857  0.6300
   76  0.0118  0.1306  0.1641  -0.1396  0.1602  0.3999  0.000085  0.000854  0.6250
   77  0.0117  0.1258  0.1408  -0.1398  0.1612  0.4047  0.000085  0.000850  0.6200
   78  0.0116  0.1108  0.1456  -0.1403  0.1618  0.4114  0.000085  0.000846  0.6150
   79  0.0115  0.1052  0.1354  -0.1405  0.1608  0.4045  0.000084  0.000842  0.6100
   80  0.0115  0.0992  0.1261  -0.1410  0.1605  0.4051  0.000084  0.000838  0.6050
   81  0.0115  0.0946  0.1253  -0.1414  0.1610  0.4030  0.000083  0.000835  0.6000
   82  0.0115  0.0923  0.1108  -0.1415  0.1608  0.4028  0.000083  0.000831  0.5950
   83  0.0117  0.0893  0.1083  -0.1421  0.1603  0.4040  0.000083  0.000827  0.5900
   84  0.0117  0.0908  0.1118  -0.1426  0.1613  0.4101  0.000082  0.000823  0.5850
   85  0.0117  0.0914  0.1158  -0.1430  0.1616  0.4061  0.000082  0.000819  0.5800
   86  0.0116  0.0875  0.1000  -0.1432  0.1611  0.4013  0.000081  0.000815  0.5750
   87  0.0115  0.0854  0.0878  -0.1433  0.1606  0.4024  0.000081  0.000811  0.5700
   88  0.0116  0.0751  0.0864  -0.1440  0.1610  0.4053  0.000081  0.000806  0.5650
   89  0.0116  0.0732  0.0760  -0.1443  0.1611  0.4071  0.000080  0.000802  0.5600
   90  0.0118  0.0694  0.0860  -0.1444  0.1607  0.4032  0.000080  0.000798  0.5550
   91  0.0125  0.0663  0.0834  -0.1449  0.1603  0.4053  0.000079  0.000794  0.5500
   92  0.0120  0.0586  0.0679  -0.1451  0.1609  0.4067  0.000079  0.000790  0.5450
   93  0.0116  0.0577  0.0670  -0.1456  0.1611  0.4066  0.000079  0.000785  0.5400
   94  0.0117  0.0523  0.0627  -0.1459  0.1611  0.4032  0.000078  0.000781  0.5350
   95  0.0115  0.0474  0.0543  -0.1464  0.1616  0.4037  0.000078  0.000777  0.5300
   96  0.0115  0.0478  0.0541  -0.1467  0.1608  0.4044  0.000077  0.000772  0.5250
   97  0.0114  0.0493  0.0584  -0.1471  0.1605  0.4056  0.000077  0.000768  0.5200
   98  0.0113  0.0434  0.0511  -0.1473  0.1605  0.4060  0.000076  0.000763  0.5150
   99  0.0113  0.0402  0.0478  -0.1479  0.1606  0.4033  0.000076  0.000759  0.5100
  100  0.0112  0.0411  0.0455  -0.1482  0.1610  0.4046  0.000075  0.000755  0.5050
  101  0.0112  0.0402  0.0639  -0.1487  0.1614  0.4037  0.000075  0.000750  0.5000
  102  0.0112  0.0456  0.0486  -0.1487  0.1609  0.4039  0.000075  0.000745  0.4950
  103  0.0114  0.0486  0.0660  -0.1492  0.1605  0.4069  0.000074  0.000741  0.4900
  104  0.0113  0.0457  0.0519  -0.1493  0.1600  0.4092  0.000074  0.000736  0.4850
  105  0.0111  0.0389  0.0355  -0.1498  0.1613  0.4033  0.000073  0.000732  0.4800
  106  0.0110  0.0357  0.0484  -0.1504  0.1622  0.4013  0.000073  0.000727  0.4750
  107  0.0109  0.0443  0.0380  -0.1508  0.1614  0.4020  0.000072  0.000722  0.4700
  108  0.0109  0.0335  0.0346  -0.1512  0.1605  0.3993  0.000072  0.000718  0.4650
  109  0.0109  0.0317  0.0332  -0.1515  0.1608  0.4030  0.000071  0.000713  0.4600
  110  0.0110  0.0322  0.0324  -0.1518  0.1607  0.4061  0.000071  0.000708  0.4550
  111  0.0109  0.0285  0.0313  -0.1522  0.1614  0.4079  0.000070  0.000703  0.4500
  112  0.0109  0.0269  0.0256  -0.1528  0.1613  0.4053  0.000070  0.000699  0.4450
  113  0.0109  0.0319  0.0236  -0.1531  0.1605  0.4010  0.000069  0.000694  0.4400
  114  0.0110  0.0267  0.0228  -0.1532  0.1607  0.4059  0.000069  0.000689  0.4350
  115  0.0109  0.0279  0.0228  -0.1535  0.1609  0.4011  0.000068  0.000684  0.4300
  116  0.0109  0.0277  0.0272  -0.1540  0.1611  0.4018  0.000068  0.000679  0.4250
  117  0.0108  0.0229  0.0279  -0.1545  0.1611  0.4007  0.000067  0.000674  0.4200
  118  0.0107  0.0232  0.0308  -0.1546  0.1615  0.4041  0.000067  0.000669  0.4150
  119  0.0107  0.0260  0.0280  -0.1551  0.1612  0.4073  0.000066  0.000664  0.4100
  120  0.0108  0.0270  0.0450  -0.1555  0.1608  0.4030  0.000066  0.000659  0.4050
  121  0.0107  0.0264  0.0348  -0.1558  0.1608  0.4040  0.000065  0.000655  0.4000
  122  0.0105  0.0249  0.0256  -0.1562  0.1614  0.4054  0.000065  0.000650  0.3950
  123  0.0104  0.0207  0.0204  -0.1567  0.1615  0.4052  0.000064  0.000645  0.3900
  124  0.0104  0.0192  0.0182  -0.1571  0.1616  0.4047  0.000064  0.000639  0.3850
  125  0.0102  0.0201  0.0180  -0.1574  0.1615  0.4037  0.000063  0.000634  0.3800
  126  0.0101  0.0176  0.0153  -0.1576  0.1612  0.4030  0.000063  0.000629  0.3750
  127  0.0099  0.0167  0.0136  -0.1580  0.1610  0.4017  0.000062  0.000624  0.3700
  128  0.0097  0.0167  0.0131  -0.1584  0.1614  0.4014  0.000062  0.000619  0.3650
  129  0.0098  0.0196  0.0139  -0.1587  0.1609  0.3999  0.000061  0.000614  0.3600
  130  0.0094  0.0168  0.0137  -0.1591  0.1607  0.4025  0.000061  0.000609  0.3550
  131  0.0088  0.0162  0.0122  -0.1595  0.1615  0.4066  0.000060  0.000604  0.3500
  132  0.0082  0.0131  0.0111  -0.1599  0.1613  0.4029  0.000060  0.000599  0.3450
  133  0.0079  0.0207  0.0095  -0.1602  0.1609  0.4010  0.000059  0.000594  0.3400
  134  0.0074  0.0191  0.0098  -0.1607  0.1610  0.4015  0.000059  0.000589  0.3350
  135  0.0069  0.0134  0.0093  -0.1610  0.1611  0.3998  0.000058  0.000583  0.3300
  136  0.0064  0.0119  0.0079  -0.1613  0.1612  0.4017  0.000058  0.000578  0.3250
  137  0.0060  0.0115  0.0076  -0.1618  0.1611  0.4005  0.000057  0.000573  0.3200
  138  0.0059  0.0113  0.0081  -0.1623  0.1615  0.4009  0.000057  0.000568  0.3150
  139  0.0056  0.0126  0.0070  -0.1626  0.1611  0.3994  0.000056  0.000563  0.3100
  140  0.0054  0.0162  0.0070  -0.1627  0.1612  0.4013  0.000056  0.000557  0.3050
  141  0.0053  0.0148  0.0076  -0.1635  0.1620  0.4018  0.000055  0.000552  0.3000
  142  0.0051  0.0106  0.0065  -0.1635  0.1614  0.4056  0.000055  0.000547  0.2950
  143  0.0049  0.0110  0.0062  -0.1638  0.1613  0.4039  0.000054  0.000542  0.2900
  144  0.0049  0.0097  0.0060  -0.1645  0.1616  0.4036  0.000054  0.000537  0.2850
  145  0.0046  0.0161  0.0056  -0.1648  0.1618  0.3989  0.000053  0.000531  0.2800
  146  0.0046  0.0100  0.0056  -0.1652  0.1616  0.4030  0.000053  0.000526  0.2750
  147  0.0045  0.0158  0.0055  -0.1654  0.1619  0.4038  0.000052  0.000521  0.2700
  148  0.0046  0.0134  0.0053  -0.1658  0.1616  0.3999  0.000052  0.000516  0.2650
  149  0.0044  0.0090  0.0050  -0.1663  0.1616  0.4007  0.000051  0.000510  0.2600
  150  0.0043  0.0090  0.0048  -0.1666  0.1616  0.4018  0.000051  0.000505  0.2550
  151  0.0042  0.0086  0.0047  -0.1670  0.1621  0.4024  0.000050  0.000500  0.2500
  152  0.0041  0.0105  0.0048  -0.1675  0.1622  0.4038  0.000049  0.000495  0.2450
  153  0.0041  0.0081  0.0044  -0.1679  0.1617  0.4060  0.000049  0.000490  0.2400
  154  0.0039  0.0076  0.0043  -0.1680  0.1617  0.4059  0.000048  0.000484  0.2350
  155  0.0039  0.0094  0.0044  -0.1684  0.1621  0.4034  0.000048  0.000479  0.2300
  156  0.0038  0.0080  0.0044  -0.1687  0.1618  0.3999  0.000047  0.000474  0.2250
  157  0.0038  0.0190  0.0041  -0.1692  0.1618  0.3986  0.000047  0.000469  0.2200
  158  0.0038  0.0175  0.0040  -0.1693  0.1620  0.3999  0.000046  0.000463  0.2150
  159  0.0038  0.0135  0.0037  -0.1700  0.1623  0.4039  0.000046  0.000458  0.2100
  160  0.0038  0.0080  0.0037  -0.1704  0.1625  0.4023  0.000045  0.000453  0.2050
  161  0.0037  0.0073  0.0036  -0.1708  0.1623  0.4020  0.000045  0.000448  0.2000
  162  0.0037  0.0114  0.0035  -0.1712  0.1621  0.4015  0.000044  0.000443  0.1950
  163  0.0037  0.0100  0.0036  -0.1713  0.1620  0.4007  0.000044  0.000437  0.1900
  164  0.0037  0.0064  0.0034  -0.1719  0.1620  0.4006  0.000043  0.000432  0.1850
  165  0.0036  0.0079  0.0032  -0.1724  0.1624  0.4007  0.000043  0.000427  0.1800
  166  0.0036  0.0071  0.0033  -0.1726  0.1628  0.4020  0.000042  0.000422  0.1750
  167  0.0036  0.0077  0.0032  -0.1730  0.1627  0.4041  0.000042  0.000417  0.1700
  168  0.0035  0.0059  0.0030  -0.1733  0.1624  0.4030  0.000041  0.000411  0.1650
  169  0.0035  0.0067  0.0030  -0.1735  0.1624  0.4054  0.000041  0.000406  0.1600
  170  0.0035  0.0072  0.0031  -0.1740  0.1624  0.4026  0.000040  0.000401  0.1550
  171  0.0035  0.0076  0.0032  -0.1744  0.1626  0.4012  0.000040  0.000396  0.1500
  172  0.0034  0.0074  0.0028  -0.1750  0.1625  0.4047  0.000039  0.000391  0.1450
  173  0.0034  0.0060  0.0028  -0.1752  0.1625  0.4042  0.000039  0.000386  0.1400
  174  0.0034  0.0071  0.0029  -0.1756  0.1630  0.4027  0.000038  0.000381  0.1350
  175  0.0034  0.0072  0.0028  -0.1760  0.1629  0.4022  0.000038  0.000376  0.1300
  176  0.0034  0.0059  0.0027  -0.1763  0.1626  0.4043  0.000037  0.000371  0.1250
  177  0.0034  0.0093  0.0035  -0.1767  0.1627  0.4041  0.000037  0.000366  0.1200
  178  0.0034  0.0091  0.0029  -0.1773  0.1629  0.4049  0.000036  0.000361  0.1150
  179  0.0033  0.0073  0.0030  -0.1776  0.1628  0.3985  0.000036  0.000355  0.1100
  180  0.0033  0.0058  0.0027  -0.1779  0.1625  0.4020  0.000035  0.000350  0.1050
  181  0.0033  0.0056  0.0025  -0.1783  0.1626  0.4058  0.000035  0.000345  0.1000
  182  0.0033  0.0063  0.0025  -0.1784  0.1628  0.4077  0.000034  0.000341  0.0950
  183  0.0033  0.0058  0.0027  -0.1790  0.1627  0.4036  0.000034  0.000336  0.0900
  184  0.0033  0.0067  0.0029  -0.1794  0.1631  0.3999  0.000033  0.000331  0.0850
  185  0.0033  0.0053  0.0024  -0.1797  0.1630  0.4043  0.000033  0.000326  0.0800
  186  0.0033  0.0061  0.0024  -0.1799  0.1629  0.4052  0.000032  0.000321  0.0750
  187  0.0033  0.0070  0.0024  -0.1807  0.1631  0.4040  0.000032  0.000316  0.0700
  188  0.0032  0.0058  0.0026  -0.1810  0.1632  0.4038  0.000031  0.000311  0.0650
  189  0.0032  0.0053  0.0024  -0.1811  0.1631  0.4041  0.000031  0.000306  0.0600
  190  0.0032  0.0049  0.0021  -0.1813  0.1630  0.4057  0.000030  0.000301  0.0550
  191  0.0032  0.0067  0.0022  -0.1820  0.1632  0.4068  0.000030  0.000297  0.0500
  192  0.0032  0.0065  0.0024  -0.1824  0.1636  0.4064  0.000029  0.000292  0.0450
  193  0.0032  0.0051  0.0024  -0.1827  0.1635  0.4063  0.000029  0.000287  0.0400
  194  0.0032  0.0063  0.0023  -0.1830  0.1632  0.4054  0.000028  0.000282  0.0350
  195  0.0031  0.0073  0.0022  -0.1834  0.1632  0.4032  0.000028  0.000278  0.0300
  196  0.0031  0.0062  0.0020  -0.1838  0.1633  0.4053  0.000027  0.000273  0.0250
  197  0.0031  0.0054  0.0021  -0.1840  0.1634  0.4072  0.000027  0.000268  0.0200
  198  0.0031  0.0046  0.0022  -0.1846  0.1637  0.4044  0.000026  0.000264  0.0150
  199  0.0031  0.0045  0.0021  -0.1848  0.1636  0.4053  0.000026  0.000259  0.0100
  200  0.0031  0.0047  0.0020  -0.1853  0.1637  0.4058  0.000025  0.000255  0.0050
  201  0.0154  0.2888  0.0753  -0.1858  0.1634  0.4051  0.000010  0.001000  0.0000
  202  0.0102  0.4993  0.2953  -0.1852  0.1609  0.4072  0.000010  0.001000  0.0000
  203  0.0093  0.5447  0.1741  -0.1855  0.1627  0.4017  0.000010  0.000999  0.0000
  204  0.0081  0.2269  0.1170  -0.1853  0.1634  0.4051  0.000010  0.000998  0.0000
  205  0.0076  0.2208  0.1462  -0.1855  0.1655  0.3973  0.000010  0.000996  0.0000
  206  0.0073  0.2279  0.1365  -0.1859  0.1667  0.4017  0.000010  0.000994  0.0000
  207  0.0067  0.0961  0.1668  -0.1860  0.1669  0.3995  0.000010  0.000991  0.0000
  208  0.0059  0.0549  0.0248  -0.1857  0.1657  0.4009  0.000010  0.000988  0.0000
  209  0.0055  0.0302  0.0269  -0.1856  0.1651  0.4029  0.000010  0.000984  0.0000
  210  0.0053  0.0762  0.0400  -0.1853  0.1634  0.4026  0.000010  0.000980  0.0000
  211  0.0052  0.0272  0.0454  -0.1854  0.1630  0.4015  0.000010  0.000976  0.0000
  212  0.0054  0.1239  0.0518  -0.1858  0.1642  0.3997  0.000010  0.000970  0.0000
  213  0.0051  0.0746  0.0573  -0.1856  0.1649  0.4013  0.000010  0.000965  0.0000
  214  0.0047  0.0228  0.0409  -0.1855  0.1645  0.4076  0.000010  0.000959  0.0000
  215  0.0044  0.0186  0.0085  -0.1855  0.1636  0.4067  0.000010  0.000952  0.0000
  216  0.0043  0.0364  0.0097  -0.1853  0.1636  0.4052  0.000009  0.000946  0.0000
  217  0.0047  0.0409  0.0174  -0.1853  0.1636  0.3963  0.000009  0.000938  0.0000
  218  0.0049  0.0596  0.0362  -0.1854  0.1642  0.4033  0.000009  0.000930  0.0000
  219  0.0043  0.0207  0.0051  -0.1856  0.1645  0.4053  0.000009  0.000922  0.0000
  220  0.0059  0.0176  0.0276  -0.1855  0.1648  0.4077  0.000009  0.000914  0.0000
  221  0.0056  0.0247  0.0099  -0.1857  0.1650  0.4081  0.000009  0.000905  0.0000
  222  0.0057  0.0169  0.0264  -0.1856  0.1645  0.4083  0.000009  0.000895  0.0000
  223  0.0053  0.0367  0.0200  -0.1856  0.1637  0.4121  0.000009  0.000885  0.0000
  224  0.0054  0.0354  0.0180  -0.1856  0.1644  0.4048  0.000009  0.000875  0.0000
  225  0.0049  0.0153  0.0085  -0.1859  0.1654  0.4040  0.000009  0.000864  0.0000
  226  0.0044  0.0090  0.0054  -0.1856  0.1651  0.4029  0.000009  0.000854  0.0000
  227  0.0041  0.0183  0.0066  -0.1855  0.1644  0.4069  0.000008  0.000842  0.0000
  228  0.0045  0.0099  0.0051  -0.1855  0.1640  0.4092  0.000008  0.000831  0.0000
  229  0.0041  0.0071  0.0085  -0.1857  0.1644  0.4098  0.000008  0.000819  0.0000
  230  0.0041  0.0048  0.0243  -0.1859  0.1646  0.4005  0.000008  0.000806  0.0000
  231  0.0041  0.0047  0.0034  -0.1856  0.1650  0.4033  0.000008  0.000794  0.0000
  232  0.0038  0.0053  0.0026  -0.1858  0.1655  0.4053  0.000008  0.000781  0.0000
  233  0.0038  0.0042  0.0031  -0.1860  0.1660  0.4002  0.000008  0.000768  0.0000
  234  0.0036  0.0044  0.0023  -0.1859  0.1665  0.4022  0.000008  0.000755  0.0000
  235  0.0035  0.0034  0.0022  -0.1862  0.1659  0.4036  0.000007  0.000741  0.0000
  236  0.0034  0.0097  0.0013  -0.1857  0.1656  0.4050  0.000007  0.000727  0.0000
  237  0.0033  0.0070  0.0016  -0.1859  0.1653  0.4056  0.000007  0.000713  0.0000
  238  0.0032  0.0053  0.0013  -0.1859  0.1658  0.4055  0.000007  0.000699  0.0000
  239  0.0032  0.0100  0.0015  -0.1860  0.1659  0.4031  0.000007  0.000684  0.0000
  240  0.0031  0.0020  0.0010  -0.1863  0.1660  0.4043  0.000007  0.000669  0.0000
  241  0.0030  0.0039  0.0009  -0.1861  0.1663  0.4041  0.000007  0.000655  0.0000
  242  0.0029  0.0034  0.0011  -0.1862  0.1665  0.4040  0.000006  0.000639  0.0000
  243  0.0028  0.0028  0.0008  -0.1861  0.1666  0.4009  0.000006  0.000624  0.0000
  244  0.0028  0.0055  0.0011  -0.1863  0.1670  0.4057  0.000006  0.000609  0.0000
  245  0.0027  0.0022  0.0008  -0.1862  0.1666  0.4028  0.000006  0.000594  0.0000
  246  0.0027  0.0023  0.0010  -0.1862  0.1665  0.4018  0.000006  0.000578  0.0000
  247  0.0026  0.0027  0.0008  -0.1863  0.1663  0.4016  0.000006  0.000563  0.0000
  248  0.0026  0.0013  0.0008  -0.1864  0.1667  0.4000  0.000005  0.000547  0.0000
  249  0.0025  0.0012  0.0008  -0.1863  0.1669  0.4002  0.000005  0.000531  0.0000
  250  0.0025  0.0024  0.0008  -0.1864  0.1670  0.3996  0.000005  0.000516  0.0000
  251  0.0025  0.0021  0.0007  -0.1863  0.1674  0.4015  0.000005  0.000500  0.0000
  252  0.0024  0.0014  0.0007  -0.1864  0.1676  0.4024  0.000005  0.000484  0.0000
  253  0.0024  0.0016  0.0007  -0.1863  0.1673  0.3999  0.000005  0.000469  0.0000
  254  0.0024  0.0016  0.0006  -0.1866  0.1670  0.4019  0.000005  0.000453  0.0000
  255  0.0024  0.0017  0.0007  -0.1863  0.1668  0.4052  0.000004  0.000437  0.0000
  256  0.0023  0.0013  0.0007  -0.1865  0.1672  0.4031  0.000004  0.000422  0.0000
  257  0.0023  0.0013  0.0007  -0.1866  0.1677  0.4023  0.000004  0.000406  0.0000
  258  0.0022  0.0012  0.0007  -0.1868  0.1680  0.4035  0.000004  0.000391  0.0000
  259  0.0022  0.0011  0.0006  -0.1869  0.1679  0.4034  0.000004  0.000376  0.0000
  260  0.0022  0.0015  0.0006  -0.1869  0.1682  0.4030  0.000004  0.000361  0.0000
  261  0.0021  0.0010  0.0007  -0.1867  0.1682  0.4040  0.000003  0.000345  0.0000
  262  0.0021  0.0011  0.0006  -0.1867  0.1682  0.4036  0.000003  0.000331  0.0000
  263  0.0021  0.0012  0.0006  -0.1868  0.1680  0.4031  0.000003  0.000316  0.0000
  264  0.0020  0.0009  0.0006  -0.1867  0.1679  0.4034  0.000003  0.000301  0.0000
  265  0.0020  0.0011  0.0006  -0.1867  0.1678  0.4045  0.000003  0.000287  0.0000
  266  0.0020  0.0011  0.0006  -0.1867  0.1681  0.4039  0.000003  0.000273  0.0000
  267  0.0020  0.0008  0.0006  -0.1870  0.1681  0.4036  0.000003  0.000259  0.0000
  268  0.0020  0.0010  0.0006  -0.1868  0.1685  0.4032  0.000002  0.000245  0.0000
  269  0.0019  0.0009  0.0005  -0.1868  0.1684  0.4036  0.000002  0.000232  0.0000
  270  0.0019  0.0009  0.0005  -0.1867  0.1682  0.4045  0.000002  0.000219  0.0000
  271  0.0019  0.0009  0.0005  -0.1869  0.1683  0.4024  0.000002  0.000206  0.0000
  272  0.0019  0.0009  0.0005  -0.1869  0.1684  0.4035  0.000002  0.000194  0.0000
  273  0.0019  0.0009  0.0005  -0.1870  0.1684  0.4040  0.000002  0.000181  0.0000
  274  0.0019  0.0009  0.0005  -0.1871  0.1684  0.4050  0.000002  0.000169  0.0000
  275  0.0018  0.0010  0.0005  -0.1871  0.1685  0.4050  0.000002  0.000158  0.0000
  276  0.0018  0.0008  0.0005  -0.1871  0.1684  0.4047  0.000001  0.000146  0.0000
  277  0.0018  0.0008  0.0005  -0.1870  0.1685  0.4040  0.000001  0.000136  0.0000
  278  0.0018  0.0008  0.0005  -0.1872  0.1687  0.4046  0.000001  0.000125  0.0000
  279  0.0018  0.0008  0.0005  -0.1870  0.1684  0.4027  0.000001  0.000115  0.0000
  280  0.0018  0.0008  0.0005  -0.1870  0.1686  0.4038  0.000001  0.000105  0.0000
  281  0.0018  0.0008  0.0005  -0.1868  0.1687  0.4045  0.000001  0.000095  0.0000
  282  0.0018  0.0008  0.0005  -0.1870  0.1687  0.4048  0.000001  0.000086  0.0000
  283  0.0018  0.0008  0.0005  -0.1872  0.1688  0.4057  0.000001  0.000078  0.0000
  284  0.0018  0.0007  0.0005  -0.1869  0.1688  0.4041  0.000001  0.000070  0.0000
  285  0.0018  0.0008  0.0005  -0.1870  0.1687  0.4043  0.000001  0.000062  0.0000
  286  0.0018  0.0008  0.0005  -0.1871  0.1688  0.4036  0.000001  0.000054  0.0000
  287  0.0017  0.0008  0.0005  -0.1870  0.1687  0.4031  0.000000  0.000048  0.0000
  288  0.0017  0.0007  0.0005  -0.1870  0.1687  0.4042  0.000000  0.000041  0.0000
  289  0.0017  0.0008  0.0005  -0.1872  0.1687  0.4036  0.000000  0.000035  0.0000
  290  0.0017  0.0008  0.0005  -0.1868  0.1687  0.4022  0.000000  0.000030  0.0000
  291  0.0017  0.0007  0.0005  -0.1872  0.1687  0.4032  0.000000  0.000024  0.0000
  292  0.0017  0.0007  0.0005  -0.1870  0.1686  0.4036  0.000000  0.000020  0.0000
  293  0.0017  0.0008  0.0005  -0.1872  0.1687  0.4023  0.000000  0.000016  0.0000
  294  0.0017  0.0007  0.0005  -0.1870  0.1688  0.4022  0.000000  0.000012  0.0000
  295  0.0017  0.0008  0.0005  -0.1868  0.1687  0.4036  0.000000  0.000009  0.0000
  296  0.0017  0.0008  0.0005  -0.1871  0.1687  0.4045  0.000000  0.000006  0.0000
  297  0.0017  0.0007  0.0005  -0.1872  0.1688  0.4034  0.000000  0.000004  0.0000
  298  0.0017  0.0007  0.0005  -0.1870  0.1687  0.4033  0.000000  0.000002  0.0000
  299  0.0017  0.0008  0.0005  -0.1871  0.1687  0.4040  0.000000  0.000001  0.0000
  300  0.0017  0.0008  0.0005  -0.1869  0.1687  0.4035  0.000000  0.000000  0.0000
