epoch   recon     ltr    case     attn     div     hit  recode  content    traj     pen  rr_cls  rr_ltr  rr_cas   lr_attn    lr_mot   scaff  time
-------------------------------------------------------------------------------------------------------------------------------------------------
    1  0.0065  0.0652  0.0384  -1.8423  0.0766  0.3812  0.0045   0.0137  0.4420  0.6877  14.7186  0.0728  0.6719  0.001000  0.001000  1.0000  79.1s
    2  0.0062  0.0586  0.0567  -1.8429  0.0753  0.3837  0.0041   0.0092  0.4616  0.6703  11.1263  0.1229  0.5367  0.001000  0.001000  0.9925  75.8s
    3  0.0060  0.0743  0.0849  -1.8432  0.0745  0.3869  0.0040   0.0090  0.4979  0.5547  11.3477  0.1184  0.5686  0.001000  0.001000  0.9851  76.9s
    4  0.0059  0.0702  0.0997  -1.8438  0.0739  0.3899  0.0038   0.0052  0.4479  0.4918  10.0849  0.1858  0.5760  0.000999  0.000999  0.9776  75.1s
    5  0.0063  0.1219  0.1241  -1.8433  0.0739  0.3899  0.0044   0.0124  0.4149  0.3505  8.8606  0.2554  0.6320  0.000999  0.000999  0.9701  75.0s
    6  0.0061  0.0865  0.1151  -1.8435  0.0734  0.3917  0.0041   0.0137  0.4166  0.3124  6.9069  0.3479  0.6866  0.000998  0.000998  0.9627  75.3s
    7  0.0060  0.0889  0.1151  -1.8435  0.0732  0.3904  0.0040   0.0124  0.4264  0.2898  6.5412  0.3776  0.7089  0.000998  0.000998  0.9552  77.2s
    8  0.0059  0.0778  0.1315  -1.8437  0.0730  0.3911  0.0038   0.0121  0.4232  0.2336  5.8187  0.4233  0.7260  0.000997  0.000997  0.9478  75.3s
    9  0.0060  0.0878  0.1318  -1.8434  0.0729  0.3924  0.0039   0.0122  0.4096  0.2062  5.2480  0.4512  0.7417  0.000996  0.000996  0.9403  75.4s
   10  0.0061  0.0971  0.1459  -1.8435  0.0727  0.3923  0.0040   0.0134  0.4027  0.2206  4.6472  0.4448  0.7128  0.000995  0.000995  0.9328  76.2s
   11  0.0062  0.0988  0.1706  -1.8436  0.0729  0.3924  0.0042   0.0159  0.3970  0.1982  4.2083  0.4746  0.7532  0.000994  0.000994  0.9254  75.8s
   12  0.0062  0.1118  0.1886  -1.8440  0.0727  0.3920  0.0041   0.0096  0.3886  0.2107  3.6889  0.5260  0.7380  0.000993  0.000993  0.9179  77.1s
   13  0.0063  0.1066  0.1867  -1.8436  0.0728  0.3921  0.0042   0.0179  0.3916  0.2111  3.6698  0.4995  0.7286  0.000991  0.000991  0.9104  77.8s
   14  0.0058  0.0873  0.1916  -1.8442  0.0724  0.3928  0.0036   0.0094  0.3909  0.2015  3.0688  0.5793  0.7623  0.000990  0.000990  0.9030  77.0s
   15  0.0054  0.0738  0.1855  -1.8446  0.0720  0.3936  0.0029   0.0068  0.3849  0.1865  2.5939  0.6312  0.7823  0.000988  0.000988  0.8955  75.9s
   16  0.0057  0.0927  0.1946  -1.8442  0.0721  0.3932  0.0034   0.0146  0.3824  0.1739  2.5732  0.6151  0.7614  0.000986  0.000986  0.8881  75.3s
   17  0.0059  0.1013  0.2087  -1.8443  0.0719  0.3937  0.0037   0.0104  0.3900  0.1663  2.8436  0.5941  0.7562  0.000984  0.000984  0.8806  78.2s
   18  0.0056  0.0897  0.2075  -1.8444  0.0720  0.3943  0.0033   0.0122  0.3956  0.1728  2.7708  0.5681  0.7333  0.000982  0.000982  0.8731  76.1s
   19  0.0064  0.1311  0.2191  -1.8432  0.0722  0.3938  0.0045   0.0225  0.3930  0.2239  4.0876  0.5022  0.7031  0.000980  0.000980  0.8657  76.4s
   20  0.0059  0.1047  0.2260  -1.8441  0.0719  0.3923  0.0038   0.0105  0.3783  0.1673  3.1869  0.5508  0.7345  0.000978  0.000978  0.8582  77.0s
   21  0.0057  0.0906  0.2110  -1.8443  0.0718  0.3921  0.0034   0.0096  0.3819  0.1686  2.2284  0.6127  0.7858  0.000976  0.000976  0.8507  76.2s
   22  0.0059  0.1144  0.2108  -1.8443  0.0720  0.3947  0.0037   0.0074  0.3868  0.1614  2.3613  0.6070  0.7726  0.000973  0.000973  0.8433  75.7s
   23  0.0051  0.0783  0.1961  -1.8449  0.0716  0.3938  0.0024   0.0066  0.3762  0.1569  1.4505  0.7407  0.8245  0.000970  0.000970  0.8358  76.6s
   24  0.0052  0.0795  0.1977  -1.8450  0.0717  0.3960  0.0026   0.0041  0.3727  0.1585  1.3989  0.7446  0.8405  0.000968  0.000968  0.8284  76.2s
   25  0.0053  0.0844  0.1999  -1.8449  0.0716  0.3945  0.0029   0.0065  0.3738  0.1515  1.6196  0.6985  0.8194  0.000965  0.000965  0.8209  75.9s
   26  0.0060  0.1254  0.2173  -1.8444  0.0720  0.3941  0.0037   0.0127  0.3770  0.1432  2.2526  0.6337  0.7710  0.000962  0.000962  0.8134  77.9s
   27  0.0072  0.2102  0.2397  -1.8431  0.0727  0.3916  0.0056   0.0314  0.3801  0.1702  3.3783  0.4997  0.7247  0.000959  0.000959  0.8060  74.9s
   28  0.0062  0.1305  0.2283  -1.8441  0.0719  0.3932  0.0041   0.0125  0.3907  0.1729  2.2846  0.5898  0.7830  0.000956  0.000956  0.7985  74.7s
   29  0.0063  0.1612  0.2223  -1.8438  0.0719  0.3928  0.0042   0.0150  0.4040  0.1633  2.7865  0.5628  0.7517  0.000952  0.000952  0.7910  75.7s
   30  0.0065  0.1610  0.2161  -1.8440  0.0718  0.3933  0.0045   0.0111  0.3921  0.1789  2.7366  0.5303  0.7691  0.000949  0.000949  0.7836  76.1s
   31  0.0059  0.1278  0.2320  -1.8443  0.0718  0.3926  0.0038   0.0167  0.3977  0.1869  2.8963  0.4985  0.7636  0.000946  0.000946  0.7761  74.0s
   32  0.0055  0.1235  0.2249  -1.8448  0.0717  0.3943  0.0031   0.0078  0.3984  0.1663  1.9960  0.6164  0.7836  0.000942  0.000942  0.7687  75.0s
   33  0.0057  0.1463  0.2308  -1.8448  0.0719  0.3940  0.0033   0.0111  0.4026  0.1547  2.2400  0.6245  0.7499  0.000938  0.000938  0.7612  75.2s
   34  0.0070  0.2363  0.2779  -1.8441  0.0726  0.3905  0.0053   0.0148  0.3954  0.1764  3.1729  0.5039  0.7247  0.000934  0.000934  0.7537  78.0s
   35  0.0066  0.1910  0.2624  -1.8440  0.0722  0.3917  0.0047   0.0203  0.4116  0.2022  3.0079  0.4973  0.7112  0.000930  0.000930  0.7463  74.7s
   36  0.0062  0.1420  0.2631  -1.8444  0.0719  0.3944  0.0040   0.0133  0.4218  0.1868  2.7863  0.5135  0.7440  0.000926  0.000926  0.7388  74.9s
   37  0.0071  0.2300  0.2737  -1.8434  0.0719  0.3947  0.0054   0.0141  0.4210  0.1505  2.8156  0.4484  0.7295  0.000922  0.000922  0.7313  74.5s
   38  0.0075  0.2557  0.2778  -1.8425  0.0727  0.3928  0.0059   0.0366  0.4161  0.1639  3.2372  0.4233  0.7146  0.000918  0.000918  0.7239  76.2s
   39  0.0057  0.1276  0.2478  -1.8446  0.0716  0.3936  0.0034   0.0122  0.4090  0.1757  2.7049  0.5254  0.7340  0.000914  0.000914  0.7164  76.1s
   40  0.0059  0.1558  0.2642  -1.8441  0.0719  0.3919  0.0037   0.0206  0.3965  0.1749  2.4342  0.5487  0.7448  0.000909  0.000909  0.7090  77.2s
   41  0.0069  0.2174  0.3007  -1.8437  0.0725  0.3933  0.0051   0.0148  0.3911  0.1643  3.0787  0.4528  0.7064  0.000905  0.000905  0.7015  74.2s
   42  0.0064  0.1965  0.2664  -1.8444  0.0720  0.3936  0.0044   0.0113  0.4016  0.1714  3.1319  0.4406  0.7316  0.000900  0.000900  0.6940  74.8s
   43  0.0068  0.2246  0.2799  -1.8437  0.0725  0.3931  0.0049   0.0243  0.4038  0.1684  3.6943  0.4033  0.6834  0.000895  0.000895  0.6866  77.0s
   44  0.0058  0.1543  0.2785  -1.8443  0.0715  0.3957  0.0035   0.0123  0.4037  0.1607  3.6482  0.4281  0.6990  0.000890  0.000890  0.6791  77.3s
   45  0.0069  0.2876  0.3447  -1.8437  0.0720  0.3905  0.0049   0.0153  0.3914  0.1560  3.5892  0.4181  0.6709  0.000885  0.000885  0.6716  76.7s
   46  0.0073  0.2889  0.3335  -1.8431  0.0723  0.3922  0.0057   0.0249  0.3815  0.1445  4.1749  0.3200  0.6696  0.000880  0.000880  0.6642  74.8s
   47  0.0060  0.1621  0.3174  -1.8446  0.0718  0.3950  0.0038   0.0112  0.3730  0.1457  2.7649  0.4837  0.6612  0.000875  0.000875  0.6567  77.3s
   48  0.0059  0.1597  0.3049  -1.8446  0.0716  0.3944  0.0036   0.0095  0.3783  0.1430  2.5085  0.5383  0.6908  0.000870  0.000870  0.6493  78.9s
   49  0.0056  0.1609  0.3053  -1.8444  0.0713  0.3928  0.0031   0.0089  0.3889  0.1431  2.6638  0.5154  0.7158  0.000864  0.000864  0.6418  75.5s
   50  0.0075  0.3660  0.3322  -1.8431  0.0723  0.3926  0.0061   0.0111  0.3943  0.1393  4.0238  0.3665  0.6344  0.000859  0.000859  0.6343  75.9s
   51  0.0057  0.1919  0.3005  -1.8441  0.0714  0.3946  0.0034   0.0183  0.3915  0.1443  2.8670  0.5029  0.6722  0.000854  0.000854  0.6269  76.1s
   52  0.0056  0.1653  0.2988  -1.8445  0.0715  0.3935  0.0031   0.0097  0.3920  0.1632  3.7214  0.4419  0.6606  0.000848  0.000848  0.6194  76.4s
   53  0.0061  0.1912  0.3136  -1.8450  0.0725  0.3923  0.0039   0.0078  0.3923  0.1800  3.8581  0.4324  0.6084  0.000842  0.000842  0.6119  75.0s
   54  0.0065  0.2251  0.3220  -1.8447  0.0722  0.3935  0.0044   0.0083  0.4001  0.1667  3.7159  0.4418  0.6339  0.000837  0.000837  0.6045  76.8s
   55  0.0078  0.3414  0.3409  -1.8411  0.0731  0.3880  0.0064   0.0422  0.3943  0.1618  3.8621  0.3872  0.6661  0.000831  0.000831  0.5970  77.1s
   56  0.0066  0.2648  0.3150  -1.8435  0.0720  0.3930  0.0048   0.0221  0.4146  0.1774  3.1908  0.4286  0.6897  0.000825  0.000825  0.5896  77.5s
   57  0.0072  0.2979  0.3325  -1.8435  0.0727  0.3900  0.0057   0.0208  0.4137  0.1814  3.0647  0.4550  0.6372  0.000819  0.000819  0.5821  75.5s
   58  0.0065  0.2359  0.3173  -1.8438  0.0715  0.3927  0.0047   0.0124  0.4160  0.1671  2.9612  0.4435  0.6735  0.000813  0.000813  0.5746  75.2s
   59  0.0065  0.2502  0.3191  -1.8441  0.0717  0.3914  0.0046   0.0078  0.4157  0.1588  4.5989  0.3375  0.6142  0.000806  0.000806  0.5672  78.3s
   60  0.0066  0.2660  0.3098  -1.8446  0.0726  0.3939  0.0048   0.0139  0.4214  0.2031  4.1033  0.3613  0.6430  0.000800  0.000800  0.5597  76.7s
   61  0.0064  0.2467  0.3064  -1.8443  0.0722  0.3941  0.0045   0.0131  0.4311  0.1411  4.7305  0.3605  0.6265  0.000794  0.000794  0.5522  77.6s
   62  0.0064  0.2437  0.3129  -1.8439  0.0721  0.3910  0.0043   0.0229  0.4221  0.1337  5.2900  0.2901  0.5869  0.000788  0.000788  0.5448  76.9s
   63  0.0069  0.2860  0.3313  -1.8436  0.0718  0.3916  0.0052   0.0134  0.4191  0.1402  6.6559  0.2215  0.5574  0.000781  0.000781  0.5373  77.3s
   64  0.0059  0.2098  0.2902  -1.8446  0.0716  0.3935  0.0038   0.0132  0.4277  0.1594  5.6127  0.2426  0.5665  0.000775  0.000775  0.5299  75.0s
   65  0.0065  0.3163  0.3547  -1.8440  0.0715  0.3934  0.0047   0.0136  0.4685  0.1596  8.3333  0.1800  0.5641  0.000768  0.000768  0.5224  79.3s
   66  0.0071  0.3126  0.3542  -1.8434  0.0719  0.3916  0.0055   0.0166  0.4681  0.1602  6.7750  0.2161  0.5716  0.000761  0.000761  0.5149  75.8s
   67  0.0059  0.2104  0.3198  -1.8451  0.0718  0.3936  0.0038   0.0073  0.5127  0.1865  6.3358  0.1668  0.5725  0.000755  0.000755  0.5075  77.8s
   68  0.0069  0.2948  0.3542  -1.8438  0.0714  0.3895  0.0052   0.0085  0.5287  0.1748  5.8845  0.2212  0.5819  0.000748  0.000748  0.5000  76.0s
   69  0.0063  0.2261  0.3324  -1.8443  0.0719  0.3907  0.0043   0.0192  0.5573  0.1596  5.6008  0.2912  0.6010  0.000741  0.000741  0.4925  77.6s
   70  0.0075  0.3522  0.3341  -1.8441  0.0734  0.3962  0.0059   0.0212  0.5182  0.1523  6.6328  0.2294  0.6077  0.000734  0.000734  0.4851  75.5s
   71  0.0064  0.2898  0.3243  -1.8432  0.0717  0.3921  0.0045   0.0286  0.5335  0.1512  6.9226  0.2244  0.5865  0.000727  0.000727  0.4776  77.3s
   72  0.0058  0.2230  0.3201  -1.8444  0.0713  0.3946  0.0035   0.0117  0.5109  0.1416  6.4137  0.2692  0.5624  0.000720  0.000720  0.4701  79.8s
   73  0.0058  0.2108  0.3225  -1.8445  0.0715  0.3940  0.0035   0.0131  0.5111  0.1372  5.9638  0.2851  0.6080  0.000713  0.000713  0.4627  77.8s
   74  0.0063  0.2283  0.3309  -1.8440  0.0717  0.3947  0.0042   0.0176  0.5260  0.1296  10.2124  0.1278  0.5364  0.000706  0.000706  0.4552  76.4s
   75  0.0073  0.3384  0.3451  -1.8438  0.0730  0.3929  0.0057   0.0242  0.5155  0.1172  12.6475  0.0780  0.5443  0.000699  0.000699  0.4478  74.6s
   76  0.0062  0.2368  0.3244  -1.8439  0.0714  0.3939  0.0040   0.0148  0.4992  0.1227  11.9481  0.0738  0.5278  0.000691  0.000691  0.4403  76.5s
   77  0.0054  0.1780  0.3142  -1.8446  0.0713  0.3929  0.0028   0.0084  0.4815  0.1176  10.8520  0.1054  0.5125  0.000684  0.000684  0.4328  74.0s
   78  0.0051  0.1578  0.3153  -1.8452  0.0715  0.3937  0.0023   0.0058  0.4765  0.1231  10.3532  0.1187  0.5375  0.000677  0.000677  0.4254  75.5s
   79  0.0063  0.2388  0.3348  -1.8444  0.0719  0.3924  0.0042   0.0106  0.4614  0.1427  11.2519  0.1173  0.5302  0.000669  0.000669  0.4179  74.6s
   80  0.0067  0.2701  0.3327  -1.8443  0.0722  0.3930  0.0048   0.0110  0.4872  0.1530  10.8987  0.1324  0.5538  0.000662  0.000662  0.4104  77.3s
   81  0.0064  0.2380  0.3252  -1.8447  0.0721  0.3937  0.0043   0.0125  0.4296  0.1624  8.7356  0.1219  0.5868  0.000655  0.000655  0.4030  75.4s
   82  0.0064  0.2486  0.3311  -1.8439  0.0715  0.3915  0.0043   0.0112  0.4231  0.1438  7.1979  0.1731  0.5582  0.000647  0.000647  0.3955  77.4s
   83  0.0056  0.1957  0.3182  -1.8445  0.0711  0.3921  0.0031   0.0081  0.4189  0.1268  5.7543  0.2271  0.5907  0.000639  0.000639  0.3881  78.0s
   84  0.0061  0.2293  0.3236  -1.8446  0.0715  0.3923  0.0039   0.0084  0.4058  0.1272  5.4387  0.2535  0.5342  0.000632  0.000632  0.3806  79.1s
   85  0.0063  0.2500  0.3108  -1.8444  0.0718  0.3936  0.0043   0.0096  0.4263  0.1238  6.1090  0.2099  0.5789  0.000624  0.000624  0.3731  73.9s
   86  0.0064  0.2529  0.3005  -1.8451  0.0728  0.3945  0.0044   0.0158  0.4188  0.1307  6.2631  0.1979  0.6101  0.000617  0.000617  0.3657  76.3s
   87  0.0060  0.2362  0.2917  -1.8441  0.0713  0.3930  0.0038   0.0141  0.4258  0.1264  6.1835  0.1968  0.5995  0.000609  0.000609  0.3582  77.9s
   88  0.0056  0.2159  0.2919  -1.8449  0.0715  0.3949  0.0032   0.0107  0.4425  0.1296  6.2130  0.2064  0.5612  0.000601  0.000601  0.3507  75.2s
   89  0.0057  0.2073  0.3005  -1.8439  0.0718  0.3930  0.0034   0.0285  0.4503  0.1758  6.4397  0.2200  0.6198  0.000594  0.000594  0.3433  77.4s
   90  0.0063  0.2510  0.2924  -1.8437  0.0712  0.3903  0.0044   0.0111  0.4550  0.1570  7.8711  0.2097  0.5798  0.000586  0.000586  0.3358  74.9s
   91  0.0056  0.1655  0.2923  -1.8449  0.0717  0.3927  0.0032   0.0115  0.4437  0.1444  8.2224  0.1974  0.5893  0.000578  0.000578  0.3284  76.1s
   92  0.0050  0.1338  0.2854  -1.8454  0.0715  0.3929  0.0022   0.0096  0.4375  0.1316  8.1771  0.1684  0.6024  0.000570  0.000570  0.3209  76.0s
   93  0.0051  0.1452  0.2799  -1.8454  0.0716  0.3943  0.0023   0.0100  0.4371  0.1248  6.4842  0.2108  0.5913  0.000563  0.000563  0.3134  80.4s
   94  0.0050  0.1416  0.2879  -1.8451  0.0715  0.3945  0.0022   0.0164  0.4578  0.1317  6.4496  0.2024  0.6302  0.000555  0.000555  0.3060  77.0s
   95  0.0059  0.1920  0.3037  -1.8446  0.0720  0.3938  0.0037   0.0167  0.4700  0.1373  8.5924  0.1811  0.5870  0.000547  0.000547  0.2985  74.8s
   96  0.0060  0.2340  0.3002  -1.8438  0.0719  0.3918  0.0037   0.0254  0.5023  0.1408  10.8583  0.1557  0.5105  0.000539  0.000539  0.2910  75.7s
   97  0.0062  0.2254  0.2957  -1.8439  0.0718  0.3897  0.0041   0.0228  0.4857  0.1456  12.8305  0.0562  0.5003  0.000531  0.000531  0.2836  74.9s
   98  0.0055  0.1688  0.2863  -1.8451  0.0718  0.3935  0.0030   0.0110  0.4487  0.1535  11.2935  0.0736  0.4967  0.000524  0.000524  0.2761  75.1s
   99  0.0060  0.2104  0.2928  -1.8445  0.0720  0.3933  0.0037   0.0140  0.4654  0.1467  9.5927  0.1084  0.4858  0.000516  0.000516  0.2687  77.0s
  100  0.0052  0.1548  0.2780  -1.8448  0.0715  0.3913  0.0025   0.0120  0.4557  0.1464  8.0461  0.1556  0.4958  0.000508  0.000508  0.2612  80.0s
  101  0.0067  0.3060  0.3221  -1.8426  0.0720  0.3879  0.0049   0.0285  0.4525  0.1421  8.8674  0.1247  0.4624  0.000500  0.000500  0.2537  77.7s
  102  0.0056  0.1866  0.2860  -1.8451  0.0719  0.3916  0.0031   0.0094  0.4496  0.1493  9.0150  0.1182  0.4869  0.000492  0.000492  0.2463  78.8s
  103  0.0053  0.1813  0.2761  -1.8451  0.0715  0.3927  0.0027   0.0042  0.4430  0.1494  8.5552  0.0972  0.4811  0.000484  0.000484  0.2388  83.1s
  104  0.0049  0.1401  0.2684  -1.8453  0.0714  0.3933  0.0020   0.0030  0.4301  0.1403  7.6676  0.1272  0.5101  0.000476  0.000476  0.2313  79.1s
  105  0.0046  0.1266  0.2600  -1.8456  0.0714  0.3929  0.0015   0.0023  0.4124  0.1356  7.6297  0.1381  0.5038  0.000469  0.000469  0.2239  76.8s
  106  0.0046  0.1268  0.2580  -1.8457  0.0714  0.3927  0.0015   0.0015  0.4128  0.1396  7.1008  0.1590  0.5260  0.000461  0.000461  0.2164  77.1s
  107  0.0046  0.1192  0.2575  -1.8456  0.0713  0.3925  0.0015   0.0014  0.4229  0.1452  6.5556  0.1912  0.5358  0.000453  0.000453  0.2090  77.1s
  108  0.0051  0.1414  0.2626  -1.8459  0.0721  0.3931  0.0023   0.0094  0.4524  0.1631  8.0470  0.1592  0.5580  0.000445  0.000445  0.2015  76.5s
  109  0.0050  0.1471  0.2663  -1.8450  0.0715  0.3938  0.0022   0.0160  0.4603  0.1527  6.3755  0.2159  0.5450  0.000437  0.000437  0.1940  77.9s
  110  0.0054  0.1840  0.2773  -1.8448  0.0715  0.3929  0.0028   0.0105  0.4629  0.1465  5.5204  0.2089  0.5441  0.000430  0.000430  0.1866  75.1s
  111  0.0060  0.2288  0.2918  -1.8449  0.0719  0.3904  0.0038   0.0110  0.4659  0.1538  6.8888  0.1509  0.5298  0.000422  0.000422  0.1791  80.0s
  112  0.0052  0.1531  0.2731  -1.8450  0.0711  0.3926  0.0025   0.0070  0.4622  0.1494  6.5021  0.1560  0.5449  0.000414  0.000414  0.1716  77.2s
  113  0.0051  0.1419  0.2731  -1.8449  0.0711  0.3908  0.0023   0.0069  0.4570  0.1446  5.5182  0.1828  0.4770  0.000406  0.000406  0.1642  75.7s
  114  0.0048  0.1191  0.2709  -1.8455  0.0714  0.3913  0.0017   0.0061  0.4487  0.1495  5.5632  0.1913  0.4960  0.000399  0.000399  0.1567  75.4s
  115  0.0049  0.1224  0.2613  -1.8452  0.0716  0.3934  0.0020   0.0115  0.4242  0.1507  5.8042  0.2146  0.5260  0.000391  0.000391  0.1493  75.6s
  116  0.0051  0.1367  0.2546  -1.8447  0.0710  0.3940  0.0023   0.0044  0.4199  0.1384  6.4802  0.1959  0.5064  0.000383  0.000383  0.1418  75.5s
  117  0.0049  0.1233  0.2674  -1.8454  0.0712  0.3925  0.0018   0.0025  0.4049  0.1505  5.1326  0.2519  0.4902  0.000376  0.000376  0.1343  75.9s
  118  0.0051  0.1435  0.2618  -1.8457  0.0719  0.3931  0.0024   0.0085  0.4190  0.1569  4.6988  0.2728  0.4972  0.000368  0.000368  0.1269  77.3s
  119  0.0047  0.1141  0.2536  -1.8456  0.0713  0.3922  0.0017   0.0046  0.4145  0.1553  5.0271  0.2692  0.5136  0.000361  0.000361  0.1194  75.6s
  120  0.0044  0.1032  0.2502  -1.8459  0.0715  0.3947  0.0012   0.0045  0.4194  0.1468  5.4439  0.2297  0.5819  0.000353  0.000353  0.1119  76.8s
  121  0.0044  0.1008  0.2438  -1.8457  0.0713  0.3949  0.0012   0.0052  0.4252  0.1525  5.5179  0.2155  0.5591  0.000345  0.000345  0.1045  77.2s
  122  0.0045  0.1092  0.2447  -1.8458  0.0715  0.3943  0.0015   0.0050  0.4222  0.1713  5.8190  0.2017  0.5436  0.000338  0.000338  0.1000  75.9s
  123  0.0052  0.1519  0.2586  -1.8450  0.0710  0.3927  0.0023   0.0057  0.4173  0.1640  5.1819  0.2466  0.5497  0.000331  0.000331  0.1000  76.3s
  124  0.0056  0.1847  0.2592  -1.8455  0.0720  0.3932  0.0033   0.0109  0.4210  0.1607  6.5483  0.1642  0.5383  0.000323  0.000323  0.1000  76.8s
  125  0.0053  0.1627  0.2664  -1.8447  0.0710  0.3923  0.0027   0.0074  0.4220  0.1807  8.3300  0.1409  0.5179  0.000316  0.000316  0.1000  78.0s
  126  0.0049  0.1357  0.2608  -1.8458  0.0717  0.3942  0.0019   0.0042  0.4174  0.1634  8.1578  0.1447  0.5198  0.000309  0.000309  0.1000  76.9s
  127  0.0046  0.1262  0.2503  -1.8459  0.0716  0.3965  0.0015   0.0045  0.4172  0.1744  6.4603  0.1880  0.5243  0.000301  0.000301  0.1000  77.5s
  128  0.0045  0.1185  0.2478  -1.8458  0.0715  0.3958  0.0014   0.0052  0.4277  0.2408  6.7545  0.1802  0.5337  0.000294  0.000294  0.1000  77.1s
  129  0.0050  0.1417  0.2563  -1.8452  0.0716  0.3970  0.0023   0.0154  0.4311  0.2804  6.5086  0.2123  0.5311  0.000287  0.000287  0.1000  75.6s
  130  0.0059  0.2150  0.2650  -1.8439  0.0722  0.3937  0.0038   0.0446  0.4367  0.3411  8.5398  0.1816  0.5405  0.000280  0.000280  0.1000  77.5s
  131  0.0049  0.1429  0.2516  -1.8454  0.0716  0.3970  0.0021   0.0144  0.4767  0.3475  7.8247  0.1824  0.5169  0.000273  0.000273  0.1000  75.5s
  132  0.0047  0.1414  0.2411  -1.8458  0.0717  0.3963  0.0018   0.0084  0.4888  0.3170  6.3506  0.1879  0.5345  0.000266  0.000266  0.1000  76.7s
  133  0.0045  0.1221  0.2368  -1.8457  0.0714  0.3969  0.0013   0.0057  0.4911  0.3640  5.7169  0.2296  0.5566  0.000259  0.000259  0.1000  77.1s
  134  0.0046  0.1250  0.2430  -1.8455  0.0715  0.3956  0.0017   0.0138  0.4680  0.3414  5.6075  0.2311  0.5380  0.000252  0.000252  0.1000  76.0s
  135  0.0044  0.1229  0.2396  -1.8457  0.0713  0.3952  0.0013   0.0056  0.4483  0.2763  5.1847  0.2597  0.5396  0.000245  0.000245  0.1000  81.1s
  136  0.0043  0.1164  0.2425  -1.8458  0.0714  0.3946  0.0011   0.0050  0.4502  0.2757  5.1244  0.2680  0.5096  0.000239  0.000239  0.1000  77.3s
  137  0.0042  0.1112  0.2426  -1.8459  0.0713  0.3950  0.0009   0.0029  0.4496  0.2689  4.8960  0.2659  0.5518  0.000232  0.000232  0.1000  79.6s
  138  0.0042  0.1112  0.2402  -1.8461  0.0715  0.3947  0.0010   0.0020  0.4475  0.2612  5.3488  0.2773  0.5622  0.000225  0.000225  0.1000  76.5s
  139  0.0042  0.1083  0.2358  -1.8458  0.0712  0.3947  0.0009   0.0027  0.4356  0.2742  5.8214  0.2562  0.6062  0.000219  0.000219  0.1000  78.1s
  140  0.0053  0.1726  0.2693  -1.8441  0.0707  0.3937  0.0028   0.0200  0.4410  0.2896  5.6789  0.2347  0.5111  0.000212  0.000212  0.1000  76.8s
  141  0.0046  0.1256  0.2467  -1.8457  0.0714  0.3939  0.0015   0.0057  0.4453  0.2854  5.5250  0.2739  0.5307  0.000206  0.000206  0.1000  78.1s
  142  0.0046  0.1279  0.2489  -1.8453  0.0710  0.3956  0.0015   0.0082  0.4521  0.2773  5.1795  0.3067  0.5471  0.000200  0.000200  0.1000  76.4s
  143  0.0045  0.1235  0.2509  -1.8459  0.0716  0.3958  0.0014   0.0060  0.4623  0.3070  4.4435  0.3531  0.6012  0.000194  0.000194  0.1000  77.6s
  144  0.0046  0.1333  0.2436  -1.8463  0.0720  0.3952  0.0014   0.0050  0.4609  0.3438  4.7644  0.3408  0.6203  0.000187  0.000187  0.1000  78.5s
  145  0.0042  0.1066  0.2449  -1.8460  0.0713  0.3950  0.0009   0.0061  0.4535  0.3257  4.4772  0.3461  0.6274  0.000181  0.000181  0.1000  75.8s
  146  0.0041  0.1010  0.2437  -1.8460  0.0713  0.3957  0.0008   0.0041  0.4520  0.3119  4.1823  0.3635  0.6396  0.000175  0.000175  0.1000  80.0s
  147  0.0041  0.0995  0.2454  -1.8460  0.0713  0.3948  0.0008   0.0037  0.4538  0.3275  4.1491  0.3684  0.6422  0.000169  0.000169  0.1000  76.5s
  148  0.0041  0.0982  0.2454  -1.8460  0.0713  0.3949  0.0008   0.0041  0.4537  0.3453  3.9606  0.3999  0.6406  0.000163  0.000163  0.1000  78.5s
  149  0.0041  0.0980  0.2468  -1.8460  0.0713  0.3951  0.0007   0.0036  0.4598  0.3360  3.8699  0.4127  0.6310  0.000158  0.000158  0.1000  76.4s
  150  0.0041  0.1018  0.2442  -1.8460  0.0713  0.3948  0.0008   0.0042  0.4536  0.3106  3.7489  0.4059  0.6406  0.000152  0.000152  0.1000  77.2s
  151  0.0041  0.1011  0.2400  -1.8460  0.0713  0.3954  0.0008   0.0032  0.4536  0.3134  3.5335  0.4074  0.6430  0.000146  0.000146  0.1000  76.1s
  152  0.0041  0.1001  0.2391  -1.8461  0.0714  0.3951  0.0007   0.0048  0.4525  0.3156  3.4974  0.4215  0.6392  0.000141  0.000141  0.1000  74.7s
  153  0.0041  0.1010  0.2428  -1.8459  0.0712  0.3946  0.0008   0.0036  0.4517  0.3188  3.5953  0.4274  0.6317  0.000136  0.000136  0.1000  74.9s
  154  0.0043  0.1047  0.2460  -1.8460  0.0714  0.3952  0.0010   0.0036  0.4549  0.3047  3.5131  0.4181  0.6336  0.000130  0.000130  0.1000  75.3s
  155  0.0045  0.1127  0.2450  -1.8458  0.0715  0.3945  0.0014   0.0098  0.4488  0.3093  3.8010  0.3974  0.6379  0.000125  0.000125  0.1000  75.7s
  156  0.0043  0.0980  0.2444  -1.8459  0.0714  0.3950  0.0010   0.0077  0.4532  0.3291  3.5432  0.4569  0.6410  0.000120  0.000120  0.1000  76.9s
  157  0.0042  0.0970  0.2423  -1.8460  0.0714  0.3951  0.0009   0.0073  0.4526  0.3340  3.4469  0.4747  0.6462  0.000115  0.000115  0.1000  75.8s
  158  0.0041  0.0991  0.2401  -1.8459  0.0713  0.3942  0.0008   0.0061  0.4559  0.3638  3.5619  0.4517  0.6535  0.000110  0.000110  0.1000  75.1s
  159  0.0043  0.1078  0.2433  -1.8464  0.0719  0.3953  0.0011   0.0042  0.4559  0.3844  3.7965  0.4182  0.6307  0.000105  0.000105  0.1000  76.0s
  160  0.0042  0.1083  0.2461  -1.8460  0.0714  0.3949  0.0008   0.0036  0.4571  0.4136  3.4249  0.4524  0.6258  0.000100  0.000100  0.1000  76.3s
  161  0.0041  0.0968  0.2469  -1.8461  0.0714  0.3937  0.0007   0.0027  0.4526  0.3919  3.2685  0.4458  0.6312  0.000095  0.000095  0.1000  75.3s
  162  0.0041  0.0977  0.2424  -1.8459  0.0712  0.3936  0.0008   0.0028  0.4512  0.3708  3.2113  0.4717  0.6312  0.000091  0.000091  0.1000  75.0s
  163  0.0040  0.0935  0.2426  -1.8460  0.0713  0.3938  0.0007   0.0020  0.4470  0.3504  3.0258  0.5024  0.6494  0.000086  0.000086  0.1000  76.8s
  164  0.0040  0.0907  0.2431  -1.8461  0.0713  0.3938  0.0006   0.0023  0.4413  0.3356  2.8366  0.5141  0.6621  0.000082  0.000082  0.1000  75.7s
  165  0.0040  0.0900  0.2437  -1.8461  0.0713  0.3941  0.0006   0.0018  0.4417  0.3315  2.8693  0.5233  0.6594  0.000078  0.000078  0.1000  74.9s
  166  0.0040  0.0889  0.2427  -1.8461  0.0713  0.3942  0.0006   0.0017  0.4398  0.3447  2.8148  0.5398  0.6559  0.000074  0.000074  0.1000  77.0s
  167  0.0040  0.0879  0.2429  -1.8461  0.0713  0.3943  0.0006   0.0017  0.4389  0.3436  2.7614  0.5420  0.6607  0.000070  0.000070  0.1000  74.9s
  168  0.0040  0.0876  0.2425  -1.8461  0.0713  0.3940  0.0006   0.0014  0.4397  0.3367  2.6395  0.5449  0.6627  0.000066  0.000066  0.1000  75.5s
  169  0.0040  0.0874  0.2420  -1.8461  0.0713  0.3939  0.0006   0.0016  0.4388  0.3419  2.5160  0.5587  0.6726  0.000062  0.000062  0.1000  76.7s
  170  0.0040  0.0872  0.2423  -1.8461  0.0713  0.3942  0.0006   0.0013  0.4396  0.3547  2.4520  0.5591  0.6716  0.000058  0.000058  0.1000  75.3s
  171  0.0040  0.0868  0.2415  -1.8461  0.0713  0.3939  0.0005   0.0014  0.4410  0.3578  2.3289  0.5677  0.6740  0.000054  0.000054  0.1000  75.8s
  172  0.0040  0.0866  0.2413  -1.8461  0.0713  0.3938  0.0005   0.0016  0.4403  0.3577  2.2469  0.5758  0.6647  0.000051  0.000051  0.1000  76.4s
  173  0.0039  0.0859  0.2406  -1.8461  0.0713  0.3938  0.0005   0.0014  0.4424  0.3649  2.1481  0.5826  0.6688  0.000048  0.000048  0.1000  74.7s
  174  0.0040  0.0860  0.2413  -1.8461  0.0713  0.3941  0.0005   0.0029  0.4408  0.3661  2.0859  0.5840  0.6686  0.000044  0.000044  0.1000  75.3s
  175  0.0040  0.0851  0.2436  -1.8461  0.0713  0.3940  0.0005   0.0028  0.4394  0.3702  2.0706  0.6003  0.6681  0.000041  0.000041  0.1000  75.4s
  176  0.0040  0.0857  0.2453  -1.8462  0.0713  0.3939  0.0005   0.0026  0.4367  0.3659  2.0111  0.6045  0.6802  0.000038  0.000038  0.1000  75.0s
  177  0.0039  0.0857  0.2447  -1.8461  0.0713  0.3941  0.0005   0.0022  0.4367  0.3670  2.0614  0.6031  0.6856  0.000035  0.000035  0.1000  75.0s
  178  0.0039  0.0862  0.2446  -1.8461  0.0712  0.3937  0.0005   0.0021  0.4383  0.3671  1.9881  0.6070  0.6923  0.000032  0.000032  0.1000  75.4s
  179  0.0039  0.0857  0.2441  -1.8461  0.0712  0.3939  0.0005   0.0017  0.4384  0.3654  1.9825  0.6130  0.7008  0.000030  0.000030  0.1000  76.5s
  180  0.0039  0.0856  0.2438  -1.8461  0.0713  0.3936  0.0005   0.0017  0.4388  0.3716  1.9931  0.6107  0.6950  0.000027  0.000027  0.1000  75.5s
  181  0.0039  0.0853  0.2439  -1.8461  0.0712  0.3937  0.0005   0.0016  0.4384  0.3644  1.9474  0.6176  0.6927  0.000024  0.000024  0.1000  75.4s
  182  0.0039  0.0850  0.2441  -1.8461  0.0712  0.3939  0.0005   0.0014  0.4380  0.3610  1.9200  0.6247  0.6965  0.000022  0.000022  0.1000  75.4s
  183  0.0039  0.0848  0.2435  -1.8461  0.0712  0.3939  0.0005   0.0018  0.4371  0.3642  1.8924  0.6329  0.7022  0.000020  0.000020  0.1000  74.6s
  184  0.0039  0.0843  0.2429  -1.8461  0.0713  0.3939  0.0005   0.0014  0.4380  0.3696  1.8938  0.6302  0.7060  0.000018  0.000018  0.1000  74.8s
  185  0.0039  0.0845  0.2428  -1.8461  0.0713  0.3939  0.0005   0.0014  0.4380  0.3674  1.8734  0.6367  0.7106  0.000016  0.000016  0.1000  76.1s
  186  0.0039  0.0842  0.2427  -1.8461  0.0713  0.3937  0.0005   0.0013  0.4377  0.3663  1.8488  0.6453  0.7163  0.000014  0.000014  0.1000  75.4s
  187  0.0039  0.0843  0.2425  -1.8461  0.0712  0.3937  0.0005   0.0013  0.4380  0.3664  1.8553  0.6456  0.7164  0.000012  0.000012  0.1000  77.7s
  188  0.0039  0.0842  0.2427  -1.8461  0.0713  0.3938  0.0005   0.0011  0.4382  0.3685  1.8506  0.6435  0.7129  0.000010  0.000010  0.1000  75.7s
  189  0.0039  0.0843  0.2426  -1.8461  0.0713  0.3939  0.0005   0.0016  0.4382  0.3695  1.8260  0.6448  0.7085  0.000009  0.000009  0.1000  75.6s
  190  0.0039  0.0843  0.2425  -1.8461  0.0713  0.3939  0.0005   0.0015  0.4386  0.3709  1.8238  0.6477  0.7104  0.000007  0.000007  0.1000  75.1s
  191  0.0039  0.0840  0.2426  -1.8461  0.0712  0.3939  0.0005   0.0014  0.4386  0.3713  1.8349  0.6499  0.7074  0.000006  0.000006  0.1000  78.0s
  192  0.0039  0.0841  0.2424  -1.8461  0.0713  0.3938  0.0005   0.0014  0.4384  0.3713  1.8251  0.6524  0.7056  0.000005  0.000005  0.1000  75.6s
  193  0.0039  0.0839  0.2425  -1.8461  0.0712  0.3939  0.0005   0.0015  0.4384  0.3722  1.8123  0.6532  0.7073  0.000004  0.000004  0.1000  78.7s
  194  0.0039  0.0841  0.2423  -1.8462  0.0713  0.3939  0.0005   0.0013  0.4384  0.3720  1.8044  0.6566  0.7135  0.000003  0.000003  0.1000  79.7s
  195  0.0039  0.0840  0.2424  -1.8462  0.0713  0.3938  0.0005   0.0013  0.4384  0.3713  1.8104  0.6538  0.7106  0.000002  0.000002  0.1000  81.4s
  196  0.0039  0.0841  0.2423  -1.8461  0.0712  0.3939  0.0005   0.0013  0.4384  0.3714  1.8018  0.6565  0.7110  0.000002  0.000002  0.1000  81.1s
  197  0.0039  0.0841  0.2423  -1.8461  0.0712  0.3940  0.0005   0.0012  0.4384  0.3712  1.7903  0.6571  0.7110  0.000001  0.000001  0.1000  75.6s
  198  0.0039  0.0839  0.2423  -1.8461  0.0712  0.3940  0.0005   0.0012  0.4383  0.3712  1.7948  0.6571  0.7097  0.000001  0.000001  0.1000  75.3s
  199  0.0039  0.0840  0.2423  -1.8461  0.0712  0.3940  0.0005   0.0012  0.4383  0.3713  1.7860  0.6573  0.7103  0.000000  0.000000  0.1000  77.3s
  200  0.0039  0.0840  0.2423  -1.8461  0.0712  0.3940  0.0005   0.0012  0.4383  0.3712  1.7844  0.6591  0.7088  0.000000  0.000000  0.1000  77.1s
