# fbrl letter training
# epochs=100  batch=52  lr=0.0010→0.0000  scan=1  read=6
epoch   1  ltr=3.2407(5%)  case=0.6949(51%)  recon=0.0254  recode=0.0272  content=0.6910  guide=-1.2741  void=-1.8845  div=0.0690  hit=34%  lr=0.001000  [45.81452719s]  ETA 4856.965887308s
epoch   2  ltr=2.0950(30%)  case=0.6773(57%)  recon=0.0185  recode=0.0189  content=0.6675  guide=-1.2817  void=-1.9346  div=0.0642  hit=40%  lr=0.001000  [40.42700404s]  ETA 4466.263484001s
epoch   3  ltr=1.0612(61%)  case=0.5395(71%)  recon=0.0171  recode=0.0173  content=0.3495  guide=-1.2804  void=-1.9317  div=0.0530  hit=40%  lr=0.000999  [40.46006161s]  ETA 4361.547460397s
epoch   4  ltr=0.5412(80%)  case=0.3049(86%)  recon=0.0150  recode=0.0152  content=0.2478  guide=-1.2801  void=-1.9343  div=0.0504  hit=40%  lr=0.000998  [40.588670191s]  ETA 4250.577907562s
epoch   5  ltr=0.3911(86%)  case=0.1865(93%)  recon=0.0141  recode=0.0138  content=0.1905  guide=-1.2802  void=-1.9389  div=0.0487  hit=41%  lr=0.000996  [40.51141271s]  ETA 4165.902509928s
epoch   6  ltr=0.2589(91%)  case=0.1232(95%)  recon=0.0133  recode=0.0128  content=0.1563  guide=-1.2801  void=-1.9442  div=0.0461  hit=42%  lr=0.000994  [40.489256795s]  ETA 4120.862435341s
epoch   7  ltr=0.2248(92%)  case=0.1043(96%)  recon=0.0130  recode=0.0123  content=0.1503  guide=-1.2802  void=-1.9422  div=0.0431  hit=41%  lr=0.000991  [40.346491925s]  ETA 4052.308092969s
epoch   8  ltr=0.1767(94%)  case=0.0811(97%)  recon=0.0128  recode=0.0120  content=0.1217  guide=-1.2801  void=-1.9436  div=0.0409  hit=40%  lr=0.000988  [40.42975856s]  ETA 3991.749178529s
epoch   9  ltr=0.1410(95%)  case=0.0685(98%)  recon=0.0122  recode=0.0111  content=0.0915  guide=-1.2814  void=-1.9465  div=0.0406  hit=41%  lr=0.000984  [40.398565808s]  ETA 3951.24072912s
epoch  10  ltr=0.1543(94%)  case=0.0730(97%)  recon=0.0120  recode=0.0109  content=0.1196  guide=-1.2805  void=-1.9467  div=0.0403  hit=40%  lr=0.000980  [40.167562452s]  ETA 3893.80957675s
epoch  11  ltr=0.1404(95%)  case=0.0628(98%)  recon=0.0116  recode=0.0105  content=0.1246  guide=-1.2805  void=-1.9505  div=0.0395  hit=40%  lr=0.000976  [40.125299611s]  ETA 3838.730163466s
epoch  12  ltr=0.1345(95%)  case=0.0564(98%)  recon=0.0112  recode=0.0099  content=0.1149  guide=-1.2798  void=-1.9505  div=0.0386  hit=40%  lr=0.000970  [40.598363707s]  ETA 3800.99774758s
epoch  13  ltr=0.1360(96%)  case=0.0558(98%)  recon=0.0111  recode=0.0098  content=0.1387  guide=-1.2805  void=-1.9531  div=0.0383  hit=40%  lr=0.000965  [40.596838205s]  ETA 3751.6332966s
epoch  14  ltr=0.0899(97%)  case=0.0434(98%)  recon=0.0103  recode=0.0089  content=0.1127  guide=-1.2809  void=-1.9491  div=0.0355  hit=39%  lr=0.000959  [40.583387454s]  ETA 3703.246073791s
epoch  15  ltr=0.0934(97%)  case=0.0414(98%)  recon=0.0102  recode=0.0088  content=0.1123  guide=-1.2813  void=-1.9534  div=0.0354  hit=38%  lr=0.000952  [40.46983206s]  ETA 3664.088419199s
epoch  16  ltr=0.0983(97%)  case=0.0323(99%)  recon=0.0100  recode=0.0086  content=0.0996  guide=-1.2815  void=-1.9558  div=0.0348  hit=39%  lr=0.000946  [40.151948885s]  ETA 3614.269108593s
epoch  17  ltr=0.0903(97%)  case=0.0379(99%)  recon=0.0096  recode=0.0083  content=0.0886  guide=-1.2813  void=-1.9563  div=0.0331  hit=38%  lr=0.000938  [40.232077142s]  ETA 3565.816268444s
epoch  18  ltr=0.0824(97%)  case=0.0313(99%)  recon=0.0095  recode=0.0081  content=0.1003  guide=-1.2816  void=-1.9558  div=0.0315  hit=38%  lr=0.000930  [40.272108083s]  ETA 3525.552600622s
epoch  19  ltr=0.0742(97%)  case=0.0412(99%)  recon=0.0092  recode=0.0078  content=0.1123  guide=-1.2834  void=-1.9548  div=0.0312  hit=38%  lr=0.000922  [40.189558655s]  ETA 3477.729367469s
epoch  20  ltr=0.0722(97%)  case=0.0355(99%)  recon=0.0091  recode=0.0077  content=0.1255  guide=-1.2827  void=-1.9568  div=0.0309  hit=39%  lr=0.000914  [40.142327973s]  ETA 3430.354691505s
epoch  21  ltr=0.0648(98%)  case=0.0326(99%)  recon=0.0086  recode=0.0073  content=0.0914  guide=-1.2843  void=-1.9594  div=0.0293  hit=38%  lr=0.000905  [40.271805908s]  ETA 3389.996688604s
epoch  22  ltr=0.0519(98%)  case=0.0267(99%)  recon=0.0085  recode=0.0069  content=0.0783  guide=-1.2854  void=-1.9618  div=0.0291  hit=38%  lr=0.000895  [40.276283903s]  ETA 3343.654871724s
epoch  23  ltr=0.0478(98%)  case=0.0265(99%)  recon=0.0085  recode=0.0069  content=0.0740  guide=-1.2855  void=-1.9614  div=0.0282  hit=37%  lr=0.000885  [40.200412936s]  ETA 3297.514295236s
epoch  24  ltr=0.0366(99%)  case=0.0182(99%)  recon=0.0083  recode=0.0067  content=0.0579  guide=-1.2854  void=-1.9662  div=0.0274  hit=37%  lr=0.000875  [40.235402893s]  ETA 3256.882178624s
epoch  25  ltr=0.0579(98%)  case=0.0232(99%)  recon=0.0085  recode=0.0069  content=0.0968  guide=-1.2861  void=-1.9657  div=0.0328  hit=38%  lr=0.000864  [40.23974565s]  ETA 3211.17219615s
epoch  26  ltr=0.0365(99%)  case=0.0217(99%)  recon=0.0083  recode=0.0066  content=0.0944  guide=-1.2852  void=-1.9710  div=0.0294  hit=37%  lr=0.000854  [40.13967499s]  ETA 3165.543768314s
epoch  27  ltr=0.0205(99%)  case=0.0115(100%)  recon=0.0078  recode=0.0060  content=0.0738  guide=-1.2866  void=-1.9709  div=0.0275  hit=36%  lr=0.000842  [40.361095136s]  ETA 3125.103943781s
epoch  28  ltr=0.0200(99%)  case=0.0082(100%)  recon=0.0078  recode=0.0060  content=0.0611  guide=-1.2870  void=-1.9716  div=0.0264  hit=36%  lr=0.000831  [40.140131458s]  ETA 3079.698364939s
epoch  29  ltr=0.0183(100%)  case=0.0122(100%)  recon=0.0077  recode=0.0059  content=0.0631  guide=-1.2862  void=-1.9749  div=0.0247  hit=35%  lr=0.000819  [40.335521726s]  ETA 3035.080488739s
epoch  30  ltr=0.0254(99%)  case=0.0094(100%)  recon=0.0077  recode=0.0059  content=0.0653  guide=-1.2858  void=-1.9752  div=0.0241  hit=36%  lr=0.000806  [40.254477183s]  ETA 2994.170923313s
epoch  31  ltr=0.0105(100%)  case=0.0046(100%)  recon=0.0074  recode=0.0055  content=0.0528  guide=-1.2868  void=-1.9762  div=0.0237  hit=35%  lr=0.000794  [40.050125555s]  ETA 2949.0297114s
epoch  32  ltr=0.0263(99%)  case=0.0169(99%)  recon=0.0074  recode=0.0055  content=0.0519  guide=-1.2866  void=-1.9744  div=0.0238  hit=36%  lr=0.000781  [40.180641273s]  ETA 2904.434983611s
epoch  33  ltr=0.0244(99%)  case=0.0096(100%)  recon=0.0075  recode=0.0057  content=0.0724  guide=-1.2862  void=-1.9767  div=0.0260  hit=35%  lr=0.000768  [40.206374337s]  ETA 2863.28902954s
epoch  34  ltr=0.0252(99%)  case=0.0148(100%)  recon=0.0076  recode=0.0057  content=0.0693  guide=-1.2867  void=-1.9778  div=0.0257  hit=35%  lr=0.000755  [40.116965263s]  ETA 2818.684611377s
epoch  35  ltr=0.0105(100%)  case=0.0104(100%)  recon=0.0071  recode=0.0051  content=0.0453  guide=-1.2863  void=-1.9818  div=0.0249  hit=35%  lr=0.000741  [40.070158452s]  ETA 2774.202168635s
epoch  36  ltr=0.0128(100%)  case=0.0065(100%)  recon=0.0071  recode=0.0051  content=0.0663  guide=-1.2866  void=-1.9786  div=0.0228  hit=35%  lr=0.000727  [40.087801453s]  ETA 2732.742115445s
epoch  37  ltr=0.0129(100%)  case=0.0083(100%)  recon=0.0069  recode=0.0049  content=0.0533  guide=-1.2875  void=-1.9777  div=0.0223  hit=36%  lr=0.000713  [40.07523896s]  ETA 2688.390771718s
epoch  38  ltr=0.0357(99%)  case=0.0212(99%)  recon=0.0073  recode=0.0054  content=0.0893  guide=-1.2878  void=-1.9759  div=0.0240  hit=36%  lr=0.000699  [40.207161078s]  ETA 2647.108435179s
epoch  39  ltr=0.0080(100%)  case=0.0035(100%)  recon=0.0066  recode=0.0046  content=0.0484  guide=-1.2877  void=-1.9814  div=0.0227  hit=36%  lr=0.000684  [40.126984466s]  ETA 2602.956932471s
epoch  40  ltr=0.0183(99%)  case=0.0094(100%)  recon=0.0070  recode=0.0050  content=0.0756  guide=-1.2879  void=-1.9786  div=0.0216  hit=34%  lr=0.000669  [40.016858821s]  ETA 2558.77865088s
epoch  41  ltr=0.0088(100%)  case=0.0011(100%)  recon=0.0065  recode=0.0044  content=0.0463  guide=-1.2883  void=-1.9822  div=0.0202  hit=34%  lr=0.000655  [40.237665053s]  ETA 2517.457880433s
epoch  42  ltr=0.0082(100%)  case=0.0061(100%)  recon=0.0065  recode=0.0045  content=0.0392  guide=-1.2880  void=-1.9811  div=0.0187  hit=34%  lr=0.000639  [40.654819316s]  ETA 2474.264583156s
epoch  43  ltr=0.0017(100%)  case=0.0016(100%)  recon=0.0060  recode=0.0038  content=0.0273  guide=-1.2878  void=-1.9834  div=0.0172  hit=32%  lr=0.000624  [40.549104672s]  ETA 2430.995175095s
epoch  44  ltr=0.0038(100%)  case=0.0009(100%)  recon=0.0061  recode=0.0038  content=0.0322  guide=-1.2880  void=-1.9831  div=0.0170  hit=32%  lr=0.000609  [40.603622316s]  ETA 2389.961819215s
epoch  45  ltr=0.0123(100%)  case=0.0078(100%)  recon=0.0066  recode=0.0045  content=0.0749  guide=-1.2866  void=-1.9825  div=0.0177  hit=33%  lr=0.000594  [40.635671846s]  ETA 2346.794555929s
epoch  46  ltr=0.0075(100%)  case=0.0032(100%)  recon=0.0062  recode=0.0041  content=0.0248  guide=-1.2882  void=-1.9828  div=0.0168  hit=33%  lr=0.000578  [40.526383379s]  ETA 2303.544331499s
epoch  47  ltr=0.0046(100%)  case=0.0018(100%)  recon=0.0061  recode=0.0040  content=0.0246  guide=-1.2882  void=-1.9840  div=0.0154  hit=32%  lr=0.000563  [40.653338715s]  ETA 2262.380600873s
epoch  48  ltr=0.0116(100%)  case=0.0037(100%)  recon=0.0062  recode=0.0040  content=0.0292  guide=-1.2880  void=-1.9839  div=0.0176  hit=33%  lr=0.000547  [40.191129911s]  ETA 2218.767131706s
epoch  49  ltr=0.0116(100%)  case=0.0108(100%)  recon=0.0064  recode=0.0043  content=0.0444  guide=-1.2880  void=-1.9873  div=0.0191  hit=34%  lr=0.000531  [40.233555332s]  ETA 2175.280703705s
epoch  50  ltr=0.0041(100%)  case=0.0030(100%)  recon=0.0059  recode=0.0038  content=0.0314  guide=-1.2885  void=-1.9868  div=0.0167  hit=32%  lr=0.000516  [40.265171199s]  ETA 2133.586499691s
epoch  51  ltr=0.0055(100%)  case=0.0037(100%)  recon=0.0058  recode=0.0035  content=0.0248  guide=-1.2887  void=-1.9845  div=0.0153  hit=30%  lr=0.000500  [40.014382944s]  ETA 2090.051282873s
epoch  52  ltr=0.0018(100%)  case=0.0014(100%)  recon=0.0056  recode=0.0032  content=0.0440  guide=-1.2878  void=-1.9899  div=0.0146  hit=31%  lr=0.000484  [40.471289867s]  ETA 2046.91006213s
epoch  53  ltr=0.0146(100%)  case=0.0105(100%)  recon=0.0063  recode=0.0041  content=0.0484  guide=-1.2885  void=-1.9870  div=0.0162  hit=32%  lr=0.000469  [40.536247277s]  ETA 2005.376415905s
epoch  54  ltr=0.0014(100%)  case=0.0007(100%)  recon=0.0055  recode=0.0030  content=0.0297  guide=-1.2884  void=-1.9889  div=0.0127  hit=30%  lr=0.000453  [40.202201516s]  ETA 1962.000279621s
epoch  55  ltr=0.0014(100%)  case=0.0105(100%)  recon=0.0058  recode=0.0034  content=0.0261  guide=-1.2886  void=-1.9894  div=0.0140  hit=31%  lr=0.000437  [40.052383194s]  ETA 1918.580510486s
epoch  56  ltr=0.0003(100%)  case=0.0004(100%)  recon=0.0052  recode=0.0025  content=0.0133  guide=-1.2894  void=-1.9901  div=0.0115  hit=28%  lr=0.000422  [40.234166108s]  ETA 1876.702096939s
epoch  57  ltr=0.0081(100%)  case=0.0046(100%)  recon=0.0058  recode=0.0034  content=0.0310  guide=-1.2891  void=-1.9878  div=0.0128  hit=31%  lr=0.000406  [40.495868601s]  ETA 1833.65743993s
epoch  58  ltr=0.0002(100%)  case=0.0005(100%)  recon=0.0051  recode=0.0025  content=0.0291  guide=-1.2892  void=-1.9903  div=0.0117  hit=31%  lr=0.000391  [40.356049202s]  ETA 1790.561612951s
epoch  59  ltr=0.0020(100%)  case=0.0002(100%)  recon=0.0051  recode=0.0024  content=0.0240  guide=-1.2895  void=-1.9908  div=0.0109  hit=29%  lr=0.000376  [40.034331454s]  ETA 1748.451787819s
epoch  60  ltr=0.0016(100%)  case=0.0001(100%)  recon=0.0049  recode=0.0022  content=0.0184  guide=-1.2895  void=-1.9906  div=0.0099  hit=29%  lr=0.000361  [40.31733131s]  ETA 1705.351626237s
epoch  61  ltr=0.0003(100%)  case=0.0000(100%)  recon=0.0048  recode=0.0020  content=0.0153  guide=-1.2896  void=-1.9924  div=0.0091  hit=28%  lr=0.000345  [40.522396617s]  ETA 1662.435101779s
epoch  62  ltr=0.0004(100%)  case=0.0004(100%)  recon=0.0048  recode=0.0020  content=0.0151  guide=-1.2895  void=-1.9927  div=0.0087  hit=28%  lr=0.000331  [40.128924923s]  ETA 1620.328278165s
epoch  63  ltr=0.0036(100%)  case=0.0035(100%)  recon=0.0053  recode=0.0027  content=0.0205  guide=-1.2892  void=-1.9914  div=0.0102  hit=29%  lr=0.000316  [40.032336349s]  ETA 1577.127108756s
epoch  64  ltr=0.0012(100%)  case=0.0011(100%)  recon=0.0049  recode=0.0021  content=0.0304  guide=-1.2897  void=-1.9923  div=0.0091  hit=27%  lr=0.000301  [39.943331214s]  ETA 1533.932458922s
epoch  65  ltr=0.0001(100%)  case=0.0009(100%)  recon=0.0047  recode=0.0018  content=0.0172  guide=-1.2892  void=-1.9929  div=0.0084  hit=27%  lr=0.000287  [40.033484785s]  ETA 1491.735941795s
epoch  66  ltr=0.0002(100%)  case=0.0002(100%)  recon=0.0047  recode=0.0017  content=0.0231  guide=-1.2891  void=-1.9931  div=0.0081  hit=27%  lr=0.000273  [40.035099081s]  ETA 1448.634691571s
epoch  67  ltr=0.0016(100%)  case=0.0000(100%)  recon=0.0049  recode=0.0021  content=0.0224  guide=-1.2890  void=-1.9928  div=0.0089  hit=30%  lr=0.000259  [40.016740034s]  ETA 1405.573910429s
epoch  68  ltr=0.0001(100%)  case=0.0000(100%)  recon=0.0045  recode=0.0015  content=0.0153  guide=-1.2894  void=-1.9939  div=0.0073  hit=26%  lr=0.000245  [40.119248489s]  ETA 1363.389142429s
epoch  69  ltr=0.0003(100%)  case=0.0004(100%)  recon=0.0045  recode=0.0014  content=0.0186  guide=-1.2897  void=-1.9926  div=0.0070  hit=26%  lr=0.000232  [40.140044084s]  ETA 1320.421328769s
epoch  70  ltr=0.0002(100%)  case=0.0002(100%)  recon=0.0046  recode=0.0016  content=0.0175  guide=-1.2900  void=-1.9924  div=0.0077  hit=28%  lr=0.000219  [40.011540392s]  ETA 1277.44781317s
epoch  71  ltr=0.0012(100%)  case=0.0008(100%)  recon=0.0045  recode=0.0014  content=0.0197  guide=-1.2895  void=-1.9939  div=0.0073  hit=26%  lr=0.000206  [40.14739725s]  ETA 1235.232227312s
epoch  72  ltr=0.0008(100%)  case=0.0000(100%)  recon=0.0045  recode=0.0014  content=0.0145  guide=-1.2898  void=-1.9928  div=0.0067  hit=25%  lr=0.000194  [40.029560221s]  ETA 1192.312432024s
epoch  73  ltr=0.0001(100%)  case=0.0000(100%)  recon=0.0043  recode=0.0011  content=0.0108  guide=-1.2900  void=-1.9934  div=0.0060  hit=25%  lr=0.000181  [40.199440222s]  ETA 1149.48073505s
epoch  74  ltr=0.0001(100%)  case=0.0002(100%)  recon=0.0043  recode=0.0012  content=0.0111  guide=-1.2897  void=-1.9942  div=0.0061  hit=25%  lr=0.000169  [40.177121372s]  ETA 1107.233871383s
epoch  75  ltr=0.0004(100%)  case=0.0000(100%)  recon=0.0043  recode=0.0011  content=0.0118  guide=-1.2899  void=-1.9937  div=0.0059  hit=24%  lr=0.000158  [40.101771624s]  ETA 1064.388180415s
epoch  76  ltr=0.0009(100%)  case=0.0022(100%)  recon=0.0043  recode=0.0011  content=0.0092  guide=-1.2901  void=-1.9932  div=0.0060  hit=24%  lr=0.000146  [40.402664929s]  ETA 1021.667417426s
epoch  77  ltr=0.0004(100%)  case=0.0004(100%)  recon=0.0043  recode=0.0011  content=0.0136  guide=-1.2902  void=-1.9927  div=0.0063  hit=23%  lr=0.000136  [40.336731779s]  ETA 979.427207433s
epoch  78  ltr=0.0000(100%)  case=0.0000(100%)  recon=0.0042  recode=0.0009  content=0.0090  guide=-1.2897  void=-1.9943  div=0.0053  hit=22%  lr=0.000125  [40.32744304s]  ETA 936.688739269s
epoch  79  ltr=0.0000(100%)  case=0.0000(100%)  recon=0.0041  recode=0.0008  content=0.0077  guide=-1.2897  void=-1.9943  div=0.0050  hit=22%  lr=0.000115  [40.255400788s]  ETA 894.392337002s
epoch  80  ltr=0.0001(100%)  case=0.0000(100%)  recon=0.0042  recode=0.0009  content=0.0081  guide=-1.2904  void=-1.9927  div=0.0051  hit=22%  lr=0.000105  [40.49535774s]  ETA 851.69730413s
epoch  81  ltr=0.0000(100%)  case=0.0000(100%)  recon=0.0041  recode=0.0008  content=0.0077  guide=-1.2904  void=-1.9928  div=0.0050  hit=22%  lr=0.000095  [40.178184483s]  ETA 808.947412709s
epoch  82  ltr=0.0000(100%)  case=0.0000(100%)  recon=0.0041  recode=0.0008  content=0.0074  guide=-1.2899  void=-1.9944  div=0.0048  hit=22%  lr=0.000086  [40.355090333s]  ETA 766.62490818s
epoch  83  ltr=0.0000(100%)  case=0.0001(100%)  recon=0.0040  recode=0.0007  content=0.0084  guide=-1.2900  void=-1.9948  div=0.0046  hit=21%  lr=0.000078  [40.141418234s]  ETA 723.87553244s
epoch  84  ltr=0.0004(100%)  case=0.0000(100%)  recon=0.0040  recode=0.0007  content=0.0061  guide=-1.2901  void=-1.9945  div=0.0046  hit=21%  lr=0.000070  [40.164097224s]  ETA 681.157402084s
epoch  85  ltr=0.0000(100%)  case=0.0000(100%)  recon=0.0041  recode=0.0007  content=0.0066  guide=-1.2901  void=-1.9946  div=0.0047  hit=22%  lr=0.000062  [40.105462749s]  ETA 638.747664676s
epoch  86  ltr=0.0012(100%)  case=0.0000(100%)  recon=0.0040  recode=0.0007  content=0.0061  guide=-1.2901  void=-1.9948  div=0.0044  hit=21%  lr=0.000054  [40.070957803s]  ETA 596.027451094s
epoch  87  ltr=0.0000(100%)  case=0.0000(100%)  recon=0.0040  recode=0.0006  content=0.0067  guide=-1.2901  void=-1.9943  div=0.0043  hit=21%  lr=0.000048  [40.087113251s]  ETA 553.335291262s
epoch  88  ltr=0.0000(100%)  case=0.0000(100%)  recon=0.0040  recode=0.0006  content=0.0063  guide=-1.2901  void=-1.9945  div=0.0041  hit=20%  lr=0.000041  [40.132757057s]  ETA 510.901388038s
epoch  89  ltr=0.0000(100%)  case=0.0000(100%)  recon=0.0040  recode=0.0006  content=0.0057  guide=-1.2901  void=-1.9946  div=0.0040  hit=20%  lr=0.000035  [40.109034177s]  ETA 468.227597028s
epoch  90  ltr=0.0000(100%)  case=0.0000(100%)  recon=0.0040  recode=0.0006  content=0.0058  guide=-1.2901  void=-1.9948  div=0.0040  hit=20%  lr=0.000030  [40.030839027s]  ETA 425.567544063s
epoch  91  ltr=0.0000(100%)  case=0.0000(100%)  recon=0.0040  recode=0.0005  content=0.0054  guide=-1.2902  void=-1.9948  div=0.0039  hit=20%  lr=0.000024  [39.966880719s]  ETA 383.089437631s
epoch  92  ltr=0.0000(100%)  case=0.0000(100%)  recon=0.0040  recode=0.0005  content=0.0081  guide=-1.2901  void=-1.9947  div=0.0039  hit=20%  lr=0.000020  [40.068543516s]  ETA 340.451705601s
epoch  93  ltr=0.0000(100%)  case=0.0000(100%)  recon=0.0040  recode=0.0005  content=0.0097  guide=-1.2901  void=-1.9946  div=0.0038  hit=20%  lr=0.000016  [39.952549598s]  ETA 297.826216767s
epoch  94  ltr=0.0000(100%)  case=0.0000(100%)  recon=0.0040  recode=0.0005  content=0.0080  guide=-1.2902  void=-1.9945  div=0.0038  hit=20%  lr=0.000012  [40.028517561s]  ETA 255.334824359s
epoch  95  ltr=0.0000(100%)  case=0.0000(100%)  recon=0.0040  recode=0.0005  content=0.0075  guide=-1.2902  void=-1.9946  div=0.0038  hit=20%  lr=0.000009  [39.981476759s]  ETA 212.731206781s
epoch  96  ltr=0.0000(100%)  case=0.0000(100%)  recon=0.0039  recode=0.0005  content=0.0071  guide=-1.2902  void=-1.9946  div=0.0038  hit=20%  lr=0.000006  [40.062728106s]  ETA 170.151740342s
epoch  97  ltr=0.0000(100%)  case=0.0000(100%)  recon=0.0039  recode=0.0005  content=0.0068  guide=-1.2902  void=-1.9945  div=0.0037  hit=20%  lr=0.000004  [40.115404767s]  ETA 127.643384287s
epoch  98  ltr=0.0000(100%)  case=0.0000(100%)  recon=0.0039  recode=0.0005  content=0.0066  guide=-1.2902  void=-1.9945  div=0.0037  hit=20%  lr=0.000002  [40.206531409s]  ETA 85.081782171s
epoch  99  ltr=0.0000(100%)  case=0.0000(100%)  recon=0.0039  recode=0.0005  content=0.0065  guide=-1.2902  void=-1.9946  div=0.0037  hit=19%  lr=0.000001  [39.948486187s]  ETA 42.531707612s
epoch 100  ltr=0.0000(100%)  case=0.0000(100%)  recon=0.0039  recode=0.0005  content=0.0065  guide=-1.2902  void=-1.9946  div=0.0037  hit=19%  lr=0.000000  [40.030065411s]  ETA 0ns
