epoch   recon    pos1    pos2    pos3    pos4   s_attn   r_attn      div  content   isolat      hit    lr_enc   lr_read    scaff  time
-----------------------------------------------------------------------------------------------------------------------------------------------------------
    1  0.0559  3.2154  2.5592  2.9002  2.9100  -0.1297  -0.0652  0.3333  0.6010  2.8832  0.3277  0.001000  0.001000  1.0000  141.7s
    2  0.0305  3.0920  1.8408  2.5973  2.7486  -0.1308  -0.0883  0.1904  0.5158  2.5934  0.3235  0.001000  0.001000  0.9925  138.9s
    3  0.0303  3.0029  1.8367  2.3177  2.6749  -0.1299  -0.0965  0.1415  0.5020  2.5470  0.3245  0.001000  0.001000  0.9851  136.1s
    4  0.0302  2.9215  1.7975  2.1434  2.5979  -0.1279  -0.0974  0.1175  0.4897  2.4914  0.3303  0.000999  0.000999  0.9776  136.2s
    5  0.0298  2.8543  1.6136  1.8968  2.5647  -0.1304  -0.0969  0.1275  0.4740  2.2768  0.3234  0.000999  0.000999  0.9701  135.6s
    6  0.0296  2.8190  1.6415  1.8676  2.5635  -0.1312  -0.0934  0.1148  0.4842  2.3068  0.3186  0.000998  0.000998  0.9627  135.8s
    7  0.0294  2.8052  1.6045  1.7577  2.4614  -0.1308  -0.0982  0.1054  0.4676  2.4264  0.3263  0.000998  0.000998  0.9552  135.7s
    8  0.0292  2.7596  1.5923  1.7116  2.3078  -0.1308  -0.0957  0.0996  0.4584  2.3062  0.3195  0.000997  0.000997  0.9478  135.5s
    9  0.0290  2.6401  1.5182  1.6731  2.6070  -0.1292  -0.0979  0.1312  0.4572  2.2054  0.3421  0.000996  0.000996  0.9403  135.7s
   10  0.0286  2.5833  1.4685  1.6117  2.5906  -0.1267  -0.0998  0.1283  0.4420  2.3246  0.3198  0.000995  0.000995  0.9328  135.9s
   11  0.0282  2.5370  1.4124  1.5451  2.5869  -0.1271  -0.1003  0.1229  0.4379  2.2297  0.3206  0.000994  0.000994  0.9254  135.6s
   12  0.0280  2.4917  1.2856  1.5334  2.5573  -0.1267  -0.1012  0.1416  0.4382  2.3617  0.3343  0.000993  0.000993  0.9179  135.5s
   13  0.0276  2.4506  1.2444  1.4786  2.5491  -0.1256  -0.1026  0.1287  0.4412  2.1782  0.3221  0.000991  0.000991  0.9104  135.6s
   14  0.0277  2.6381  1.2650  1.3801  2.5778  -0.1255  -0.1032  0.1103  0.4538  2.1517  0.3057  0.000990  0.000990  0.9030  135.8s
   15  0.0269  2.4393  1.2404  1.3651  2.5903  -0.1244  -0.1041  0.0997  0.4589  2.1144  0.3045  0.000988  0.000988  0.8955  135.5s
   16  0.0253  2.1952  1.1177  1.2024  2.6074  -0.1255  -0.1045  0.0994  0.4519  2.1768  0.3089  0.000986  0.000986  0.8881  135.4s
   17  0.0242  2.1611  1.0976  1.1139  2.5980  -0.1267  -0.1061  0.0964  0.4494  2.1125  0.2999  0.000984  0.000984  0.8806  135.3s
   18  0.0231  2.1332  1.0174  1.0340  2.5235  -0.1273  -0.1064  0.0951  0.4441  2.0875  0.3009  0.000982  0.000982  0.8731  135.5s
   19  0.0218  2.1399  0.9986  1.0355  2.5017  -0.1289  -0.1081  0.0997  0.4421  2.1857  0.3107  0.000980  0.000980  0.8657  135.5s
   20  0.0212  2.0429  0.9732  0.9601  2.4839  -0.1292  -0.1089  0.0994  0.4377  1.9627  0.3109  0.000978  0.000978  0.8582  135.5s
   21  0.0201  2.0351  0.8992  0.8948  2.4536  -0.1288  -0.1100  0.1003  0.4381  2.1423  0.3120  0.000976  0.000976  0.8507  135.5s
   22  0.0207  2.0598  1.0134  0.8879  2.4649  -0.1296  -0.1101  0.0975  0.4342  2.0204  0.3069  0.000973  0.000973  0.8433  135.6s
   23  0.0167  1.8797  0.8693  0.7751  2.3541  -0.1298  -0.1112  0.0987  0.4355  1.8537  0.3028  0.000970  0.000970  0.8358  135.8s
   24  0.0186  2.0089  0.9227  0.8025  2.3677  -0.1306  -0.1116  0.0958  0.4348  2.0457  0.3060  0.000968  0.000968  0.8284  135.9s
   25  0.0189  1.9637  0.9249  0.7933  2.3473  -0.1301  -0.1129  0.0992  0.4328  2.1675  0.3136  0.000965  0.000965  0.8209  135.6s
   26  0.0160  1.8664  0.8270  0.7446  2.3547  -0.1304  -0.1143  0.1012  0.4325  1.8640  0.3162  0.000962  0.000962  0.8134  135.5s
   27  0.0142  1.7324  0.8136  0.6451  2.2893  -0.1310  -0.1144  0.1002  0.4324  2.1774  0.3008  0.000959  0.000959  0.8060  135.5s
   28  0.0136  1.7111  0.7915  0.6212  2.2863  -0.1311  -0.1160  0.1001  0.4315  2.0397  0.3056  0.000956  0.000956  0.7985  135.7s
   29  0.0133  1.7292  0.7730  0.5908  2.2262  -0.1307  -0.1165  0.0998  0.4313  2.0861  0.3022  0.000952  0.000952  0.7910  135.6s
   30  0.0133  1.7407  0.7693  0.6134  2.1886  -0.1308  -0.1177  0.0986  0.4313  2.0272  0.3056  0.000949  0.000949  0.7836  135.4s
   31  0.0129  1.6692  0.7305  0.6433  2.1033  -0.1313  -0.1184  0.1008  0.4298  1.9270  0.3106  0.000946  0.000946  0.7761  135.6s
   32  0.0128  1.6340  0.7127  0.5958  2.0358  -0.1314  -0.1194  0.1015  0.4297  1.9282  0.3089  0.000942  0.000942  0.7687  135.5s
   33  0.0116  1.5591  0.6692  0.5670  1.9216  -0.1318  -0.1204  0.1017  0.4293  2.2190  0.3057  0.000938  0.000938  0.7612  135.8s
   34  0.0105  1.4864  0.6462  0.4928  1.7641  -0.1318  -0.1219  0.1033  0.4302  1.8119  0.3069  0.000934  0.000934  0.7537  135.3s
   35  0.0090  1.3741  0.5713  0.4414  1.6059  -0.1316  -0.1226  0.1029  0.4295  1.8260  0.3124  0.000930  0.000930  0.7463  135.3s
   36  0.0107  1.4736  0.6519  0.5179  1.7339  -0.1320  -0.1227  0.1008  0.4295  1.9463  0.3089  0.000926  0.000926  0.7388  135.5s
   37  0.0096  1.4187  0.5934  0.4541  1.5709  -0.1324  -0.1240  0.1006  0.4296  1.7598  0.3079  0.000922  0.000922  0.7313  135.0s
   38  0.0090  1.3776  0.5207  0.3917  1.4513  -0.1321  -0.1245  0.0992  0.4276  1.9757  0.3082  0.000918  0.000918  0.7239  135.7s
   39  0.0091  1.3484  0.4960  0.3798  1.4186  -0.1317  -0.1254  0.1006  0.4270  2.2521  0.3078  0.000914  0.000914  0.7164  135.5s
   40  0.0078  1.2190  0.4697  0.3468  1.3109  -0.1316  -0.1267  0.1035  0.4279  1.9407  0.3148  0.000909  0.000909  0.7090  135.6s
   41  0.0068  1.1125  0.3910  0.2609  1.2200  -0.1316  -0.1275  0.1016  0.4285  1.9865  0.3144  0.000905  0.000905  0.7015  135.6s
   42  0.0074  1.1439  0.4026  0.3260  1.2090  -0.1311  -0.1283  0.1042  0.4311  1.9066  0.3147  0.000900  0.000900  0.6940  135.7s
   43  0.0068  1.0576  0.3350  0.2549  1.1508  -0.1318  -0.1292  0.1022  0.4286  2.0485  0.3192  0.000895  0.000895  0.6866  135.2s
   44  0.0077  1.1397  0.4262  0.2911  1.1296  -0.1317  -0.1301  0.1036  0.4273  2.0613  0.3179  0.000890  0.000890  0.6791  135.7s
   45  0.0065  0.9353  0.3294  0.2316  1.0681  -0.1317  -0.1312  0.1022  0.4273  1.7715  0.3183  0.000885  0.000885  0.6716  135.3s
   46  0.0065  0.8817  0.2903  0.2109  1.1013  -0.1318  -0.1317  0.1016  0.4258  1.8776  0.3174  0.000880  0.000880  0.6642  135.7s
   47  0.0061  0.8229  0.2577  0.1858  0.8763  -0.1318  -0.1329  0.1044  0.4249  1.6927  0.3153  0.000875  0.000875  0.6567  135.3s
   48  0.0058  0.6976  0.2153  0.1569  0.8036  -0.1318  -0.1338  0.1038  0.4251  1.7443  0.3168  0.000870  0.000870  0.6493  135.7s
   49  0.0055  0.5965  0.1694  0.1234  0.7057  -0.1318  -0.1343  0.1034  0.4245  1.6745  0.3162  0.000864  0.000864  0.6418  135.4s
   50  0.0052  0.5148  0.1447  0.1369  0.5792  -0.1318  -0.1354  0.1035  0.4239  1.8126  0.3184  0.000859  0.000859  0.6343  135.6s
   51  0.0055  0.5233  0.1516  0.1395  0.5683  -0.1318  -0.1360  0.1020  0.4228  1.9327  0.3164  0.000854  0.000854  0.6269  135.7s
   52  0.0054  0.4537  0.1331  0.1048  0.5513  -0.1318  -0.1371  0.1028  0.4229  1.8824  0.3200  0.000848  0.000848  0.6194  135.4s
   53  0.0053  0.4777  0.1344  0.1234  0.4961  -0.1318  -0.1378  0.1024  0.4219  1.9673  0.3153  0.000842  0.000842  0.6119  135.4s
   54  0.0054  0.4428  0.1958  0.1625  0.4320  -0.1318  -0.1386  0.1026  0.4213  1.6785  0.3186  0.000837  0.000837  0.6045  135.7s
   55  0.0051  0.3427  0.1285  0.0964  0.3776  -0.1318  -0.1394  0.1030  0.4209  1.5959  0.3166  0.000831  0.000831  0.5970  135.4s
   56  0.0049  0.2949  0.0961  0.0807  0.2758  -0.1316  -0.1406  0.1031  0.4204  1.8344  0.3169  0.000825  0.000825  0.5896  135.4s
   57  0.0048  0.2681  0.0817  0.0727  0.2395  -0.1318  -0.1414  0.1027  0.4199  1.8273  0.3164  0.000819  0.000819  0.5821  135.6s
   58  0.0048  0.2165  0.0809  0.0703  0.2487  -0.1318  -0.1423  0.1024  0.4187  1.7455  0.3153  0.000813  0.000813  0.5746  135.7s
   59  0.0047  0.2283  0.0674  0.0562  0.1877  -0.1318  -0.1432  0.1020  0.4173  1.9125  0.3164  0.000806  0.000806  0.5672  135.6s
   60  0.0046  0.1657  0.0607  0.0682  0.1327  -0.1319  -0.1440  0.1029  0.4173  1.8338  0.3198  0.000800  0.000800  0.5597  135.5s
   61  0.0045  0.1763  0.0534  0.0538  0.1514  -0.1319  -0.1449  0.1018  0.4151  1.8135  0.3181  0.000794  0.000794  0.5522  135.1s
   62  0.0046  0.2035  0.0798  0.0758  0.1621  -0.1318  -0.1458  0.1017  0.4155  1.6774  0.3181  0.000788  0.000788  0.5448  135.4s
   63  0.0044  0.1257  0.0623  0.0408  0.1061  -0.1319  -0.1467  0.1010  0.4157  1.6502  0.3185  0.000781  0.000781  0.5373  135.3s
   64  0.0044  0.1280  0.0501  0.0491  0.1088  -0.1318  -0.1472  0.1003  0.4163  1.6098  0.3186  0.000775  0.000775  0.5299  135.4s
   65  0.0044  0.1325  0.0576  0.0495  0.1109  -0.1319  -0.1483  0.1014  0.4146  1.7620  0.3181  0.000768  0.000768  0.5224  135.3s
   66  0.0047  0.1821  0.0715  0.0871  0.1644  -0.1318  -0.1491  0.1009  0.4142  1.9655  0.3203  0.000761  0.000761  0.5149  135.6s
   67  0.0044  0.1015  0.0399  0.0398  0.0855  -0.1319  -0.1499  0.1012  0.4133  2.1088  0.3201  0.000755  0.000755  0.5075  135.3s
   68  0.0044  0.1201  0.0701  0.0405  0.0846  -0.1319  -0.1508  0.1002  0.4115  1.8586  0.3188  0.000748  0.000748  0.5000  135.5s
   69  0.0043  0.0859  0.0459  0.0386  0.0824  -0.1318  -0.1515  0.1003  0.4113  1.8574  0.3198  0.000741  0.000741  0.4925  135.4s
   70  0.0042  0.0704  0.0430  0.0394  0.0689  -0.1319  -0.1525  0.1007  0.4109  1.3433  0.3208  0.000734  0.000734  0.4851  135.9s
   71  0.0042  0.0486  0.0485  0.0297  0.0276  -0.1318  -0.1533  0.0998  0.4094  1.4911  0.3218  0.000727  0.000727  0.4776  135.5s
   72  0.0041  0.0493  0.0220  0.0257  0.0529  -0.1319  -0.1542  0.1003  0.4080  1.6666  0.3206  0.000720  0.000720  0.4701  135.4s
   73  0.0042  0.0621  0.0385  0.0246  0.0948  -0.1318  -0.1551  0.1007  0.4068  1.6431  0.3234  0.000713  0.000713  0.4627  135.1s
   74  0.0041  0.0487  0.0298  0.0304  0.0794  -0.1319  -0.1560  0.1009  0.4073  1.6977  0.3216  0.000706  0.000706  0.4552  135.6s
   75  0.0041  0.0626  0.0290  0.0215  0.0530  -0.1319  -0.1568  0.0997  0.4043  1.9853  0.3217  0.000699  0.000699  0.4478  135.5s
   76  0.0043  0.0586  0.0241  0.0184  0.0316  -0.1319  -0.1574  0.0998  0.4033  1.5630  0.3215  0.000691  0.000691  0.4403  135.5s
   77  0.0043  0.0798  0.0369  0.0223  0.0546  -0.1319  -0.1587  0.1002  0.4023  2.0724  0.3235  0.000684  0.000684  0.4328  135.1s
   78  0.0040  0.0367  0.0236  0.0264  0.0237  -0.1319  -0.1598  0.1011  0.4021  1.3945  0.3264  0.000677  0.000677  0.4254  135.5s
   79  0.0042  0.0845  0.0306  0.0389  0.0410  -0.1319  -0.1605  0.0999  0.4018  1.8042  0.3260  0.000669  0.000669  0.4179  135.2s
   80  0.0040  0.0320  0.0227  0.0377  0.0434  -0.1318  -0.1611  0.0994  0.4004  1.4812  0.3199  0.000662  0.000662  0.4104  135.5s
   81  0.0039  0.0273  0.0152  0.0142  0.0166  -0.1319  -0.1619  0.0998  0.3985  1.6537  0.3219  0.000655  0.000655  0.4030  135.3s
   82  0.0040  0.0385  0.0207  0.0163  0.0200  -0.1318  -0.1630  0.1001  0.3982  1.7438  0.3228  0.000647  0.000647  0.3955  135.8s
   83  0.0039  0.0407  0.0173  0.0180  0.0282  -0.1319  -0.1635  0.0990  0.3968  1.4566  0.3193  0.000639  0.000639  0.3881  135.3s
   84  0.0039  0.0290  0.0201  0.0132  0.0316  -0.1319  -0.1646  0.0997  0.3957  1.6687  0.3222  0.000632  0.000632  0.3806  135.8s
   85  0.0039  0.0495  0.0139  0.0150  0.0232  -0.1319  -0.1655  0.0989  0.3949  1.5427  0.3216  0.000624  0.000624  0.3731  135.3s
   86  0.0039  0.0281  0.0130  0.0097  0.0132  -0.1319  -0.1665  0.0997  0.3929  1.3980  0.3221  0.000617  0.000617  0.3657  135.5s
   87  0.0040  0.0737  0.0120  0.0301  0.0356  -0.1318  -0.1673  0.0995  0.3916  1.5643  0.3218  0.000609  0.000609  0.3582  135.3s
   88  0.0038  0.0138  0.0076  0.0090  0.0130  -0.1319  -0.1680  0.0989  0.3894  1.3630  0.3214  0.000601  0.000601  0.3507  135.7s
   89  0.0039  0.0263  0.0103  0.0106  0.0438  -0.1319  -0.1691  0.0996  0.3868  1.5866  0.3224  0.000594  0.000594  0.3433  135.5s
   90  0.0041  0.0587  0.0531  0.0913  0.0741  -0.1319  -0.1698  0.0994  0.3870  1.2817  0.3220  0.000586  0.000586  0.3358  135.6s
   91  0.0040  0.0256  0.0215  0.0185  0.0295  -0.1318  -0.1706  0.0994  0.3854  1.2092  0.3179  0.000578  0.000578  0.3284  135.4s
   92  0.0038  0.0171  0.0133  0.0110  0.0157  -0.1320  -0.1714  0.0988  0.3828  1.5680  0.3197  0.000570  0.000570  0.3209  135.4s
   93  0.0038  0.0142  0.0125  0.0087  0.0183  -0.1319  -0.1724  0.0986  0.3801  1.2682  0.3214  0.000563  0.000563  0.3134  135.4s
   94  0.0038  0.0166  0.0095  0.0147  0.0116  -0.1320  -0.1733  0.0985  0.3766  1.2193  0.3210  0.000555  0.000555  0.3060  135.7s
   95  0.0037  0.0113  0.0065  0.0081  0.0075  -0.1320  -0.1742  0.0986  0.3737  1.3217  0.3222  0.000547  0.000547  0.2985  135.4s
   96  0.0038  0.0162  0.0113  0.0082  0.0135  -0.1320  -0.1752  0.0990  0.3718  1.4978  0.3221  0.000539  0.000539  0.2910  135.7s
   97  0.0038  0.0210  0.0095  0.0174  0.0227  -0.1319  -0.1760  0.0990  0.3700  1.1393  0.3227  0.000531  0.000531  0.2836  135.3s
   98  0.0038  0.0166  0.0109  0.0095  0.0154  -0.1320  -0.1771  0.0991  0.3680  1.4521  0.3242  0.000524  0.000524  0.2761  135.5s
   99  0.0038  0.0183  0.0143  0.0090  0.0170  -0.1320  -0.1781  0.0997  0.3676  1.3379  0.3258  0.000516  0.000516  0.2687  135.1s
  100  0.0037  0.0106  0.0056  0.0056  0.0074  -0.1320  -0.1788  0.0986  0.3611  1.1879  0.3271  0.000508  0.000508  0.2612  135.5s
  101  0.0040  0.0223  0.0374  0.0228  0.0192  -0.1320  -0.1797  0.0986  0.3592  1.2139  0.3269  0.000500  0.000500  0.2537  135.6s
  102  0.0038  0.0212  0.0086  0.0054  0.0112  -0.1320  -0.1804  0.0977  0.3585  1.4685  0.3270  0.000492  0.000492  0.2463  135.4s
  103  0.0037  0.0115  0.0062  0.0056  0.0075  -0.1321  -0.1816  0.0984  0.3521  1.3879  0.3294  0.000484  0.000484  0.2388  135.6s
  104  0.0037  0.0112  0.0071  0.0041  0.0049  -0.1320  -0.1826  0.0988  0.3490  1.4047  0.3252  0.000476  0.000476  0.2313  135.9s
  105  0.0037  0.0114  0.0123  0.0127  0.0112  -0.1320  -0.1835  0.0989  0.3454  1.3019  0.3238  0.000469  0.000469  0.2239  135.4s
  106  0.0037  0.0076  0.0156  0.0091  0.0125  -0.1320  -0.1843  0.0989  0.3439  1.0714  0.3249  0.000461  0.000461  0.2164  135.8s
  107  0.0037  0.0095  0.0047  0.0070  0.0075  -0.1321  -0.1853  0.0993  0.3359  1.6619  0.3263  0.000453  0.000453  0.2090  135.3s
  108  0.0036  0.0064  0.0037  0.0036  0.0040  -0.1321  -0.1863  0.0986  0.3320  1.2844  0.3272  0.000445  0.000445  0.2015  135.7s
  109  0.0037  0.0072  0.0045  0.0066  0.0096  -0.1321  -0.1873  0.0996  0.3247  1.3768  0.3283  0.000437  0.000437  0.1940  135.4s
  110  0.0036  0.0064  0.0036  0.0034  0.0064  -0.1321  -0.1882  0.0991  0.3207  1.1747  0.3283  0.000430  0.000430  0.1866  135.9s
  111  0.0037  0.0062  0.0045  0.0044  0.0035  -0.1321  -0.1891  0.0989  0.3138  1.2004  0.3295  0.000422  0.000422  0.1791  135.3s
  112  0.0037  0.0107  0.0042  0.0068  0.0039  -0.1321  -0.1898  0.0984  0.3117  1.2855  0.3276  0.000414  0.000414  0.1716  135.7s
  113  0.0037  0.0083  0.0108  0.0045  0.0054  -0.1322  -0.1908  0.0994  0.3057  1.2472  0.3296  0.000406  0.000406  0.1642  135.2s
  114  0.0036  0.0064  0.0022  0.0027  0.0058  -0.1322  -0.1919  0.0988  0.2997  1.3243  0.3320  0.000399  0.000399  0.1567  135.8s
  115  0.0036  0.0050  0.0040  0.0048  0.0064  -0.1322  -0.1927  0.0988  0.2928  1.4720  0.3301  0.000391  0.000391  0.1493  135.2s
  116  0.0037  0.0136  0.0040  0.0064  0.0172  -0.1322  -0.1937  0.0990  0.2922  1.1214  0.3323  0.000383  0.000383  0.1418  135.7s
  117  0.0036  0.0062  0.0023  0.0032  0.0027  -0.1322  -0.1948  0.0990  0.2823  1.1515  0.3338  0.000376  0.000376  0.1343  135.4s
  118  0.0037  0.0072  0.0034  0.0053  0.0050  -0.1322  -0.1958  0.0993  0.2790  1.2461  0.3340  0.000368  0.000368  0.1269  135.9s
  119  0.0036  0.0066  0.0042  0.0086  0.0072  -0.1322  -0.1968  0.1000  0.2721  1.4591  0.3366  0.000361  0.000361  0.1194  135.9s
  120  0.0037  0.0074  0.0258  0.0124  0.0108  -0.1322  -0.1979  0.1004  0.2705  0.9839  0.3347  0.000353  0.000353  0.1119  135.7s
  121  0.0036  0.0038  0.0077  0.0050  0.0101  -0.1322  -0.1987  0.1000  0.2638  0.9789  0.3317  0.000345  0.000345  0.1045  135.8s
  122  0.0036  0.0090  0.0023  0.0033  0.0057  -0.1322  -0.1999  0.1004  0.2557  1.2150  0.3338  0.000338  0.000338  0.0970  135.8s
  123  0.0036  0.0080  0.0338  0.0054  0.0050  -0.1322  -0.2008  0.1008  0.2586  0.9628  0.3348  0.000331  0.000331  0.0896  135.5s
  124  0.0036  0.0040  0.0028  0.0034  0.0037  -0.1322  -0.2019  0.1007  0.2459  1.1665  0.3374  0.000323  0.000323  0.0821  135.4s
  125  0.0036  0.0039  0.0056  0.0069  0.0046  -0.1322  -0.2027  0.1009  0.2414  1.2194  0.3365  0.000316  0.000316  0.0746  135.3s
  126  0.0037  0.0213  0.0235  0.0146  0.0061  -0.1322  -0.2039  0.1006  0.2376  1.3539  0.3381  0.000309  0.000309  0.0672  135.3s
  127  0.0037  0.0148  0.0445  0.0370  0.0216  -0.1322  -0.2047  0.1012  0.2392  1.0895  0.3344  0.000301  0.000301  0.0597  135.8s
  128  0.0036  0.0075  0.0279  0.0111  0.0064  -0.1322  -0.2053  0.1000  0.2376  0.9813  0.3346  0.000294  0.000294  0.0522  135.9s
  129  0.0036  0.0037  0.0054  0.0056  0.0030  -0.1323  -0.2065  0.1003  0.2256  1.2844  0.3375  0.000287  0.000287  0.0448  135.7s
  130  0.0036  0.0065  0.0212  0.0095  0.0039  -0.1323  -0.2075  0.1008  0.2223  1.2329  0.3368  0.000280  0.000280  0.0373  135.8s
  131  0.0036  0.0041  0.0073  0.0069  0.0042  -0.1322  -0.2087  0.1014  0.2199  0.9377  0.3364  0.000273  0.000273  0.0299  135.4s
  132  0.0036  0.0038  0.0028  0.0115  0.0028  -0.1323  -0.2095  0.1009  0.2157  1.2516  0.3361  0.000266  0.000266  0.0224  135.7s
  133  0.0036  0.0036  0.0062  0.0068  0.0028  -0.1323  -0.2106  0.1013  0.2109  1.1442  0.3371  0.000259  0.000259  0.0149  135.5s
  134  0.0036  0.0045  0.0053  0.0053  0.0046  -0.1323  -0.2116  0.1011  0.2044  1.1653  0.3383  0.000252  0.000252  0.0075  135.7s
  135  0.0042  0.0631  0.0812  0.0817  0.0734  -0.1322  -0.2112  0.1013  0.2288  1.5285  0.3330  0.000100  0.001000  0.0000  128.7s
  136  0.0041  0.0411  0.0353  0.0390  0.0352  -0.1322  -0.2111  0.1031  0.2220  1.8638  0.3303  0.000100  0.000999  0.0000  128.6s
  137  0.0043  0.0530  0.0398  0.0302  0.0471  -0.1322  -0.2112  0.1018  0.2228  1.4733  0.3306  0.000100  0.000998  0.0000  128.1s
  138  0.0042  0.0547  0.0525  0.1153  0.0680  -0.1322  -0.2107  0.1038  0.2274  1.3423  0.3290  0.000099  0.000995  0.0000  128.6s
  139  0.0040  0.0229  0.0349  0.0720  0.0399  -0.1321  -0.2108  0.1038  0.2284  1.4778  0.3308  0.000099  0.000991  0.0000  128.4s
  140  0.0043  0.0561  0.0316  0.0266  0.0454  -0.1322  -0.2112  0.1033  0.2180  1.6010  0.3334  0.000099  0.000986  0.0000  128.4s
  141  0.0039  0.0172  0.0137  0.0159  0.0141  -0.1322  -0.2115  0.1031  0.2109  1.4211  0.3334  0.000098  0.000980  0.0000  128.6s
  142  0.0040  0.0329  0.0332  0.0256  0.0567  -0.1322  -0.2110  0.1023  0.2127  1.5509  0.3274  0.000097  0.000973  0.0000  128.2s
  143  0.0041  0.0690  0.0254  0.0378  0.0347  -0.1322  -0.2113  0.1052  0.2106  1.7079  0.3304  0.000096  0.000964  0.0000  128.6s
  144  0.0040  0.0293  0.0431  0.0334  0.0212  -0.1322  -0.2105  0.1039  0.2148  1.2087  0.3286  0.000095  0.000955  0.0000  128.3s
  145  0.0038  0.0209  0.0217  0.0158  0.0178  -0.1322  -0.2112  0.1033  0.2134  1.2577  0.3330  0.000094  0.000944  0.0000  128.4s
  146  0.0038  0.0112  0.0093  0.0088  0.0110  -0.1322  -0.2113  0.1034  0.2087  1.1084  0.3315  0.000093  0.000933  0.0000  129.1s
  147  0.0039  0.0312  0.0357  0.0474  0.0283  -0.1322  -0.2113  0.1025  0.2050  1.7079  0.3296  0.000092  0.000921  0.0000  128.4s
  148  0.0037  0.0127  0.0073  0.0094  0.0086  -0.1323  -0.2115  0.1021  0.2064  1.4275  0.3304  0.000091  0.000907  0.0000  128.3s
  149  0.0040  0.0113  0.0112  0.0123  0.0189  -0.1323  -0.2121  0.1042  0.2038  1.3447  0.3339  0.000089  0.000893  0.0000  128.4s
  150  0.0038  0.0178  0.0096  0.0096  0.0108  -0.1322  -0.2121  0.1036  0.2015  1.4368  0.3345  0.000088  0.000878  0.0000  128.3s
  151  0.0037  0.0133  0.0051  0.0055  0.0122  -0.1323  -0.2123  0.1042  0.2004  1.4109  0.3358  0.000086  0.000862  0.0000  128.6s
  152  0.0037  0.0116  0.0227  0.0100  0.0064  -0.1322  -0.2121  0.1034  0.1979  1.0794  0.3358  0.000085  0.000845  0.0000  128.4s
  153  0.0037  0.0107  0.0063  0.0144  0.0093  -0.1322  -0.2123  0.1029  0.1980  1.1652  0.3338  0.000083  0.000827  0.0000  128.3s
  154  0.0039  0.0468  0.0391  0.0241  0.0187  -0.1323  -0.2131  0.1043  0.1974  1.5023  0.3330  0.000081  0.000809  0.0000  128.3s
  155  0.0037  0.0187  0.0087  0.0143  0.0118  -0.1323  -0.2127  0.1038  0.1971  1.3338  0.3352  0.000079  0.000790  0.0000  128.5s
  156  0.0038  0.0081  0.0102  0.0237  0.0070  -0.1323  -0.2130  0.1044  0.1872  1.1415  0.3370  0.000077  0.000770  0.0000  128.4s
  157  0.0038  0.0087  0.0066  0.0097  0.0075  -0.1323  -0.2134  0.1037  0.1882  1.2616  0.3360  0.000075  0.000750  0.0000  128.6s
  158  0.0038  0.0064  0.0017  0.0057  0.0132  -0.1323  -0.2136  0.1039  0.1831  1.2678  0.3339  0.000073  0.000729  0.0000  128.5s
  159  0.0037  0.0187  0.0157  0.0086  0.0091  -0.1323  -0.2140  0.1041  0.1833  1.4469  0.3366  0.000071  0.000708  0.0000  129.3s
  160  0.0036  0.0092  0.0095  0.0066  0.0050  -0.1323  -0.2137  0.1045  0.1820  1.0721  0.3373  0.000069  0.000686  0.0000  128.8s
  161  0.0036  0.0067  0.0043  0.0078  0.0047  -0.1323  -0.2141  0.1039  0.1768  1.2889  0.3369  0.000066  0.000664  0.0000  128.8s
  162  0.0036  0.0075  0.0095  0.0050  0.0030  -0.1323  -0.2144  0.1036  0.1751  1.3286  0.3366  0.000064  0.000641  0.0000  128.4s
  163  0.0037  0.0114  0.0038  0.0038  0.0025  -0.1323  -0.2149  0.1035  0.1719  1.0759  0.3351  0.000062  0.000618  0.0000  128.4s
  164  0.0037  0.0067  0.0231  0.0209  0.0063  -0.1323  -0.2154  0.1040  0.1694  1.0339  0.3361  0.000059  0.000595  0.0000  128.4s
  165  0.0037  0.0126  0.0234  0.0142  0.0142  -0.1323  -0.2155  0.1037  0.1682  1.4530  0.3357  0.000057  0.000571  0.0000  128.6s
  166  0.0036  0.0117  0.0073  0.0061  0.0062  -0.1323  -0.2151  0.1024  0.1667  1.3155  0.3368  0.000055  0.000548  0.0000  128.4s
  167  0.0036  0.0068  0.0023  0.0043  0.0049  -0.1323  -0.2157  0.1023  0.1667  0.9949  0.3385  0.000052  0.000524  0.0000  128.3s
  168  0.0036  0.0036  0.0037  0.0047  0.0040  -0.1323  -0.2157  0.1027  0.1650  1.3304  0.3409  0.000050  0.000500  0.0000  128.4s
  169  0.0036  0.0069  0.0017  0.0064  0.0024  -0.1323  -0.2160  0.1026  0.1599  0.9461  0.3421  0.000048  0.000476  0.0000  128.6s
  170  0.0036  0.0050  0.0077  0.0116  0.0019  -0.1323  -0.2165  0.1028  0.1590  1.2458  0.3402  0.000045  0.000452  0.0000  128.2s
  171  0.0036  0.0041  0.0165  0.0082  0.0020  -0.1323  -0.2166  0.1022  0.1578  1.2240  0.3421  0.000043  0.000429  0.0000  128.4s
  172  0.0036  0.0026  0.0105  0.0081  0.0050  -0.1323  -0.2163  0.1022  0.1606  0.9501  0.3412  0.000041  0.000405  0.0000  128.6s
  173  0.0036  0.0110  0.0044  0.0070  0.0012  -0.1323  -0.2168  0.1024  0.1595  1.1987  0.3400  0.000038  0.000382  0.0000  128.5s
  174  0.0035  0.0085  0.0020  0.0100  0.0015  -0.1323  -0.2166  0.1019  0.1593  1.2817  0.3383  0.000036  0.000359  0.0000  128.3s
  175  0.0035  0.0033  0.0018  0.0015  0.0017  -0.1323  -0.2170  0.1012  0.1534  0.9714  0.3399  0.000034  0.000336  0.0000  128.4s
  176  0.0035  0.0022  0.0012  0.0014  0.0009  -0.1323  -0.2174  0.1014  0.1503  0.9061  0.3401  0.000031  0.000314  0.0000  128.5s
  177  0.0035  0.0021  0.0019  0.0032  0.0098  -0.1323  -0.2173  0.1012  0.1482  1.0928  0.3380  0.000029  0.000292  0.0000  128.4s
  178  0.0035  0.0035  0.0035  0.0042  0.0148  -0.1324  -0.2176  0.1015  0.1457  0.9943  0.3405  0.000027  0.000271  0.0000  128.5s
  179  0.0035  0.0023  0.0009  0.0029  0.0013  -0.1323  -0.2179  0.1017  0.1481  1.2247  0.3396  0.000025  0.000250  0.0000  128.6s
  180  0.0035  0.0038  0.0018  0.0035  0.0011  -0.1323  -0.2180  0.1017  0.1459  1.2244  0.3410  0.000023  0.000230  0.0000  129.9s
  181  0.0035  0.0026  0.0014  0.0028  0.0010  -0.1324  -0.2179  0.1011  0.1437  1.1338  0.3393  0.000021  0.000210  0.0000  129.2s
  182  0.0035  0.0017  0.0012  0.0042  0.0053  -0.1323  -0.2180  0.1004  0.1410  1.1074  0.3373  0.000019  0.000191  0.0000  128.7s
  183  0.0035  0.0016  0.0015  0.0010  0.0009  -0.1323  -0.2182  0.1007  0.1418  0.9863  0.3374  0.000017  0.000173  0.0000  128.5s
  184  0.0035  0.0017  0.0016  0.0039  0.0068  -0.1323  -0.2183  0.1011  0.1429  0.9539  0.3383  0.000015  0.000155  0.0000  129.9s
  185  0.0035  0.0020  0.0023  0.0023  0.0010  -0.1324  -0.2184  0.1010  0.1442  1.1443  0.3362  0.000014  0.000138  0.0000  130.0s
  186  0.0035  0.0018  0.0005  0.0011  0.0074  -0.1324  -0.2185  0.1008  0.1420  1.0842  0.3368  0.000012  0.000122  0.0000  129.6s
  187  0.0035  0.0021  0.0013  0.0025  0.0007  -0.1324  -0.2186  0.1009  0.1410  0.9772  0.3375  0.000011  0.000107  0.0000  130.1s
  188  0.0035  0.0019  0.0039  0.0015  0.0016  -0.1324  -0.2188  0.1012  0.1402  1.2184  0.3358  0.000009  0.000093  0.0000  130.3s
  189  0.0035  0.0018  0.0019  0.0014  0.0008  -0.1323  -0.2189  0.1011  0.1400  0.8099  0.3345  0.000008  0.000079  0.0000  133.2s
  190  0.0035  0.0016  0.0005  0.0014  0.0257  -0.1324  -0.2189  0.1008  0.1396  1.0705  0.3351  0.000007  0.000067  0.0000  133.5s
  191  0.0035  0.0015  0.0006  0.0011  0.0253  -0.1324  -0.2189  0.1008  0.1391  1.1209  0.3358  0.000006  0.000056  0.0000  132.2s
  192  0.0035  0.0013  0.0006  0.0007  0.0060  -0.1324  -0.2190  0.1008  0.1386  0.9639  0.3361  0.000005  0.000045  0.0000  132.0s
  193  0.0035  0.0015  0.0050  0.0013  0.0089  -0.1324  -0.2190  0.1007  0.1389  1.0273  0.3360  0.000004  0.000036  0.0000  133.5s
  194  0.0034  0.0015  0.0005  0.0007  0.0008  -0.1324  -0.2191  0.1009  0.1383  1.2413  0.3353  0.000003  0.000027  0.0000  132.4s
  195  0.0034  0.0014  0.0004  0.0006  0.0006  -0.1324  -0.2191  0.1008  0.1380  1.1413  0.3357  0.000002  0.000020  0.0000  132.4s
  196  0.0034  0.0015  0.0005  0.0007  0.0006  -0.1324  -0.2191  0.1009  0.1377  1.0982  0.3360  0.000001  0.000014  0.0000  130.5s
  197  0.0034  0.0015  0.0014  0.0006  0.0027  -0.1324  -0.2192  0.1009  0.1381  0.9401  0.3357  0.000001  0.000009  0.0000  129.5s
  198  0.0034  0.0014  0.0004  0.0005  0.0006  -0.1324  -0.2192  0.1010  0.1379  1.0255  0.3357  0.000001  0.000005  0.0000  134.7s
  199  0.0034  0.0014  0.0005  0.0005  0.0006  -0.1324  -0.2192  0.1009  0.1376  1.2094  0.3359  0.000000  0.000002  0.0000  132.9s
  200  0.0034  0.0014  0.0005  0.0005  0.0006  -0.1324  -0.2192  0.1010  0.1376  1.2371  0.3359  0.000000  0.000001  0.0000  130.4s
