# fbrl letter training
# epochs=100  batch=52  lr=0.0010→0.0000  scan=1  read=6
epoch   1  ltr=3.2545(4%)  case=0.6915(51%)  recon=0.0264  recode=0.0284  content=0.6909  guide=-1.2808  void=-1.8899  div=0.1069  hit=36%  lr=0.001000  [46.493790958s]  ETA 5027.96284461s
epoch   2  ltr=3.1161(6%)  case=0.6963(53%)  recon=0.0205  recode=0.0204  content=0.6490  guide=-1.2766  void=-1.6258  div=0.0382  hit=16%  lr=0.001000  [40.191427909s]  ETA 4563.767830133s
epoch   3  ltr=2.7009(13%)  case=0.6855(55%)  recon=0.0191  recode=0.0192  content=0.4093  guide=-1.2777  void=-1.7505  div=0.0692  hit=24%  lr=0.000999  [41.393339502s]  ETA 4488.483258883s
epoch   4  ltr=2.3361(22%)  case=0.6588(59%)  recon=0.0174  recode=0.0180  content=0.3615  guide=-1.2807  void=-1.8112  div=0.0364  hit=27%  lr=0.000998  [40.882426363s]  ETA 4364.616685867s
epoch   5  ltr=1.9035(34%)  case=0.6329(63%)  recon=0.0161  recode=0.0168  content=0.2311  guide=-1.2829  void=-1.8070  div=0.0267  hit=28%  lr=0.000996  [40.508273314s]  ETA 4265.478324175s
epoch   6  ltr=1.4753(46%)  case=0.6010(68%)  recon=0.0150  recode=0.0158  content=0.3333  guide=-1.2756  void=-1.7741  div=0.0155  hit=27%  lr=0.000994  [40.359265562s]  ETA 4216.456599236s
epoch   7  ltr=1.0161(62%)  case=0.4847(77%)  recon=0.0137  recode=0.0142  content=0.2236  guide=-1.2828  void=-1.7794  div=0.0090  hit=30%  lr=0.000991  [40.23286519s]  ETA 4138.836239781s
epoch   8  ltr=0.7502(72%)  case=0.3662(84%)  recon=0.0127  recode=0.0130  content=0.1792  guide=-1.2844  void=-1.7898  div=0.0086  hit=31%  lr=0.000988  [41.587667037s]  ETA 4085.306133866s
epoch   9  ltr=0.8119(71%)  case=0.3505(85%)  recon=0.0125  recode=0.0125  content=0.2335  guide=-1.2815  void=-1.7877  div=0.0110  hit=30%  lr=0.000984  [41.495720378s]  ETA 4054.671036614s
epoch  10  ltr=0.6000(77%)  case=0.2442(90%)  recon=0.0116  recode=0.0115  content=0.2096  guide=-1.2809  void=-1.8001  div=0.0132  hit=31%  lr=0.000980  [41.28475271s]  ETA 4000.060293674s
epoch  11  ltr=0.5484(79%)  case=0.2035(92%)  recon=0.0114  recode=0.0112  content=0.1748  guide=-1.2850  void=-1.8078  div=0.0151  hit=32%  lr=0.000976  [41.488289154s]  ETA 3965.901088996s
epoch  12  ltr=0.4619(83%)  case=0.1749(93%)  recon=0.0109  recode=0.0106  content=0.2067  guide=-1.2824  void=-1.8202  div=0.0148  hit=32%  lr=0.000970  [40.908780465s]  ETA 3910.418260415s
epoch  13  ltr=0.3707(86%)  case=0.1503(94%)  recon=0.0106  recode=0.0101  content=0.1582  guide=-1.2838  void=-1.8260  div=0.0126  hit=32%  lr=0.000965  [41.012210864s]  ETA 3857.477363843s
epoch  14  ltr=0.3560(86%)  case=0.1555(94%)  recon=0.0104  recode=0.0098  content=0.2086  guide=-1.2830  void=-1.8345  div=0.0137  hit=33%  lr=0.000959  [41.102220707s]  ETA 3818.736774649s
epoch  15  ltr=0.4276(85%)  case=0.1937(93%)  recon=0.0106  recode=0.0100  content=0.2322  guide=-1.2803  void=-1.8418  div=0.0183  hit=33%  lr=0.000952  [40.904744056s]  ETA 3766.695947488s
epoch  16  ltr=0.3915(86%)  case=0.2008(92%)  recon=0.0108  recode=0.0103  content=0.1869  guide=-1.2821  void=-1.8852  div=0.0267  hit=35%  lr=0.000946  [40.286366351s]  ETA 3712.540856302s
epoch  17  ltr=0.3907(86%)  case=0.1920(93%)  recon=0.0107  recode=0.0101  content=0.1763  guide=-1.2831  void=-1.8957  div=0.0265  hit=36%  lr=0.000938  [40.912206408s]  ETA 3672.902538608s
epoch  18  ltr=0.3137(89%)  case=0.1837(93%)  recon=0.0105  recode=0.0096  content=0.1916  guide=-1.2815  void=-1.9164  div=0.0318  hit=37%  lr=0.000930  [40.617481567s]  ETA 3621.902982288s
epoch  19  ltr=0.2404(92%)  case=0.1248(95%)  recon=0.0100  recode=0.0092  content=0.1800  guide=-1.2857  void=-1.9363  div=0.0367  hit=40%  lr=0.000922  [41.206206444s]  ETA 3574.252255289s
epoch  20  ltr=0.2194(93%)  case=0.1149(95%)  recon=0.0098  recode=0.0088  content=0.1801  guide=-1.2843  void=-1.9468  div=0.0330  hit=40%  lr=0.000914  [40.49552919s]  ETA 3532.378856659s
epoch  21  ltr=0.1278(95%)  case=0.0701(97%)  recon=0.0091  recode=0.0079  content=0.1260  guide=-1.2842  void=-1.9563  div=0.0336  hit=41%  lr=0.000905  [40.747657159s]  ETA 3483.489732402s
epoch  22  ltr=0.0998(96%)  case=0.0713(97%)  recon=0.0091  recode=0.0077  content=0.1384  guide=-1.2820  void=-1.9618  div=0.0303  hit=40%  lr=0.000895  [40.859075224s]  ETA 3443.173461069s
epoch  23  ltr=0.0611(98%)  case=0.0518(98%)  recon=0.0086  recode=0.0071  content=0.1329  guide=-1.2834  void=-1.9636  div=0.0278  hit=41%  lr=0.000885  [40.283820013s]  ETA 3393.086724872s
epoch  24  ltr=0.0751(97%)  case=0.0539(98%)  recon=0.0087  recode=0.0072  content=0.1054  guide=-1.2852  void=-1.9728  div=0.0261  hit=42%  lr=0.000875  [40.138667665s]  ETA 3343.426390171s
epoch  25  ltr=0.0583(98%)  case=0.0502(98%)  recon=0.0085  recode=0.0070  content=0.1029  guide=-1.2856  void=-1.9705  div=0.0239  hit=42%  lr=0.000864  [40.003059916s]  ETA 3300.510690451s
epoch  26  ltr=0.0536(98%)  case=0.0450(98%)  recon=0.0083  recode=0.0067  content=0.1152  guide=-1.2847  void=-1.9757  div=0.0212  hit=42%  lr=0.000854  [40.059490112s]  ETA 3251.276181019s
epoch  27  ltr=0.0706(97%)  case=0.0384(98%)  recon=0.0082  recode=0.0066  content=0.1436  guide=-1.2826  void=-1.9766  div=0.0212  hit=42%  lr=0.000842  [40.148388091s]  ETA 3202.814725443s
epoch  28  ltr=0.0474(98%)  case=0.0394(99%)  recon=0.0081  recode=0.0065  content=0.1223  guide=-1.2862  void=-1.9709  div=0.0206  hit=42%  lr=0.000831  [40.028863577s]  ETA 3160.21639313s
epoch  29  ltr=0.0335(99%)  case=0.0344(99%)  recon=0.0078  recode=0.0061  content=0.1036  guide=-1.2857  void=-1.9794  div=0.0189  hit=43%  lr=0.000819  [40.144887801s]  ETA 3112.298617264s
epoch  30  ltr=0.0309(99%)  case=0.0290(99%)  recon=0.0077  recode=0.0060  content=0.0902  guide=-1.2868  void=-1.9792  div=0.0176  hit=41%  lr=0.000806  [39.815398541s]  ETA 3064.152888298s
epoch  31  ltr=0.0310(99%)  case=0.0322(99%)  recon=0.0076  recode=0.0059  content=0.0837  guide=-1.2857  void=-1.9798  div=0.0169  hit=41%  lr=0.000794  [39.78226647s]  ETA 3021.168849591s
epoch  32  ltr=0.0251(99%)  case=0.0276(99%)  recon=0.0073  recode=0.0054  content=0.0645  guide=-1.2867  void=-1.9813  div=0.0155  hit=41%  lr=0.000781  [39.852057003s]  ETA 2973.491651177s
epoch  33  ltr=0.0210(99%)  case=0.0207(99%)  recon=0.0070  recode=0.0051  content=0.0811  guide=-1.2861  void=-1.9856  div=0.0151  hit=41%  lr=0.000768  [39.726931847s]  ETA 2926.041373708s
epoch  34  ltr=0.0301(99%)  case=0.0285(99%)  recon=0.0073  recode=0.0054  content=0.0593  guide=-1.2875  void=-1.9819  div=0.0151  hit=40%  lr=0.000755  [39.97725832s]  ETA 2883.5979766s
epoch  35  ltr=0.0266(99%)  case=0.0214(99%)  recon=0.0072  recode=0.0053  content=0.0552  guide=-1.2872  void=-1.9863  div=0.0151  hit=40%  lr=0.000741  [39.881973796s]  ETA 2836.781210797s
epoch  36  ltr=0.0220(99%)  case=0.0229(99%)  recon=0.0068  recode=0.0049  content=0.0453  guide=-1.2877  void=-1.9848  div=0.0137  hit=39%  lr=0.000727  [39.622396841s]  ETA 2789.84330368s
epoch  37  ltr=0.0212(99%)  case=0.0165(99%)  recon=0.0067  recode=0.0047  content=0.0441  guide=-1.2873  void=-1.9895  div=0.0126  hit=39%  lr=0.000713  [39.810429728s]  ETA 2743.507772355s
epoch  38  ltr=0.0412(99%)  case=0.0313(99%)  recon=0.0072  recode=0.0053  content=0.1081  guide=-1.2853  void=-1.9868  div=0.0161  hit=40%  lr=0.000699  [40.026061126s]  ETA 2701.200279964s
epoch  39  ltr=0.0583(98%)  case=0.0304(99%)  recon=0.0076  recode=0.0059  content=0.1113  guide=-1.2858  void=-1.9804  div=0.0188  hit=43%  lr=0.000684  [39.804106341s]  ETA 2655.131674057s
epoch  40  ltr=0.0186(99%)  case=0.0132(99%)  recon=0.0068  recode=0.0049  content=0.0970  guide=-1.2850  void=-1.9860  div=0.0138  hit=42%  lr=0.000669  [39.89203087s]  ETA 2609.41227293s
epoch  41  ltr=0.0193(99%)  case=0.0223(99%)  recon=0.0065  recode=0.0046  content=0.0661  guide=-1.2870  void=-1.9857  div=0.0108  hit=41%  lr=0.000655  [39.818783242s]  ETA 2566.813860242s
epoch  42  ltr=0.0094(100%)  case=0.0109(100%)  recon=0.0062  recode=0.0041  content=0.0523  guide=-1.2866  void=-1.9876  div=0.0110  hit=42%  lr=0.000639  [39.60483593s]  ETA 2520.903030271s
epoch  43  ltr=0.0172(99%)  case=0.0154(99%)  recon=0.0062  recode=0.0042  content=0.0500  guide=-1.2876  void=-1.9879  div=0.0100  hit=42%  lr=0.000624  [39.640073091s]  ETA 2475.244315425s
epoch  44  ltr=0.0107(100%)  case=0.0115(100%)  recon=0.0059  recode=0.0039  content=0.0403  guide=-1.2870  void=-1.9912  div=0.0089  hit=42%  lr=0.000609  [39.78988861s]  ETA 2432.666913336s
epoch  45  ltr=0.0092(100%)  case=0.0093(100%)  recon=0.0058  recode=0.0036  content=0.0409  guide=-1.2876  void=-1.9926  div=0.0090  hit=40%  lr=0.000594  [39.542491642s]  ETA 2387.084583653s
epoch  46  ltr=0.0068(100%)  case=0.0078(100%)  recon=0.0055  recode=0.0032  content=0.0343  guide=-1.2870  void=-1.9934  div=0.0081  hit=38%  lr=0.000578  [39.771833272s]  ETA 2341.9647265s
epoch  47  ltr=0.0134(100%)  case=0.0117(100%)  recon=0.0057  recode=0.0035  content=0.0327  guide=-1.2879  void=-1.9907  div=0.0085  hit=38%  lr=0.000563  [39.656187525s]  ETA 2299.363415424s
epoch  48  ltr=0.0102(100%)  case=0.0093(100%)  recon=0.0059  recode=0.0037  content=0.0475  guide=-1.2882  void=-1.9891  div=0.0083  hit=39%  lr=0.000547  [39.749842469s]  ETA 2254.383336822s
epoch  49  ltr=0.0064(100%)  case=0.0067(100%)  recon=0.0053  recode=0.0029  content=0.0450  guide=-1.2875  void=-1.9925  div=0.0075  hit=38%  lr=0.000531  [39.955131678s]  ETA 2209.719196908s
epoch  50  ltr=0.0037(100%)  case=0.0031(100%)  recon=0.0050  recode=0.0025  content=0.0352  guide=-1.2878  void=-1.9932  div=0.0069  hit=37%  lr=0.000516  [40.052171455s]  ETA 2167.483834982s
epoch  51  ltr=0.0016(100%)  case=0.0015(100%)  recon=0.0050  recode=0.0025  content=0.0377  guide=-1.2881  void=-1.9943  div=0.0063  hit=36%  lr=0.000500  [39.599650559s]  ETA 2122.857426802s
epoch  52  ltr=0.0135(100%)  case=0.0088(100%)  recon=0.0054  recode=0.0030  content=0.0262  guide=-1.2891  void=-1.9919  div=0.0074  hit=37%  lr=0.000484  [39.844662736s]  ETA 2078.308671438s
epoch  53  ltr=0.0087(100%)  case=0.0094(100%)  recon=0.0054  recode=0.0030  content=0.0306  guide=-1.2877  void=-1.9934  div=0.0080  hit=38%  lr=0.000469  [39.803664726s]  ETA 2035.783949978s
epoch  54  ltr=0.0033(100%)  case=0.0019(100%)  recon=0.0052  recode=0.0028  content=0.0215  guide=-1.2896  void=-1.9899  div=0.0076  hit=36%  lr=0.000453  [39.832606095s]  ETA 1991.341503399s
epoch  55  ltr=0.0048(100%)  case=0.0059(100%)  recon=0.0051  recode=0.0027  content=0.0271  guide=-1.2885  void=-1.9933  div=0.0066  hit=36%  lr=0.000437  [39.80016981s]  ETA 1946.95866381s
epoch  56  ltr=0.0062(100%)  case=0.0042(100%)  recon=0.0051  recode=0.0026  content=0.0358  guide=-1.2879  void=-1.9948  div=0.0070  hit=38%  lr=0.000422  [40.106474068s]  ETA 1904.638717481s
epoch  57  ltr=0.0011(100%)  case=0.0012(100%)  recon=0.0046  recode=0.0019  content=0.0243  guide=-1.2888  void=-1.9938  div=0.0052  hit=35%  lr=0.000406  [39.588147626s]  ETA 1860.1907748s
epoch  58  ltr=0.0010(100%)  case=0.0009(100%)  recon=0.0047  recode=0.0020  content=0.0322  guide=-1.2885  void=-1.9946  div=0.0053  hit=34%  lr=0.000391  [39.619923364s]  ETA 1815.84644279s
epoch  59  ltr=0.0009(100%)  case=0.0009(100%)  recon=0.0046  recode=0.0018  content=0.0365  guide=-1.2884  void=-1.9946  div=0.0054  hit=34%  lr=0.000376  [39.625937968s]  ETA 1773.12627876s
epoch  60  ltr=0.0029(100%)  case=0.0025(100%)  recon=0.0047  recode=0.0019  content=0.0261  guide=-1.2882  void=-1.9957  div=0.0056  hit=34%  lr=0.000361  [39.775346112s]  ETA 1729.016482353s
epoch  61  ltr=0.0001(100%)  case=0.0000(100%)  recon=0.0044  recode=0.0014  content=0.0292  guide=-1.2887  void=-1.9955  div=0.0045  hit=32%  lr=0.000345  [39.857525687s]  ETA 1685.013880702s
epoch  62  ltr=0.0018(100%)  case=0.0021(100%)  recon=0.0044  recode=0.0015  content=0.0282  guide=-1.2891  void=-1.9932  div=0.0046  hit=32%  lr=0.000331  [40.009422848s]  ETA 1642.503974099s
epoch  63  ltr=0.0019(100%)  case=0.0018(100%)  recon=0.0044  recode=0.0014  content=0.0253  guide=-1.2885  void=-1.9957  div=0.0044  hit=31%  lr=0.000316  [39.902059677s]  ETA 1598.607285295s
epoch  64  ltr=0.0013(100%)  case=0.0012(100%)  recon=0.0044  recode=0.0015  content=0.0267  guide=-1.2888  void=-1.9957  div=0.0046  hit=32%  lr=0.000301  [39.975134146s]  ETA 1554.795385659s
epoch  65  ltr=0.0012(100%)  case=0.0011(100%)  recon=0.0044  recode=0.0014  content=0.0285  guide=-1.2886  void=-1.9956  div=0.0046  hit=31%  lr=0.000287  [39.906706313s]  ETA 1512.167584199s
epoch  66  ltr=0.0001(100%)  case=0.0000(100%)  recon=0.0043  recode=0.0011  content=0.0289  guide=-1.2894  void=-1.9943  div=0.0040  hit=31%  lr=0.000273  [39.806150334s]  ETA 1468.331690738s
epoch  67  ltr=0.0021(100%)  case=0.0021(100%)  recon=0.0043  recode=0.0012  content=0.0261  guide=-1.2892  void=-1.9953  div=0.0040  hit=30%  lr=0.000259  [39.70283197s]  ETA 1424.487936216s
epoch  68  ltr=0.0001(100%)  case=0.0000(100%)  recon=0.0042  recode=0.0010  content=0.0239  guide=-1.2887  void=-1.9965  div=0.0038  hit=30%  lr=0.000245  [39.707573676s]  ETA 1381.727902693s
epoch  69  ltr=0.0001(100%)  case=0.0001(100%)  recon=0.0042  recode=0.0010  content=0.0243  guide=-1.2891  void=-1.9962  div=0.0037  hit=30%  lr=0.000232  [39.746503454s]  ETA 1337.983069897s
epoch  70  ltr=0.0001(100%)  case=0.0000(100%)  recon=0.0042  recode=0.0011  content=0.0270  guide=-1.2889  void=-1.9961  div=0.0036  hit=29%  lr=0.000219  [39.578660029s]  ETA 1294.206662178s
epoch  71  ltr=0.0001(100%)  case=0.0001(100%)  recon=0.0042  recode=0.0010  content=0.0272  guide=-1.2892  void=-1.9963  div=0.0035  hit=29%  lr=0.000206  [39.967000521s]  ETA 1251.530918706s
epoch  72  ltr=0.0004(100%)  case=0.0002(100%)  recon=0.0042  recode=0.0011  content=0.0278  guide=-1.2891  void=-1.9960  div=0.0036  hit=29%  lr=0.000194  [39.668607092s]  ETA 1207.861429334s
epoch  73  ltr=0.0004(100%)  case=0.0002(100%)  recon=0.0041  recode=0.0009  content=0.0209  guide=-1.2889  void=-1.9961  div=0.0034  hit=29%  lr=0.000181  [39.890405788s]  ETA 1164.317556959s
epoch  74  ltr=0.0001(100%)  case=0.0000(100%)  recon=0.0041  recode=0.0008  content=0.0177  guide=-1.2896  void=-1.9950  div=0.0033  hit=29%  lr=0.000169  [39.624609063s]  ETA 1121.477279786s
epoch  75  ltr=0.0000(100%)  case=0.0000(100%)  recon=0.0040  recode=0.0006  content=0.0132  guide=-1.2892  void=-1.9966  div=0.0030  hit=28%  lr=0.000158  [39.658862136s]  ETA 1077.908252637s
epoch  76  ltr=0.0001(100%)  case=0.0000(100%)  recon=0.0040  recode=0.0007  content=0.0118  guide=-1.2892  void=-1.9968  div=0.0030  hit=28%  lr=0.000146  [39.505373024s]  ETA 1034.329075437s
epoch  77  ltr=0.0000(100%)  case=0.0000(100%)  recon=0.0040  recode=0.0007  content=0.0168  guide=-1.2898  void=-1.9948  div=0.0030  hit=28%  lr=0.000136  [39.639731695s]  ETA 991.481404673s
epoch  78  ltr=0.0000(100%)  case=0.0000(100%)  recon=0.0039  recode=0.0006  content=0.0224  guide=-1.2892  void=-1.9959  div=0.0029  hit=27%  lr=0.000125  [39.666382203s]  ETA 948.013997151s
epoch  79  ltr=0.0000(100%)  case=0.0000(100%)  recon=0.0039  recode=0.0005  content=0.0114  guide=-1.2893  void=-1.9968  div=0.0027  hit=27%  lr=0.000115  [39.591456966s]  ETA 904.56187193s
epoch  80  ltr=0.0000(100%)  case=0.0000(100%)  recon=0.0039  recode=0.0005  content=0.0133  guide=-1.2894  void=-1.9967  div=0.0026  hit=27%  lr=0.000105  [39.684575624s]  ETA 861.168382704s
epoch  81  ltr=0.0000(100%)  case=0.0000(100%)  recon=0.0039  recode=0.0006  content=0.0094  guide=-1.2894  void=-1.9968  div=0.0027  hit=27%  lr=0.000095  [39.632129225s]  ETA 818.323362406s
epoch  82  ltr=0.0000(100%)  case=0.0000(100%)  recon=0.0039  recode=0.0005  content=0.0136  guide=-1.2899  void=-1.9956  div=0.0025  hit=26%  lr=0.000086  [39.590399656s]  ETA 774.960003167s
epoch  83  ltr=0.0000(100%)  case=0.0000(100%)  recon=0.0039  recode=0.0005  content=0.0109  guide=-1.2893  void=-1.9969  div=0.0024  hit=26%  lr=0.000078  [39.557674936s]  ETA 731.622823072s
epoch  84  ltr=0.0000(100%)  case=0.0000(100%)  recon=0.0039  recode=0.0004  content=0.0066  guide=-1.2895  void=-1.9970  div=0.0023  hit=26%  lr=0.000070  [39.661179066s]  ETA 688.768195516s
epoch  85  ltr=0.0000(100%)  case=0.0000(100%)  recon=0.0038  recode=0.0004  content=0.0093  guide=-1.2895  void=-1.9969  div=0.0023  hit=26%  lr=0.000062  [39.762864034s]  ETA 645.525388872s
epoch  86  ltr=0.0000(100%)  case=0.0000(100%)  recon=0.0038  recode=0.0004  content=0.0072  guide=-1.2895  void=-1.9971  div=0.0022  hit=25%  lr=0.000054  [39.609976464s]  ETA 602.27537311s
epoch  87  ltr=0.0001(100%)  case=0.0000(100%)  recon=0.0038  recode=0.0004  content=0.0071  guide=-1.2895  void=-1.9969  div=0.0022  hit=26%  lr=0.000048  [39.705841333s]  ETA 559.410571441s
epoch  88  ltr=0.0000(100%)  case=0.0000(100%)  recon=0.0038  recode=0.0004  content=0.0094  guide=-1.2895  void=-1.9971  div=0.0022  hit=26%  lr=0.000041  [39.689516988s]  ETA 516.223630006s
epoch  89  ltr=0.0000(100%)  case=0.0000(100%)  recon=0.0038  recode=0.0004  content=0.0102  guide=-1.2895  void=-1.9969  div=0.0022  hit=26%  lr=0.000035  [39.545110014s]  ETA 473.036583475s
epoch  90  ltr=0.0000(100%)  case=0.0000(100%)  recon=0.0038  recode=0.0004  content=0.0077  guide=-1.2897  void=-1.9969  div=0.0021  hit=25%  lr=0.000030  [39.642941519s]  ETA 430.145384841s
epoch  91  ltr=0.0000(100%)  case=0.0000(100%)  recon=0.0038  recode=0.0003  content=0.0073  guide=-1.2897  void=-1.9970  div=0.0020  hit=25%  lr=0.000024  [39.577807594s]  ETA 387.009643432s
epoch  92  ltr=0.0000(100%)  case=0.0000(100%)  recon=0.0038  recode=0.0003  content=0.0064  guide=-1.2897  void=-1.9970  div=0.0020  hit=25%  lr=0.000020  [39.509237734s]  ETA 343.8890668s
epoch  93  ltr=0.0000(100%)  case=0.0000(100%)  recon=0.0038  recode=0.0003  content=0.0065  guide=-1.2897  void=-1.9970  div=0.0020  hit=25%  lr=0.000016  [39.668373733s]  ETA 300.982853682s
epoch  94  ltr=0.0000(100%)  case=0.0000(100%)  recon=0.0038  recode=0.0003  content=0.0058  guide=-1.2897  void=-1.9971  div=0.0020  hit=25%  lr=0.000012  [39.617424702s]  ETA 257.910667617s
epoch  95  ltr=0.0000(100%)  case=0.0000(100%)  recon=0.0038  recode=0.0003  content=0.0071  guide=-1.2897  void=-1.9971  div=0.0019  hit=25%  lr=0.000009  [39.597866589s]  ETA 214.859023496s
epoch  96  ltr=0.0000(100%)  case=0.0000(100%)  recon=0.0038  recode=0.0003  content=0.0060  guide=-1.2897  void=-1.9971  div=0.0019  hit=25%  lr=0.000006  [39.845714894s]  ETA 171.939438353s
epoch  97  ltr=0.0000(100%)  case=0.0000(100%)  recon=0.0038  recode=0.0003  content=0.0058  guide=-1.2897  void=-1.9971  div=0.0019  hit=25%  lr=0.000004  [39.94237384s]  ETA 128.928012931s
epoch  98  ltr=0.0000(100%)  case=0.0000(100%)  recon=0.0038  recode=0.0003  content=0.0061  guide=-1.2897  void=-1.9971  div=0.0019  hit=25%  lr=0.000002  [39.447492184s]  ETA 85.923944838s
epoch  99  ltr=0.0000(100%)  case=0.0000(100%)  recon=0.0038  recode=0.0003  content=0.0053  guide=-1.2897  void=-1.9971  div=0.0019  hit=25%  lr=0.000001  [39.614585978s]  ETA 42.972432146s
epoch 100  ltr=0.0000(100%)  case=0.0000(100%)  recon=0.0038  recode=0.0003  content=0.0054  guide=-1.2897  void=-1.9971  div=0.0019  hit=25%  lr=0.000000  [39.616151718s]  ETA 0ns
